08-01 18:20:48.840  2802  5255 I service_manager_stats: [100,81,20167]
08-01 18:20:49.043   596   596 I auditd  : avc:  denied  { find } for pid=2802 uid=1000 name=tethering scontext=u:r:color_system_service_app:s0 tcontext=u:object_r:tethering_service:s0 tclass=service_manager permissive=0
08-01 18:21:08.790   596   596 I chatty  : uid=1000(system) /system/bin/servicemanager identical 98 lines
08-01 18:21:08.991   596   596 I auditd  : avc:  denied  { find } for pid=2802 uid=1000 name=tethering scontext=u:r:color_system_service_app:s0 tcontext=u:object_r:tethering_service:s0 tclass=service_manager permissive=0
08-01 18:21:08.991  2802  5255 I service_manager_stats: [100,81,20151]
08-01 18:21:09.192   596   596 I auditd  : avc:  denied  { find } for pid=2802 uid=1000 name=tethering scontext=u:r:color_system_service_app:s0 tcontext=u:object_r:tethering_service:s0 tclass=service_manager permissive=0
08-01 18:21:14.020   596   596 I chatty  : uid=1000(system) /system/bin/servicemanager identical 24 lines
08-01 18:21:14.221   596   596 I auditd  : avc:  denied  { find } for pid=2802 uid=1000 name=tethering scontext=u:r:color_system_service_app:s0 tcontext=u:object_r:tethering_service:s0 tclass=service_manager permissive=0
08-01 18:21:14.234  1662  1662 I notification_enqueue: [1000,7945,com.coloros.logkit,1,NULL,0,Notification(channel=LOGKIT_CHANNEL shortcut=null contentView=null vibrate=null sound=null defaults=0x0 flags=0x22 color=0x00000000 vis=PRIVATE),1]
08-01 18:21:14.422   596   596 I auditd  : avc:  denied  { find } for pid=2802 uid=1000 name=tethering scontext=u:r:color_system_service_app:s0 tcontext=u:object_r:tethering_service:s0 tclass=service_manager permissive=0
08-01 18:21:28.923   596   596 I chatty  : uid=1000(system) /system/bin/servicemanager identical 72 lines
08-01 18:21:29.124   596   596 I auditd  : avc:  denied  { find } for pid=2802 uid=1000 name=tethering scontext=u:r:color_system_service_app:s0 tcontext=u:object_r:tethering_service:s0 tclass=service_manager permissive=0
08-01 18:21:29.125  2802  5255 I service_manager_stats: [100,83,20133]
08-01 18:21:29.326   596   596 I auditd  : avc:  denied  { find } for pid=2802 uid=1000 name=tethering scontext=u:r:color_system_service_app:s0 tcontext=u:object_r:tethering_service:s0 tclass=service_manager permissive=0
08-01 18:21:49.051   596   596 I chatty  : uid=1000(system) /system/bin/servicemanager identical 98 lines
08-01 18:21:49.254   596   596 I auditd  : avc:  denied  { find } for pid=2802 uid=1000 name=tethering scontext=u:r:color_system_service_app:s0 tcontext=u:object_r:tethering_service:s0 tclass=service_manager permissive=0
08-01 18:21:49.254  2802  5255 I service_manager_stats: [100,83,20130]
08-01 18:21:49.457   596   596 I auditd  : avc:  denied  { find } for pid=2802 uid=1000 name=tethering scontext=u:r:color_system_service_app:s0 tcontext=u:object_r:tethering_service:s0 tclass=service_manager permissive=0
08-01 18:22:02.941   596   596 I chatty  : uid=1000(system) /system/bin/servicemanager identical 67 lines
08-01 18:22:03.142   596   596 I auditd  : avc:  denied  { find } for pid=2802 uid=1000 name=tethering scontext=u:r:color_system_service_app:s0 tcontext=u:object_r:tethering_service:s0 tclass=service_manager permissive=0
08-01 18:22:03.160  2735  2775 I service_manager_stats: [100,77,200587]
08-01 18:22:03.344   596   596 I auditd  : avc:  denied  { find } for pid=2802 uid=1000 name=tethering scontext=u:r:color_system_service_app:s0 tcontext=u:object_r:tethering_service:s0 tclass=service_manager permissive=0
08-01 18:22:09.179   596   596 I chatty  : uid=1000(system) /system/bin/servicemanager identical 29 lines
08-01 18:22:09.380   596   596 I auditd  : avc:  denied  { find } for pid=2802 uid=1000 name=tethering scontext=u:r:color_system_service_app:s0 tcontext=u:object_r:tethering_service:s0 tclass=service_manager permissive=0
08-01 18:22:09.380  2802  5255 I service_manager_stats: [100,83,20126]
08-01 18:22:09.581   596   596 I auditd  : avc:  denied  { find } for pid=2802 uid=1000 name=tethering scontext=u:r:color_system_service_app:s0 tcontext=u:object_r:tethering_service:s0 tclass=service_manager permissive=0
08-01 18:22:14.005   596   596 I chatty  : uid=1000(system) /system/bin/servicemanager identical 22 lines
08-01 18:22:14.206   596   596 I auditd  : avc:  denied  { find } for pid=2802 uid=1000 name=tethering scontext=u:r:color_system_service_app:s0 tcontext=u:object_r:tethering_service:s0 tclass=service_manager permissive=0
08-01 18:22:14.244  1662  1662 I notification_enqueue: [1000,7945,com.coloros.logkit,1,NULL,0,Notification(channel=LOGKIT_CHANNEL shortcut=null contentView=null vibrate=null sound=null defaults=0x0 flags=0x22 color=0x00000000 vis=PRIVATE),1]
08-01 18:22:14.407   596   596 I auditd  : avc:  denied  { find } for pid=2802 uid=1000 name=tethering scontext=u:r:color_system_service_app:s0 tcontext=u:object_r:tethering_service:s0 tclass=service_manager permissive=0
08-01 18:22:29.290   596   596 I chatty  : uid=1000(system) /system/bin/servicemanager identical 74 lines
08-01 18:22:29.491   596   596 I auditd  : avc:  denied  { find } for pid=2802 uid=1000 name=tethering scontext=u:r:color_system_service_app:s0 tcontext=u:object_r:tethering_service:s0 tclass=service_manager permissive=0
08-01 18:22:29.491  2802  5255 I service_manager_stats: [100,82,20111]
08-01 18:22:29.692   596   596 I auditd  : avc:  denied  { find } for pid=2802 uid=1000 name=tethering scontext=u:r:color_system_service_app:s0 tcontext=u:object_r:tethering_service:s0 tclass=service_manager permissive=0
08-01 18:22:49.402   596   596 I chatty  : uid=1000(system) /system/bin/servicemanager identical 98 lines
08-01 18:22:49.603   596   596 I auditd  : avc:  denied  { find } for pid=2802 uid=1000 name=tethering scontext=u:r:color_system_service_app:s0 tcontext=u:object_r:tethering_service:s0 tclass=service_manager permissive=0
08-01 18:22:49.604  2802  5255 I service_manager_stats: [100,80,20112]
08-01 18:22:49.805   596   596 I auditd  : avc:  denied  { find } for pid=2802 uid=1000 name=tethering scontext=u:r:color_system_service_app:s0 tcontext=u:object_r:tethering_service:s0 tclass=service_manager permissive=0
08-01 18:23:09.522   596   596 I chatty  : uid=1000(system) /system/bin/servicemanager identical 98 lines
08-01 18:23:09.723   596   596 I auditd  : avc:  denied  { find } for pid=2802 uid=1000 name=tethering scontext=u:r:color_system_service_app:s0 tcontext=u:object_r:tethering_service:s0 tclass=service_manager permissive=0
08-01 18:23:09.723  2802  5255 I service_manager_stats: [100,83,20120]
08-01 18:23:09.924   596   596 I auditd  : avc:  denied  { find } for pid=2802 uid=1000 name=tethering scontext=u:r:color_system_service_app:s0 tcontext=u:object_r:tethering_service:s0 tclass=service_manager permissive=0
08-01 18:23:13.946   596   596 I chatty  : uid=1000(system) /system/bin/servicemanager identical 20 lines
08-01 18:23:14.147   596   596 I auditd  : avc:  denied  { find } for pid=2802 uid=1000 name=tethering scontext=u:r:color_system_service_app:s0 tcontext=u:object_r:tethering_service:s0 tclass=service_manager permissive=0
08-01 18:23:14.253  1662  1662 I notification_enqueue: [1000,7945,com.coloros.logkit,1,NULL,0,Notification(channel=LOGKIT_CHANNEL shortcut=null contentView=null vibrate=null sound=null defaults=0x0 flags=0x22 color=0x00000000 vis=PRIVATE),1]
08-01 18:23:14.348   596   596 I auditd  : avc:  denied  { find } for pid=2802 uid=1000 name=tethering scontext=u:r:color_system_service_app:s0 tcontext=u:object_r:tethering_service:s0 tclass=service_manager permissive=0
08-01 18:23:15.153   596   596 I chatty  : uid=1000(system) /system/bin/servicemanager identical 4 lines
08-01 18:23:15.354   596   596 I auditd  : avc:  denied  { find } for pid=2802 uid=1000 name=tethering scontext=u:r:color_system_service_app:s0 tcontext=u:object_r:tethering_service:s0 tclass=service_manager permissive=0
08-01 18:23:15.512  1662  2562 I commit_sys_config_file: [settings-0-0,9]
08-01 18:23:15.555   596   596 I auditd  : avc:  denied  { find } for pid=2802 uid=1000 name=tethering scontext=u:r:color_system_service_app:s0 tcontext=u:object_r:tethering_service:s0 tclass=service_manager permissive=0
08-01 18:23:29.694   596   596 I chatty  : uid=1000(system) /system/bin/servicemanager identical 70 lines
08-01 18:23:29.897   596   596 I auditd  : avc:  denied  { find } for pid=2802 uid=1000 name=tethering scontext=u:r:color_system_service_app:s0 tcontext=u:object_r:tethering_service:s0 tclass=service_manager permissive=0
08-01 18:23:29.897  2802  5255 I service_manager_stats: [100,85,20174]
08-01 18:23:30.099   596   596 I auditd  : avc:  denied  { find } for pid=2802 uid=1000 name=tethering scontext=u:r:color_system_service_app:s0 tcontext=u:object_r:tethering_service:s0 tclass=service_manager permissive=0
08-01 18:23:49.874   596   596 I chatty  : uid=1000(system) /system/bin/servicemanager identical 98 lines
08-01 18:23:50.077   596   596 I auditd  : avc:  denied  { find } for pid=2802 uid=1000 name=tethering scontext=u:r:color_system_service_app:s0 tcontext=u:object_r:tethering_service:s0 tclass=service_manager permissive=0
08-01 18:23:50.077  2802  5255 I service_manager_stats: [100,84,20180]
08-01 18:23:50.278   596   596 I auditd  : avc:  denied  { find } for pid=2802 uid=1000 name=tethering scontext=u:r:color_system_service_app:s0 tcontext=u:object_r:tethering_service:s0 tclass=service_manager permissive=0
08-01 18:23:53.502   596   596 I chatty  : uid=1000(system) /system/bin/servicemanager identical 16 lines
08-01 18:23:53.703   596   596 I auditd  : avc:  denied  { find } for pid=2802 uid=1000 name=tethering scontext=u:r:color_system_service_app:s0 tcontext=u:object_r:tethering_service:s0 tclass=service_manager permissive=0
08-01 18:23:53.713   596   596 I auditd  : avc:  denied  { find } for pid=4155 uid=10183 name=hypnus scontext=u:r:platform_app:s0:c512,c768 tcontext=u:object_r:default_android_service:s0 tclass=service_manager permissive=0
08-01 18:23:53.904   596   596 I auditd  : avc:  denied  { find } for pid=2802 uid=1000 name=tethering scontext=u:r:color_system_service_app:s0 tcontext=u:object_r:tethering_service:s0 tclass=service_manager permissive=0
08-01 18:23:55.110   596   596 I chatty  : uid=1000(system) /system/bin/servicemanager identical 6 lines
08-01 18:23:55.311   596   596 I auditd  : avc:  denied  { find } for pid=2802 uid=1000 name=tethering scontext=u:r:color_system_service_app:s0 tcontext=u:object_r:tethering_service:s0 tclass=service_manager permissive=0
08-01 18:23:55.347  1662  2586 I intercept_power: [ACTION_DOWN,1,0]
08-01 18:23:55.392  1662  2024 I sysui_multi_action: [757,1696,758,6,759,3]
08-01 18:23:55.407  1662  1928 I am_wtf  : [0,1662,system_server,-1,BatteryStatsImpl,All kernel wakelocks were set stale. new version=67]
08-01 18:23:55.443  1662  1662 I screen_toggled: 1
08-01 18:23:55.448  1662  1662 I power_screen_broadcast_send: 1
08-01 18:23:55.469  1662  2586 I intercept_power: [ACTION_UP,1,0]
08-01 18:23:55.472  1662  3504 I sysui_multi_action: [757,127,758,1]
08-01 18:23:55.472  1662  3504 I sysui_multi_action: [757,804,799,note_load,801,1,802,1]
08-01 18:23:55.472  1662  3504 I notification_panel_revealed: 1
08-01 18:23:55.494  1662  1910 I am_pss  : [9848,10287,com.test.demo,30451712,6987776,19621888,118665216,0,15,6]
08-01 18:23:55.505  1662  1910 I am_pss  : [11113,10237,com.coloros.gamespaceui,18592768,16539648,0,136646656,0,19,5]
08-01 18:23:55.516   596   596 I auditd  : avc:  denied  { find } for pid=2802 uid=1000 name=tethering scontext=u:r:color_system_service_app:s0 tcontext=u:object_r:tethering_service:s0 tclass=service_manager permissive=0
08-01 18:23:55.518  1662  3249 I sysui_multi_action: [757,803,799,fingerprintd_openhal_error,802,1]
08-01 18:23:55.528  1662  1910 I am_pss  : [9769,10201,com.google.process.gservices,7448576,5476352,0,124313600,0,19,5]
08-01 18:23:55.538  1662  4939 I sysui_multi_action: [757,803,799,fingerprintd_openhal_error,802,1]
08-01 18:23:55.538  3300  3300 I service_manager_stats: [100,63,1247283]
08-01 18:23:55.542  1662  1910 I am_pss  : [9630,10190,com.qualcomm.qti.qccauthmgr,5821440,4108288,0,112025600,0,19,5]
08-01 18:23:55.552  1662  1910 I am_pss  : [9605,1000,com.qualcomm.qti.qdma,7790592,5734400,0,123527168,0,10,5]
08-01 18:23:55.560  1662  1910 I am_pss  : [7945,1000,com.coloros.logkit.corservice.LogCoreService,14835712,12455936,0,133890048,0,4,5]
08-01 18:23:55.565  1662  1662 I battery_saving_stats: [0,0,1,874218,0,0,874218,0,0]
08-01 18:23:55.566  1662  1910 I am_pss  : [7437,10181,com.qualcomm.telephony,5542912,3915776,0,108916736,0,10,5]
08-01 18:23:55.638  1662  1662 I sysui_multi_action: [757,198,758,1,759,1,1359,292,1694,1]
08-01 18:23:55.638  1662  1662 I power_screen_state: [1,0,0,0,292]
08-01 18:23:55.643  1662  2760 I sysui_multi_action: [757,803,799,fingerprintd_openhal_error,802,1]
08-01 18:23:55.655  3300  3300 I liblog  : 7
08-01 18:23:55.675  1662  4937 I sysui_multi_action: [757,803,799,fingerprintd_openhal_error,802,1]
08-01 18:23:55.720   596   596 I auditd  : avc:  denied  { find } for pid=2802 uid=1000 name=tethering scontext=u:r:color_system_service_app:s0 tcontext=u:object_r:tethering_service:s0 tclass=service_manager permissive=0
08-01 18:23:55.912  1662  1662 I power_screen_broadcast_done: [1,465,1]
08-01 18:23:55.928   596   596 I auditd  : avc:  denied  { find } for pid=2802 uid=1000 name=tethering scontext=u:r:color_system_service_app:s0 tcontext=u:object_r:tethering_service:s0 tclass=service_manager permissive=0
08-01 18:23:55.940  2836  2836 I sysui_multi_action: [757,804,799,falsing_success_after_attempts,801,1,802,1]
08-01 18:23:55.940  2836  2836 I sysui_multi_action: [757,186,758,4,826,106,827,3868]
08-01 18:23:55.940  2836  2836 I sysui_lockscreen_gesture: [1,106,3868]
08-01 18:23:55.940  2836  2836 I sysui_multi_action: [757,804,799,falsing_success_after_attempts,801,1,802,1]
08-01 18:23:56.077  1662  2621 I sysui_multi_action: [757,127,758,2]
08-01 18:23:56.077  1662  2621 I notification_panel_hidden: 
08-01 18:23:56.078  2836  2836 I sysui_multi_action: [757,197,758,5,759,0]
08-01 18:23:56.080  1662  3504 I wm_set_keyguard_shown: [1,0,1,keyguardGoingAway]
08-01 18:23:56.085  1662  3504 I wm_set_resumed_activity: [0,com.oppo.launcher/.Launcher,resumeTopActivityInnerLocked]
08-01 18:23:56.087  1662  3504 I wm_resume_activity: [0,210442508,2,com.oppo.launcher/.Launcher]
08-01 18:23:56.107  3344  3344 I wm_on_restart_called: [210442508,com.oppo.launcher.Launcher,performRestartActivity]
08-01 18:23:56.109  3344  3344 I wm_on_start_called: [210442508,com.oppo.launcher.Launcher,handleStartActivity]
08-01 18:23:56.111  3344  3344 I wm_on_resume_called: [210442508,com.oppo.launcher.Launcher,RESUME_ACTIVITY]
08-01 18:23:56.111  3344  3344 I wm_on_top_resumed_gained_called: [210442508,com.oppo.launcher.Launcher,topWhenResuming]
08-01 18:23:56.128   596   596 I auditd  : avc:  denied  { find } for pid=2802 uid=1000 name=tethering scontext=u:r:color_system_service_app:s0 tcontext=u:object_r:tethering_service:s0 tclass=service_manager permissive=0
08-01 18:23:56.129  1662  2562 I commit_sys_config_file: [settings-1-0,11]
08-01 18:23:56.163  2836  2836 I sysui_multi_action: [757,111,758,2]
08-01 18:23:56.169  2836  2836 I sysui_multi_action: [757,196,758,2,759,0]
08-01 18:23:56.169  2836  2836 I sysui_status_bar_state: [0,0,0,0,0,1]
08-01 18:23:56.196  1662  1864 I user_activity_timeout_override: -1
08-01 18:23:56.223  1662  3504 I wm_set_keyguard_shown: [0,0,1,setKeyguardShown]
08-01 18:23:56.234  1662  1864 I device_idle: [0,unlocked]
08-01 18:23:56.238  1662  1864 I device_idle_light: [0,unlocked]
08-01 18:23:56.329   596   596 I auditd  : avc:  denied  { find } for pid=2802 uid=1000 name=tethering scontext=u:r:color_system_service_app:s0 tcontext=u:object_r:tethering_service:s0 tclass=service_manager permissive=0
08-01 18:23:56.529   596   596 I auditd  : avc:  denied  { find } for pid=2802 uid=1000 name=tethering scontext=u:r:color_system_service_app:s0 tcontext=u:object_r:tethering_service:s0 tclass=service_manager permissive=0
08-01 18:23:56.610  1662  1910 I am_meminfo: [1980612608,1671847936,12849152,629387264,778569728]
08-01 18:23:56.617  1662  1910 I am_pss  : [3551,1000,com.coloros.notificationmanager,16944128,14442496,2048,137801728,1,3,6]
08-01 18:23:56.623  1662  1910 I am_pss  : [5107,10150,com.coloros.weather.service,11920384,6930432,20480,110321664,1,3,5]
08-01 18:23:56.632  1662  1910 I am_pss  : [4826,10112,com.coloros.assistantscreen,67162112,26902528,34304000,139874304,1,3,7]
08-01 18:23:56.642  1662  1910 I am_pss  : [7780,10261,com.tencent.mm,101134336,92942336,0,237441024,1,19,9]
08-01 18:23:56.649  1662  1910 I am_pss  : [3926,10109,com.coloros.exserviceui,9523200,6623232,0,131682304,1,6,5]
08-01 18:23:56.657  1662  1910 I am_pss  : [4541,1000,com.coloros.smartsidebar:edgepanel,15614976,12427264,0,146505728,1,5,6]
08-01 18:23:56.663  1662  1910 I am_pss  : [4947,10109,com.coloros.exserviceui:ZoomAppControlService,6205440,4186112,0,112992256,1,6,5]
08-01 18:23:56.670  1662  1910 I am_pss  : [4580,1000,com.coloros.gamespace,16188416,13565952,0,140345344,1,6,5]
08-01 18:23:56.677  1662  1910 I am_pss  : [4705,1000,com.coloros.safecenter:clear_filter,9433088,6828032,0,129626112,1,3,6]
08-01 18:23:56.686  1662  1910 I am_pss  : [4021,10201,com.google.android.gms.persistent,46979072,31346688,0,196177920,1,5,8]
08-01 18:23:56.697  1662  1910 I am_pss  : [3439,1000,com.coloros.persist.system,79106048,74407936,0,214536192,1,3,8]
08-01 18:23:56.706  1662  1910 I am_pss  : [4117,1000,com.coloros.deepthinker,22364160,18784256,270336,143892480,1,3,6]
08-01 18:23:56.713  1662  1910 I am_pss  : [5195,1000,com.heytap.openid,8450048,6414336,0,127184896,1,3,5]
08-01 18:23:56.719  1662  1910 I am_pss  : [8833,10135,com.oppo.ctautoregist,5860352,4177920,0,111128576,1,19,5]
08-01 18:23:56.727  1662  1910 I am_pss  : [8637,1000,com.testDeepSleep,27302912,7872512,16249856,115015680,1,16,6]
08-01 18:23:56.730   596   596 I auditd  : avc:  denied  { find } for pid=2802 uid=1000 name=tethering scontext=u:r:color_system_service_app:s0 tcontext=u:object_r:tethering_service:s0 tclass=service_manager permissive=0
08-01 18:23:56.735  1662  1910 I am_pss  : [4155,10183,com.coloros.gesture,14563328,11173888,0,148537344,1,6,6]
08-01 18:23:56.742  1662  1910 I am_pss  : [6334,10080,com.android.providers.downloads,7698432,5746688,0,120958976,1,19,6]
08-01 18:23:56.748  1662  1910 I am_pss  : [8418,10092,android.process.contacts,14966784,8933376,4096,119738368,1,19,5]
08-01 18:23:56.755  1662  1910 I am_pss  : [4079,10077,android.process.acore,23483392,8073216,10455040,108412928,1,19,5]
08-01 18:23:56.762  1662  1910 I am_pss  : [7164,1000,com.coloros.sau,8748032,6455296,0,128626688,1,10,6]
08-01 18:23:56.769  1662  1910 I am_pss  : [3506,10222,com.google.android.ext.services,10988544,6922240,0,131567616,1,5,6]
08-01 18:23:56.776  1662  1910 I am_pss  : [8270,10083,com.coloros.sceneservice,8850432,6897664,0,125714432,1,19,6]
08-01 18:23:56.784  1662  1910 I am_pss  : [7403,10201,com.google.android.gms.unstable,25804800,16064512,0,167645184,1,19,7]
08-01 18:23:56.791  1662  3504 I wm_task_created: [222,-1]
08-01 18:23:56.791  1662  1910 I am_pss  : [4486,10227,com.google.android.providers.media.module,14661632,12042240,0,140009472,1,0,6]
08-01 18:23:56.791  1662  3504 I wm_stack_created: 222
08-01 18:23:56.797  1662  1910 I am_pss  : [7945,1000,com.coloros.logkit.corservice.LogCoreService,14834688,12455936,0,133890048,1,4,5]
08-01 18:23:56.800  1662  3504 I wm_create_task: [0,222]
08-01 18:23:56.800  1662  3504 I wm_create_activity: [0,182350633,222,com.android.contacts/.DialtactsActivityAlias,android.intent.action.MAIN,NULL,NULL,270532608]
08-01 18:23:56.804  1662  1910 I am_pss  : [3717,1001,com.qualcomm.qcrilmsgtunnel,6112256,4427776,0,112734208,1,6,5]
08-01 18:23:56.805  1662  3504 I wm_pause_activity: [0,210442508,com.oppo.launcher/.Launcher,userLeaving=true]
08-01 18:23:56.810  1662  1910 I am_pss  : [3393,10209,com.nearme.statistics.rom,13861888,9752576,2173952,122867712,1,10,6]
08-01 18:23:56.813  3344  3344 I wm_on_top_resumed_lost_called: [210442508,com.oppo.launcher.Launcher,topStateChangedWhenResumed]
08-01 18:23:56.816  3344  3344 I wm_on_paused_called: [210442508,com.oppo.launcher.Launcher,performPause]
08-01 18:23:56.823  1662  3498 I wm_add_to_stopping: [0,210442508,com.oppo.launcher/.Launcher,makeInvisible]
08-01 18:23:56.825  1662  3498 I wm_restart_activity: [0,182350633,222,com.android.contacts/.DialtactsActivityAlias]
08-01 18:23:56.833  1662  3498 I wm_set_resumed_activity: [0,com.android.contacts/.DialtactsActivityAlias,minimalResumeActivityLocked]
08-01 18:23:56.841  1662  1910 I am_pss  : [7001,1000,com.heytap.habit.analysis,10333184,5201920,0,109490176,1,19,5]
08-01 18:23:56.844  1662  1864 I am_uid_active: 10092
08-01 18:23:56.872  1662  1910 I am_pss  : [7597,10261,com.tencent.mm:push,54873088,47796224,0,181170176,1,19,7]
08-01 18:23:56.878  1662  1910 I am_pss  : [7437,10181,com.qualcomm.telephony,5542912,3915776,0,108916736,1,10,5]
08-01 18:23:56.890  1662  1910 I am_pss  : [4676,10139,com.oppo.instant.local.service,5734400,4063232,0,112693248,1,6,6]
08-01 18:23:56.897  1662  1910 I am_pss  : [6964,10201,com.google.android.gms.ui,18505728,13340672,0,141582336,1,19,6]
08-01 18:23:56.900  1662  1864 I sysui_multi_action: [757,803,799,window_time_0,802,1056]
08-01 18:23:56.903  1662  1910 I am_pss  : [6759,1000,com.coloros.activation,11278336,3522560,3330048,99516416,1,19,4]
08-01 18:23:56.910  1662  1910 I am_pss  : [5573,10185,com.android.smspush,5383168,3727360,0,110649344,1,6,5]
08-01 18:23:56.917  1662  1910 I am_pss  : [5165,10219,com.sohu.inputmethod.sogouoem,52125696,44503040,0,164708352,1,7,6]
08-01 18:23:56.925  1662  1910 I am_pss  : [4619,10210,com.heytap.accessory,10399744,8261632,0,125538304,1,6,5]
08-01 18:23:56.931   596   596 I auditd  : avc:  denied  { find } for pid=2802 uid=1000 name=tethering scontext=u:r:color_system_service_app:s0 tcontext=u:object_r:tethering_service:s0 tclass=service_manager permissive=0
08-01 18:23:56.931  1662  1910 I am_pss  : [5136,10217,com.coloros.securitykeyboard,8031232,5857280,0,118788096,1,7,5]
08-01 18:23:56.938  1662  1910 I am_pss  : [4864,10218,com.amap.android.location,9307136,7204864,0,127787008,1,8,6]
08-01 18:23:56.946  1662  3498 I am_uid_active: 10077
08-01 18:23:56.947  1662  1910 I am_pss  : [4460,1000,com.coloros.persist.multimedia,9581568,6848512,0,130031616,1,0,5]
08-01 18:23:56.951  8418  8418 I wm_on_create_called: [182350633,com.android.contacts.DialtactsActivityAlias,performCreate]
08-01 18:23:56.959  1662  1910 I am_pss  : [4427,10164,com.qualcomm.location,13764608,11829248,0,123265024,1,0,6]
08-01 18:23:56.965  1662  1910 I am_pss  : [4393,10197,com.qualcomm.qti.workloadclassifier,5968896,4157440,0,119263232,1,0,5]
08-01 18:23:56.973  1662  1910 I am_pss  : [4365,1000,com.oppo.ovoicemanager,7078912,5242880,0,121757696,1,0,5]
08-01 18:23:56.980  1662  1910 I am_pss  : [4331,1000,com.oppo.multimedia.dolby,8011776,6066176,0,123691008,1,0,5]
08-01 18:23:56.988  1662  1910 I am_pss  : [4296,1027,com.android.nfc,54410240,51605504,0,175771648,1,0,8]
08-01 18:23:56.995  1662  1910 I am_pss  : [4266,10159,com.dolby.daxservice,6241280,4448256,0,114204672,1,0,5]
08-01 18:23:57.004  1662  1910 I am_pss  : [3300,1001,com.android.phone,33342464,27529216,0,168177664,1,0,8]
08-01 18:23:57.012  1662  1910 I am_pss  : [3268,10157,.qtidataservices,6596608,4706304,0,122449920,1,0,5]
08-01 18:23:57.019  1662  1910 I am_pss  : [3240,1001,com.oppo.nhs,8743936,6541312,0,122773504,1,0,6]
08-01 18:23:57.023  8418  8418 I wm_on_start_called: [182350633,com.android.contacts.DialtactsActivityAlias,handleStartActivity]
08-01 18:23:57.024  8418  8418 I wm_on_resume_called: [182350633,com.android.contacts.DialtactsActivityAlias,RESUME_ACTIVITY]
08-01 18:23:57.026  1662  1910 I am_pss  : [3202,10153,com.qualcomm.qti.devicestatisticsservice,5964800,4268032,12288,113094656,1,0,5]
08-01 18:23:57.027   596   596 I auditd  : avc:  denied  { find } for pid=8418 uid=10092 name=hypnus scontext=u:r:priv_app:s0:c512,c768 tcontext=u:object_r:default_android_service:s0 tclass=service_manager permissive=0
08-01 18:23:57.032  1662  1910 I am_pss  : [3184,1000,com.heytap.appplatform,10063872,8028160,4096,128147456,1,0,5]
08-01 18:23:57.040  1662  1910 I am_pss  : [3160,1068,com.android.se,6198272,4476928,0,114176000,1,0,6]
08-01 18:23:57.040  8418  8418 I wm_on_top_resumed_gained_called: [182350633,com.android.contacts.DialtactsActivityAlias,topStateChangedWhenResumed]
08-01 18:23:57.047  1662  1910 I am_pss  : [3128,10171,org.codeaurora.ims,9741312,7438336,0,130756608,1,0,6]
08-01 18:23:57.059  1662  2562 I commit_sys_config_file: [settings-2-0,5]
08-01 18:23:57.072  1662  1910 I am_pss  : [3103,1001,com.qualcomm.qti.telephonyservice,6455296,4603904,0,114573312,1,0,5]
08-01 18:23:57.082  1662  1910 I am_pss  : [3064,10154,.qtidataservices,6049792,4227072,4096,119701504,1,0,5]
08-01 18:23:57.090  1662  1910 I am_pss  : [3018,1001,.dataservices,6711296,4935680,0,115191808,1,0,6]
08-01 18:23:57.097  1662  1910 I am_pss  : [2987,1073,com.android.networkstack.process,8762368,6475776,0,130981888,1,0,6]
08-01 18:23:57.104  1662  1910 I am_pss  : [2802,1000,com.coloros.exsystemservice,7537664,5414912,0,125800448,1,0,6]
08-01 18:23:57.111  1662  1910 I am_pss  : [2735,1000,com.oplus.customize.coreapp,8007680,5873664,4096,125009920,1,0,6]
08-01 18:23:57.132   596   596 I auditd  : avc:  denied  { find } for pid=2802 uid=1000 name=tethering scontext=u:r:color_system_service_app:s0 tcontext=u:object_r:tethering_service:s0 tclass=service_manager permissive=0
08-01 18:23:57.134  1662  1910 I am_pss  : [1662,1000,system,348238848,291901440,0,641908736,1,0,21]
08-01 18:23:57.136  1662  1910 I device_idle_off_start: unlocked
08-01 18:23:57.206  1662  1910 I device_idle_off_phase: net
08-01 18:23:57.211  1662  1910 I device_idle_off_complete: 
08-01 18:23:57.212  1662  1662 I battery_saving_stats: [0,1,1,1648,0,0,1648,0,0]
08-01 18:23:57.228  1662  1910 I sysui_multi_action: [319,97,321,91,322,350,325,1298,757,761,758,8,759,1,806,com.android.contacts,871,com.android.contacts.DialtactsActivityAlias,904,com.oppo.launcher,905,0,1320,8,1321,5]
08-01 18:23:57.229  1662  1910 I wm_activity_launch_time: [0,182350633,com.android.contacts/.DialtactsActivityAlias,350]
08-01 18:23:57.282  1662  3666 I am_uid_running: 10069
08-01 18:23:57.310  1662  1935 I am_proc_start: [0,13258,10069,com.heytap.cloud,content provider,{com.heytap.cloud/com.cloud.base.commonsdk.state.CloudStatusProvider}]
08-01 18:23:57.332   596   596 I auditd  : avc:  denied  { find } for pid=2802 uid=1000 name=tethering scontext=u:r:color_system_service_app:s0 tcontext=u:object_r:tethering_service:s0 tclass=service_manager permissive=0
08-01 18:23:57.335  1662  3249 I am_proc_bound: [0,13258,com.heytap.cloud]
08-01 18:23:57.343  1662  1864 I wm_stop_activity: [0,210442508,com.oppo.launcher/.Launcher]
08-01 18:23:57.343  1662  3249 I am_uid_active: 10069
08-01 18:23:57.350  3344  3344 I force_gc: mem
08-01 18:23:57.350  3344  3344 I wm_on_stop_called: [210442508,com.oppo.launcher.Launcher,STOP_ACTIVITY_ITEM]
08-01 18:23:57.376   597   597 I auditd  : avc:  denied  { find } for interface=vendor.qti.hardware.perf::IPerf sid=u:r:oppo_backuprestore_app:s0 pid=13258 scontext=u:r:oppo_backuprestore_app:s0 tcontext=u:object_r:vendor_hal_perf_hwservice:s0 tclass=hwservice_manager permissive=0
08-01 18:23:57.377   597   597 I auditd  : avc:  denied  { find } for interface=vendor.qti.hardware.perf::IPerf sid=u:r:oppo_backuprestore_app:s0 pid=13258 scontext=u:r:oppo_backuprestore_app:s0 tcontext=u:object_r:vendor_hal_perf_hwservice:s0 tclass=hwservice_manager permissive=0
08-01 18:23:57.406  1662  3755 I am_uid_active: 10091
08-01 18:23:57.420  1662  4939 I am_uid_running: 10213
08-01 18:23:57.439  1662  1935 I am_proc_start: [0,13289,10213,com.nearme.romupdate,content provider,{com.nearme.romupdate/com.coloros.romupdate.provider.RomUpdateContentProvider}]
08-01 18:23:57.463  1662  4937 I service_manager_stats: [100,63,738156]
08-01 18:23:57.463  1662  4937 I am_proc_bound: [0,13289,com.nearme.romupdate]
08-01 18:23:57.465  1662  4937 I am_uid_active: 10213
08-01 18:23:57.533   596   596 I auditd  : avc:  denied  { find } for pid=2802 uid=1000 name=tethering scontext=u:r:color_system_service_app:s0 tcontext=u:object_r:tethering_service:s0 tclass=service_manager permissive=0
08-01 18:23:57.734   596   596 I auditd  : avc:  denied  { find } for pid=2802 uid=1000 name=tethering scontext=u:r:color_system_service_app:s0 tcontext=u:object_r:tethering_service:s0 tclass=service_manager permissive=0
08-01 18:23:57.909  1662  3755 I sysui_multi_action: [757,906,758,4,806,com.android.contacts,871,com.android.contacts.DialtactsActivityAlias,908,com.coloros.codebook,1452,0,1456,274865935]
08-01 18:23:57.921  1662  1662 I am_uid_running: 10102
08-01 18:23:57.935   596   596 I auditd  : avc:  denied  { find } for pid=2802 uid=1000 name=tethering scontext=u:r:color_system_service_app:s0 tcontext=u:object_r:tethering_service:s0 tclass=service_manager permissive=0
08-01 18:23:57.941  1662  1935 I am_proc_start: [0,13329,10102,com.coloros.codebook,service,{com.coloros.codebook/com.coloros.codebook.book.CodeBookService}]
08-01 18:23:57.977  1662  3498 I am_proc_bound: [0,13329,com.coloros.codebook]
08-01 18:23:57.985  1662  3498 I am_uid_active: 10102
08-01 18:23:58.098  1662  1662 I sysui_multi_action: [757,907,758,10,806,com.android.contacts,871,com.android.contacts.DialtactsActivityAlias,908,com.coloros.codebook,909,-1,1454,1,1456,274865935]
08-01 18:23:58.098  1662  1662 I sysui_multi_action: [757,919,758,4,806,com.android.contacts,871,com.android.contacts.DialtactsActivityAlias,908,com.coloros.codebook,1455,1,1456,274865935]
08-01 18:23:58.136   596   596 I auditd  : avc:  denied  { find } for pid=2802 uid=1000 name=tethering scontext=u:r:color_system_service_app:s0 tcontext=u:object_r:tethering_service:s0 tclass=service_manager permissive=0
08-01 18:23:58.537   596   596 I chatty  : uid=1000(system) /system/bin/servicemanager identical 2 lines
08-01 18:23:58.738   596   596 I auditd  : avc:  denied  { find } for pid=2802 uid=1000 name=tethering scontext=u:r:color_system_service_app:s0 tcontext=u:object_r:tethering_service:s0 tclass=service_manager permissive=0
08-01 18:23:58.822  1662  1947 I am_uid_running: 10075
08-01 18:23:58.848  1662  1935 I am_proc_start: [0,13364,10075,com.coloros.gallery3d,broadcast,{com.coloros.gallery3d/com.oppo.sticker.StickerEngineerCodeReceiver}]
08-01 18:23:58.886  1662  3755 I am_proc_bound: [0,13364,com.coloros.gallery3d]
08-01 18:23:58.893  1662  1947 I am_uid_running: 10192
08-01 18:23:58.915  1662  1935 I am_proc_start: [0,13383,10192,com.coloros.uxdesign,broadcast,{com.coloros.uxdesign/com.coloros.uxdesign.appname.AppNameChangeReceiver}]
08-01 18:23:58.938  1662  3755 I wm_task_created: [223,-1]
08-01 18:23:58.938  1662  3755 I wm_stack_created: 223
08-01 18:23:58.941   596   596 I auditd  : avc:  denied  { find } for pid=2802 uid=1000 name=tethering scontext=u:r:color_system_service_app:s0 tcontext=u:object_r:tethering_service:s0 tclass=service_manager permissive=0
08-01 18:23:58.946  1662  2621 I am_proc_bound: [0,13383,com.coloros.uxdesign]
08-01 18:23:58.948  1662  3755 I wm_create_task: [0,223]
08-01 18:23:58.948  1662  3755 I wm_create_activity: [0,48325724,223,com.coloros.logkit/.activity.MainActivity,android.intent.action.MAIN,NULL,NULL,270532608]
08-01 18:23:58.949  8418  8418 I wm_on_top_resumed_lost_called: [182350633,com.android.contacts.DialtactsActivityAlias,topStateChangedWhenResumed]
08-01 18:23:58.953  1662  3755 I wm_pause_activity: [0,182350633,com.android.contacts/.DialtactsActivityAlias,userLeaving=true]
08-01 18:23:58.962  1662  2621 I wm_add_to_stopping: [0,182350633,com.android.contacts/.DialtactsActivityAlias,makeInvisible]
08-01 18:23:58.967  8418  8418 I wm_on_paused_called: [182350633,com.android.contacts.DialtactsActivityAlias,performPause]
08-01 18:23:59.012  1662  1947 I am_uid_running: 10144
08-01 18:23:59.018  1662  1864 I sysui_multi_action: [757,803,799,window_time_0,802,2]
08-01 18:23:59.020  1662  1935 I am_proc_start: [0,13414,1000,com.coloros.logkit,pre-top-activity,{com.coloros.logkit/com.coloros.logkit.activity.MainActivity}]
08-01 18:23:59.037  1662  1935 I am_proc_start: [0,13433,10144,com.oppo.camera,broadcast,{com.oppo.camera/com.oppo.camera.DebugBroadcastReceiver}]
08-01 18:23:59.037  1662  3666 I am_proc_bound: [0,13414,com.coloros.logkit]
08-01 18:23:59.042  1662  3666 I wm_restart_activity: [0,48325724,223,com.coloros.logkit/.activity.MainActivity]
08-01 18:23:59.046  1662  3666 I wm_set_resumed_activity: [0,com.coloros.logkit/.activity.MainActivity,minimalResumeActivityLocked]
08-01 18:23:59.088  1662  3498 I am_proc_bound: [0,13433,com.oppo.camera]
08-01 18:23:59.114  1662  1935 I am_proc_start: [0,13463,1000,com.oppo.engineermode,broadcast,{com.oppo.engineermode/com.oppo.engineermode.command.EngineerModeOrderReceiver}]
08-01 18:23:59.143   596   596 I auditd  : avc:  denied  { find } for pid=2802 uid=1000 name=tethering scontext=u:r:color_system_service_app:s0 tcontext=u:object_r:tethering_service:s0 tclass=service_manager permissive=0
08-01 18:23:59.143  1662  4938 I am_proc_bound: [0,13463,com.oppo.engineermode]
08-01 18:23:59.188 13414 13414 I wm_on_create_called: [48325724,com.coloros.logkit.activity.MainActivity,performCreate]
08-01 18:23:59.192 13414 13414 I wm_on_start_called: [48325724,com.coloros.logkit.activity.MainActivity,handleStartActivity]
08-01 18:23:59.193 13414 13414 I wm_on_resume_called: [48325724,com.coloros.logkit.activity.MainActivity,RESUME_ACTIVITY]
08-01 18:23:59.193   596   596 I auditd  : avc:  denied  { find } for pid=13414 uid=1000 name=hypnus scontext=u:r:system_app:s0 tcontext=u:object_r:default_android_service:s0 tclass=service_manager permissive=0
08-01 18:23:59.204 13414 13414 I wm_on_top_resumed_gained_called: [48325724,com.coloros.logkit.activity.MainActivity,topStateChangedWhenResumed]
08-01 18:23:59.261  1662  5112 I wm_create_activity: [0,235012672,223,com.coloros.logkit/.collect.activity.CollectActivity,NULL,NULL,NULL,0]
08-01 18:23:59.265  1662  5112 I wm_pause_activity: [0,48325724,com.coloros.logkit/.activity.MainActivity,userLeaving=true]
08-01 18:23:59.289 13414 13414 I wm_on_top_resumed_lost_called: [48325724,com.coloros.logkit.activity.MainActivity,topStateChangedWhenResumed]
08-01 18:23:59.290  1662  2562 I commit_sys_config_file: [settings-2-0,4]
08-01 18:23:59.292 13414 13414 I wm_on_paused_called: [48325724,com.coloros.logkit.activity.MainActivity,performPause]
08-01 18:23:59.294  1662  4939 I wm_add_to_stopping: [0,48325724,com.coloros.logkit/.activity.MainActivity,makeInvisible]
08-01 18:23:59.296  1662  4939 I wm_restart_activity: [0,235012672,223,com.coloros.logkit/.collect.activity.CollectActivity]
08-01 18:23:59.305  1662  4939 I wm_set_resumed_activity: [0,com.coloros.logkit/.collect.activity.CollectActivity,minimalResumeActivityLocked]
08-01 18:23:59.329  1662  1864 I sysui_multi_action: [757,803,799,window_time_0,802,0]
08-01 18:23:59.343   596   596 I auditd  : avc:  denied  { find } for pid=2802 uid=1000 name=tethering scontext=u:r:color_system_service_app:s0 tcontext=u:object_r:tethering_service:s0 tclass=service_manager permissive=0
08-01 18:23:59.363 13414 13414 I wm_on_create_called: [235012672,com.coloros.logkit.collect.activity.CollectActivity,performCreate]
08-01 18:23:59.391  1662  3504 I am_uid_active: 10144
08-01 18:23:59.394 13414 13414 I wm_on_start_called: [235012672,com.coloros.logkit.collect.activity.CollectActivity,handleStartActivity]
08-01 18:23:59.394 13414 13414 I wm_on_resume_called: [235012672,com.coloros.logkit.collect.activity.CollectActivity,RESUME_ACTIVITY]
08-01 18:23:59.400 13414 13414 I wm_on_top_resumed_gained_called: [235012672,com.coloros.logkit.collect.activity.CollectActivity,topStateChangedWhenResumed]
08-01 18:23:59.419  1662  1863 I commit_sys_config_file: [notification-policy,15]
08-01 18:23:59.426  1662  1662 I notification_enqueue: [10144,13433,com.oppo.camera,1,NULL,0,Notification(channel=com.oppo.camera shortcut=null contentView=null vibrate=null sound=null defaults=0x0 flags=0x40 color=0xff607d8b vis=PRIVATE),0]
08-01 18:23:59.434  3551  3655 I service_manager_slow: [10,telecom]
08-01 18:23:59.481  1662  1910 I sysui_multi_action: [319,143,321,75,322,541,325,1300,757,761,758,7,759,1,806,com.coloros.logkit,871,com.coloros.logkit.collect.activity.CollectActivity,904,com.coloros.logkit,905,0,945,111,1320,8,1321,5]
08-01 18:23:59.483  1662  2622 I wm_stop_activity: [0,182350633,com.android.contacts/.DialtactsActivityAlias]
08-01 18:23:59.484  1662  1910 I wm_activity_launch_time: [0,235012672,com.coloros.logkit/.collect.activity.CollectActivity,541]
08-01 18:23:59.506  8418  8418 I wm_on_stop_called: [182350633,com.android.contacts.DialtactsActivityAlias,STOP_ACTIVITY_ITEM]
08-01 18:23:59.544   596   596 I auditd  : avc:  denied  { find } for pid=2802 uid=1000 name=tethering scontext=u:r:color_system_service_app:s0 tcontext=u:object_r:tethering_service:s0 tclass=service_manager permissive=0
08-01 18:23:59.603  1662  1864 I wm_stop_activity: [0,48325724,com.coloros.logkit/.activity.MainActivity]
08-01 18:23:59.604 13414 13414 I wm_on_stop_called: [48325724,com.coloros.logkit.activity.MainActivity,STOP_ACTIVITY_ITEM]
08-01 18:23:59.627  1662  1662 I sysui_multi_action: [757,1501,758,1,793,204,794,0,795,204,796,1,806,com.oppo.camera,857,com.oppo.camera,858,2,947,0,1500,0,1688,4,1689,2,1690,1]
08-01 18:23:59.627  1662  1662 I sysui_multi_action: [757,804,799,note_interruptive,801,0,802,1]
08-01 18:23:59.745   596   596 I auditd  : avc:  denied  { find } for pid=2802 uid=1000 name=tethering scontext=u:r:color_system_service_app:s0 tcontext=u:object_r:tethering_service:s0 tclass=service_manager permissive=0
08-01 18:23:59.945   596   596 I auditd  : avc:  denied  { find } for pid=2802 uid=1000 name=tethering scontext=u:r:color_system_service_app:s0 tcontext=u:object_r:tethering_service:s0 tclass=service_manager permissive=0
08-01 18:24:00.019  1662  3666 I sysui_multi_action: [757,803,799,fingerprintd_openhal_error,802,1]
08-01 18:24:00.146   596   596 I auditd  : avc:  denied  { find } for pid=2802 uid=1000 name=tethering scontext=u:r:color_system_service_app:s0 tcontext=u:object_r:tethering_service:s0 tclass=service_manager permissive=0
08-01 18:24:00.949   596   596 I chatty  : uid=1000(system) /system/bin/servicemanager identical 4 lines
08-01 18:24:01.150   596   596 I auditd  : avc:  denied  { find } for pid=2802 uid=1000 name=tethering scontext=u:r:color_system_service_app:s0 tcontext=u:object_r:tethering_service:s0 tclass=service_manager permissive=0
08-01 18:24:01.214  1662  3666 I sysui_multi_action: [757,803,799,fingerprintd_openhal_error,802,1]
08-01 18:24:01.233     1     1 I auditd  : type=1107 audit(0.0:34): uid=0 auid=4294967295 ses=4294967295 subj=u:r:init:s0 msg='avc: denied { set } for property=gf.debug.dump_data pid=7945 uid=1000 gid=1000 scontext=u:r:system_app:s0 tcontext=u:object_r:oppo_fingerprint_prop:s0 tclass=property_service permissive=0'
