08-01 18:03:10.210  1662  2616 I am_uid_running: 10235
08-01 18:03:10.228  1662  1935 I am_proc_start: [0,7139,10235,com.nearme.gamecenter,service,{com.nearme.gamecenter/a.a.a.ave}]
08-01 18:03:10.251  1662  3249 I am_uid_running: 10107
08-01 18:03:10.257  1662  1935 I am_proc_start: [0,7164,1000,com.coloros.sau,content provider,{com.coloros.sau/com.coloros.sau.db.SauFileProvider}]
08-01 18:03:10.275  1662  3666 I am_proc_bound: [0,7139,com.nearme.gamecenter]
08-01 18:03:10.278  1662  1935 I am_proc_start: [0,7174,10107,com.nearme.instant.platform,content provider,{com.nearme.instant.platform/com.nearme.instant.dispatcher.entry.provider.request.DispatchProvider}]
08-01 18:03:10.294  4773  7060 I aggregation: 1596276190294
08-01 18:03:10.305  1662  2616 I am_proc_bound: [0,7164,com.coloros.sau]
08-01 18:03:10.318  1662  3755 I am_proc_bound: [0,7174,com.nearme.instant.platform]
08-01 18:03:10.351   596   596 I auditd  : avc:  denied  { find } for pid=2802 uid=1000 name=tethering scontext=u:r:color_system_service_app:s0 tcontext=u:object_r:tethering_service:s0 tclass=service_manager permissive=0
08-01 18:03:10.363  1662  1935 I am_proc_start: [0,7213,1000,com.oppo.engineermode.network,broadcast,{com.oppo.engineermode.network/com.oppo.engineermode.network.rftoolkit.BootReciever}]
08-01 18:03:10.381  1662  4939 I am_proc_bound: [0,7213,com.oppo.engineermode.network]
08-01 18:03:10.402  4773  7060 I gms_unknown: [20,162]
08-01 18:03:10.555   596   596 I auditd  : avc:  denied  { find } for pid=2802 uid=1000 name=tethering scontext=u:r:color_system_service_app:s0 tcontext=u:object_r:tethering_service:s0 tclass=service_manager permissive=0
08-01 18:03:10.588  1662  3666 I am_proc_died: [0,5276,com.heytap.market,500,10]
08-01 18:03:10.594  1662  3666 I am_kill : [0,4738,com.android.carrierdefaultapp,999,empty #31]
08-01 18:03:10.608  1662  3666 I am_proc_died: [0,7213,com.oppo.engineermode.network,0,11]
08-01 18:03:10.609  1662  3666 I am_broadcast_discard_app: [0,129333984,android.intent.action.BOOT_COMPLETED,87,ResolveInfo{9ad787f com.oppo.engineermode.network/.rftoolkit.BootReciever m=0x108000}]
08-01 18:03:10.651  1662  4932 I am_proc_died: [0,4738,com.android.carrierdefaultapp,999,19]
08-01 18:03:10.652  1662  4932 I am_uid_stopped: 10122
08-01 18:03:10.730  1662  1725 I am_uid_running: 10160
08-01 18:03:10.756   596   596 I auditd  : avc:  denied  { find } for pid=2802 uid=1000 name=tethering scontext=u:r:color_system_service_app:s0 tcontext=u:object_r:tethering_service:s0 tclass=service_manager permissive=0
08-01 18:03:10.769  1662  1935 I am_proc_start: [0,7298,10160,com.qti.ltebc,broadcast,{com.qti.ltebc/com.qualcomm.ltebc.LTEBroadcastBootReceiver}]
08-01 18:03:10.788   596   596 I auditd  : avc:  denied  { find } for pid=7298 uid=10160 name=anti_virus_manager scontext=u:r:vendor_embmssl_app:s0:c160,c256,c512,c768 tcontext=u:object_r:anti_virus_manager_service:s0 tclass=service_manager permissive=0
08-01 18:03:10.798  1662  3678 I am_proc_bound: [0,7298,com.qti.ltebc]
08-01 18:03:10.835  1662  1863 I commit_sys_config_file: [notification-policy,7]
08-01 18:03:10.915  1662  1935 I am_proc_start: [0,7369,10107,com.nearme.instant.platform:provider,content provider,{com.nearme.instant.platform/com.nearme.instant.bridge.provider.adapter.SettingsProvider}]
08-01 18:03:10.929  1662  1863 I commit_sys_config_file: [notification-policy,17]
08-01 18:03:10.951  1662  3249 I am_proc_bound: [0,7369,com.nearme.instant.platform:provider]
08-01 18:03:10.957   596   596 I auditd  : avc:  denied  { find } for pid=2802 uid=1000 name=tethering scontext=u:r:color_system_service_app:s0 tcontext=u:object_r:tethering_service:s0 tclass=service_manager permissive=0
08-01 18:03:10.967  1662  2616 I am_kill : [0,4515,com.android.keychain,999,empty #31]
08-01 18:03:11.000  1662  5112 I am_proc_died: [0,7082,com.heytap.market:mcs,915,19]
08-01 18:03:11.001  1662  5112 I am_uid_stopped: 10066
08-01 18:03:11.008  1662  1935 I am_proc_start: [0,7403,10201,com.google.android.gms.unstable,service,{com.google.android.gms/com.google.android.gms.droidguard.DroidGuardService}]
08-01 18:03:11.012  1662  3249 I am_proc_died: [0,4515,com.android.keychain,999,19]
08-01 18:03:11.045  1662  2622 I am_proc_died: [0,7298,com.qti.ltebc,905,19]
08-01 18:03:11.046  1662  2622 I am_uid_stopped: 10160
08-01 18:03:11.052  1662  3666 I am_proc_bound: [0,7403,com.google.android.gms.unstable]
08-01 18:03:11.115  1662  4939 I am_uid_running: 10181
08-01 18:03:11.116   597   597 I auditd  : avc:  denied  { find } for interface=vendor.qti.hardware.perf::IPerf sid=u:r:gmscore_app:s0:c512,c768 pid=7403 scontext=u:r:gmscore_app:s0:c512,c768 tcontext=u:object_r:vendor_hal_perf_hwservice:s0 tclass=hwservice_manager permissive=0
08-01 18:03:11.118   597   597 I auditd  : avc:  denied  { find } for interface=vendor.qti.hardware.perf::IPerf sid=u:r:gmscore_app:s0:c512,c768 pid=7403 scontext=u:r:gmscore_app:s0:c512,c768 tcontext=u:object_r:vendor_hal_perf_hwservice:s0 tclass=hwservice_manager permissive=0
08-01 18:03:11.145  1662  1935 I am_proc_start: [0,7437,10181,com.qualcomm.telephony,broadcast,{com.qualcomm.atfwd/com.qualcomm.atfwd.AtFwdAutoboot}]
08-01 18:03:11.158   596   596 I auditd  : avc:  denied  { find } for pid=2802 uid=1000 name=tethering scontext=u:r:color_system_service_app:s0 tcontext=u:object_r:tethering_service:s0 tclass=service_manager permissive=0
08-01 18:03:11.186  1662  3666 I am_proc_bound: [0,7437,com.qualcomm.telephony]
08-01 18:03:11.247  1662  2622 I am_proc_died: [0,7139,com.nearme.gamecenter,905,19]
08-01 18:03:11.248  1662  2622 I am_uid_stopped: 10235
08-01 18:03:11.342  1662  1935 I am_proc_start: [0,7494,1001,com.qualcomm.qti.lpa,broadcast,{com.qualcomm.qti.lpa/com.qualcomm.qti.lpa.UimLpaBootReceiver}]
08-01 18:03:11.359   596   596 I auditd  : avc:  denied  { find } for pid=2802 uid=1000 name=tethering scontext=u:r:color_system_service_app:s0 tcontext=u:object_r:tethering_service:s0 tclass=service_manager permissive=0
08-01 18:03:11.371  1662  3498 I am_proc_bound: [0,7494,com.qualcomm.qti.lpa]
08-01 18:03:11.434  4233  4250 I force_gc: Binder
08-01 18:03:11.451  1662  1947 I am_uid_running: 10160
08-01 18:03:11.476  1662  3755 I am_uid_active: 10160
08-01 18:03:11.485  1662  1935 I am_proc_start: [0,7526,10160,com.qti.ltebc,broadcast,{com.qti.ltebc/com.qualcomm.ltebc.LTEBroadcastAlarmReceiver}]
08-01 18:03:11.493   596   596 I auditd  : avc:  denied  { find } for pid=7526 uid=10160 name=anti_virus_manager scontext=u:r:vendor_embmssl_app:s0:c160,c256,c512,c768 tcontext=u:object_r:anti_virus_manager_service:s0 tclass=service_manager permissive=0
08-01 18:03:11.498  1662  3498 I am_proc_bound: [0,7526,com.qti.ltebc]
08-01 18:03:11.532  1662  1935 I am_proc_start: [0,7556,1001,com.qualcomm.qti.modemtestmode,broadcast,{com.qualcomm.qti.modemtestmode/com.qualcomm.qti.modemtestmode.DefaultReceiver}]
08-01 18:03:11.555  1662  3507 I am_proc_bound: [0,7556,com.qualcomm.qti.modemtestmode]
08-01 18:03:11.560   596   596 I auditd  : avc:  denied  { find } for pid=2802 uid=1000 name=tethering scontext=u:r:color_system_service_app:s0 tcontext=u:object_r:tethering_service:s0 tclass=service_manager permissive=0
08-01 18:03:11.745  1662  1947 I am_uid_running: 10261
08-01 18:03:11.761   596   596 I auditd  : avc:  denied  { find } for pid=2802 uid=1000 name=tethering scontext=u:r:color_system_service_app:s0 tcontext=u:object_r:tethering_service:s0 tclass=service_manager permissive=0
08-01 18:03:11.764  1662  1935 I am_proc_start: [0,7597,10261,com.tencent.mm:push,broadcast,{com.tencent.mm/com.tencent.mm.booter.MMReceivers$BootReceiver}]
08-01 18:03:11.780  1662  1862 I am_uid_running: 10115
08-01 18:03:11.797  1662  3666 I am_proc_bound: [0,7597,com.tencent.mm:push]
08-01 18:03:11.808  1662  1935 I am_proc_start: [0,7619,10115,com.finshell.wallet:temp,content provider,{com.finshell.wallet/com.nearme.wallet.open.cp.WalletQuickStartFlagContentProvider}]
08-01 18:03:11.836  1662  3666 I am_proc_bound: [0,7619,com.finshell.wallet:temp]
08-01 18:03:11.839  1662  3666 I am_uid_active: 10115
08-01 18:03:11.962   596   596 I auditd  : avc:  denied  { find } for pid=2802 uid=1000 name=tethering scontext=u:r:color_system_service_app:s0 tcontext=u:object_r:tethering_service:s0 tclass=service_manager permissive=0
08-01 18:03:12.162   596   596 I auditd  : avc:  denied  { find } for pid=2802 uid=1000 name=tethering scontext=u:r:color_system_service_app:s0 tcontext=u:object_r:tethering_service:s0 tclass=service_manager permissive=0
08-01 18:03:12.237  1662  2562 I commit_sys_config_file: [settings-0-0,3]
08-01 18:03:12.351  4773  7060 I gms_unknown: [5,0,1596276190294]
08-01 18:03:12.363   596   596 I auditd  : avc:  denied  { find } for pid=2802 uid=1000 name=tethering scontext=u:r:color_system_service_app:s0 tcontext=u:object_r:tethering_service:s0 tclass=service_manager permissive=0
08-01 18:03:12.364  4773  7060 I gms_unknown: [CheckinTask:SentRequest,53614]
08-01 18:03:12.399  4773  7060 I gms_unknown: [CheckinTask:ReceivedFailedResponse,53649]
08-01 18:03:12.399  4773  7060 I gms_unknown: 7
08-01 18:03:12.401  4773  7060 I gms_unknown: 8
08-01 18:03:12.436  4773  7060 I gms_unknown: [CheckinTask:duration,2424]
08-01 18:03:12.564   596   596 I auditd  : avc:  denied  { find } for pid=2802 uid=1000 name=tethering scontext=u:r:color_system_service_app:s0 tcontext=u:object_r:tethering_service:s0 tclass=service_manager permissive=0
08-01 18:03:12.756  1662  2616 I am_kill : [0,5506,com.android.localtransport,999,empty #31]
08-01 18:03:12.759  1662  1947 I am_uid_running: 10062
08-01 18:03:12.765   596   596 I auditd  : avc:  denied  { find } for pid=2802 uid=1000 name=tethering scontext=u:r:color_system_service_app:s0 tcontext=u:object_r:tethering_service:s0 tclass=service_manager permissive=0
08-01 18:03:12.786  1662  2621 I am_proc_died: [0,5506,com.android.localtransport,999,19]
08-01 18:03:12.791  1662  1935 I am_proc_start: [0,7712,10062,com.coloros.findmyphone,broadcast,{com.coloros.findmyphone/com.coloros.findmyphone.receiver.FindPhoneCommonReceiver}]
08-01 18:03:12.809  1662  3504 I am_proc_bound: [0,7712,com.coloros.findmyphone]
08-01 18:03:12.816  1662  1947 I am_uid_running: 10079
08-01 18:03:12.850  1662  1935 I am_proc_start: [0,7733,10079,com.android.mms,broadcast,{com.android.mms/com.coloros.mms.servicenumber.login.ui.activate.TedSimStateReceive}]
08-01 18:03:12.860  1662  5112 I am_proc_bound: [0,7733,com.android.mms]
08-01 18:03:12.928  1662  1947 I am_uid_running: 10063
08-01 18:03:12.943  1662  1725 I am_kill : [0,5029,com.google.android.marvin.talkback,999,empty #31]
08-01 18:03:12.951  1662  1935 I am_proc_start: [0,7757,10063,com.android.externalstorage,broadcast,{com.android.externalstorage/com.android.externalstorage.MountReceiver}]
08-01 18:03:12.965  1662  3678 I am_proc_died: [0,5029,com.google.android.marvin.talkback,999,19]
08-01 18:03:12.965   596   596 I auditd  : avc:  denied  { find } for pid=2802 uid=1000 name=tethering scontext=u:r:color_system_service_app:s0 tcontext=u:object_r:tethering_service:s0 tclass=service_manager permissive=0
08-01 18:03:12.966  1662  3678 I am_uid_stopped: 10207
08-01 18:03:12.979  1662  3504 I am_proc_bound: [0,7757,com.android.externalstorage]
08-01 18:03:12.999  1662  1662 I notification_cancel_all: [10080,6334,com.android.providers.downloads,0,0,64,9,NULL]
08-01 18:03:13.019  1662  1935 I am_proc_start: [0,7780,10261,com.tencent.mm,broadcast,{com.tencent.mm/com.tencent.mm.booter.MountReceiver}]
08-01 18:03:13.046  1662  3678 I am_proc_bound: [0,7780,com.tencent.mm]
08-01 18:03:13.103  1662  2613 I service_manager_slow: [11,alarm]
08-01 18:03:13.103  1662  2613 I netstats_mobile_sample: [0,0,0,0,0,0,0,0,0,0,0,0,1596276193103]
08-01 18:03:13.103  1662  2613 I netstats_wifi_sample: [0,0,0,0,0,0,0,0,0,0,0,0,1596276193103]
08-01 18:03:13.113  1662  5112 I am_kill : [0,6384,com.android.angle,999,empty #31]
08-01 18:03:13.133  1662  1662 I notification_cancel_all: [10080,6334,com.android.providers.downloads,0,0,64,9,NULL]
08-01 18:03:13.141  1662  3504 I am_proc_died: [0,6384,com.android.angle,999,19]
08-01 18:03:13.142  1662  3504 I am_uid_stopped: 10059
08-01 18:03:13.166   596   596 I auditd  : avc:  denied  { find } for pid=2802 uid=1000 name=tethering scontext=u:r:color_system_service_app:s0 tcontext=u:object_r:tethering_service:s0 tclass=service_manager permissive=0
08-01 18:03:13.366   596   596 I auditd  : avc:  denied  { find } for pid=2802 uid=1000 name=tethering scontext=u:r:color_system_service_app:s0 tcontext=u:object_r:tethering_service:s0 tclass=service_manager permissive=0
08-01 18:03:13.453   596   596 I auditd  : avc:  denied  { find } for pid=4486 uid=10227 name=anti_virus_manager scontext=u:r:mediaprovider_app:s0:c227,c256,c512,c768 tcontext=u:object_r:anti_virus_manager_service:s0 tclass=service_manager permissive=0
08-01 18:03:13.568   596   596 I auditd  : avc:  denied  { find } for pid=2802 uid=1000 name=tethering scontext=u:r:color_system_service_app:s0 tcontext=u:object_r:tethering_service:s0 tclass=service_manager permissive=0
08-01 18:03:13.670  1662  2616 I sysui_multi_action: [757,856,758,2,806,com.tencent.mm,857,voip_notify_channel_new_id,858,4]
08-01 18:03:13.670  1662  1662 I notification_cancel_all: [1000,1662,com.tencent.mm,0,0,0,17,NULL]
08-01 18:03:13.673  1662  1863 I commit_sys_config_file: [notification-policy,3]
08-01 18:03:13.681  1662  3498 I sysui_multi_action: [757,856,758,1,806,com.tencent.mm,857,voip_notify_channel_new_id,858,4]
08-01 18:03:13.681  1662  1662 I notification_cancel_all: [1000,1662,com.tencent.mm,0,0,0,17,NULL]
08-01 18:03:13.689  1662  1863 I commit_sys_config_file: [jobs,11]
08-01 18:03:13.702  1662  1863 I commit_sys_config_file: [notification-policy,14]
08-01 18:03:13.768   596   596 I auditd  : avc:  denied  { find } for pid=2802 uid=1000 name=tethering scontext=u:r:color_system_service_app:s0 tcontext=u:object_r:tethering_service:s0 tclass=service_manager permissive=0
08-01 18:03:13.838  1662  2544 I service_manager_stats: [315,225,5176]
08-01 18:03:13.853  1662  1935 I am_proc_start: [0,7945,1000,com.coloros.logkit.corservice.LogCoreService,service,{com.coloros.logkit/com.coloros.logkit.corservice.LogCoreService}]
08-01 18:03:13.879  1662  3498 I am_proc_bound: [0,7945,com.coloros.logkit.corservice.LogCoreService]
08-01 18:03:13.895  1662  3498 I am_kill : [0,6354,com.android.carrierconfig,999,empty #31]
08-01 18:03:13.930  1662  3504 I am_proc_died: [0,6354,com.android.carrierconfig,999,19]
08-01 18:03:13.931  1662  3504 I am_uid_stopped: 10165
08-01 18:03:13.969   596   596 I auditd  : avc:  denied  { find } for pid=2802 uid=1000 name=tethering scontext=u:r:color_system_service_app:s0 tcontext=u:object_r:tethering_service:s0 tclass=service_manager permissive=0
08-01 18:03:14.070  1662  3666 I am_kill : [0,4072,com.google.android.cellbroadcastreceiver,999,empty #31]
08-01 18:03:14.082  1662  1662 I notification_enqueue: [1000,7945,com.coloros.logkit,1,NULL,0,Notification(channel=LOGKIT_CHANNEL shortcut=null contentView=null vibrate=null sound=null defaults=0x0 flags=0x22 color=0x00000000 vis=PRIVATE),0]
08-01 18:03:14.089  1662  1662 I notification_enqueue: [1000,7945,com.coloros.logkit,1,NULL,0,Notification(channel=LOGKIT_CHANNEL shortcut=null contentView=null vibrate=null sound=null defaults=0x0 flags=0x62 color=0x00000000 vis=PRIVATE),0]
08-01 18:03:14.105  1662  3666 I am_proc_died: [0,4072,com.google.android.cellbroadcastreceiver,999,19]
08-01 18:03:14.106  1662  3666 I am_uid_stopped: 10220
08-01 18:03:14.170   596   596 I auditd  : avc:  denied  { find } for pid=2802 uid=1000 name=tethering scontext=u:r:color_system_service_app:s0 tcontext=u:object_r:tethering_service:s0 tclass=service_manager permissive=0
08-01 18:03:14.281  1662  1662 I sysui_multi_action: [757,1501,758,1,793,200,794,0,795,200,796,1,806,com.coloros.logkit,857,LOGKIT_CHANNEL,858,2,947,0,1500,0,1688,1]
08-01 18:03:14.282  1662  1662 I sysui_multi_action: [757,804,799,note_interruptive,801,0,802,1]
08-01 18:03:14.370   596   596 I auditd  : avc:  denied  { find } for pid=2802 uid=1000 name=tethering scontext=u:r:color_system_service_app:s0 tcontext=u:object_r:tethering_service:s0 tclass=service_manager permissive=0
08-01 18:03:14.401     1     1 I auditd  : type=1107 audit(0.0:33): uid=0 auid=4294967295 ses=4294967295 subj=u:r:init:s0 msg='avc: denied { set } for property=com.oppo.decrypt pid=8072 uid=0 gid=0 scontext=u:r:oppodebugtool:s0 tcontext=u:object_r:default_prop:s0 tclass=property_service permissive=0'
08-01 18:03:14.571   596   596 I auditd  : avc:  denied  { find } for pid=2802 uid=1000 name=tethering scontext=u:r:color_system_service_app:s0 tcontext=u:object_r:tethering_service:s0 tclass=service_manager permissive=0
08-01 18:03:14.754  4486  7788 I liblog  : 77
08-01 18:03:14.754  4486  7788 I liblog  : 1
08-01 18:03:14.772   596   596 I auditd  : avc:  denied  { find } for pid=2802 uid=1000 name=tethering scontext=u:r:color_system_service_app:s0 tcontext=u:object_r:tethering_service:s0 tclass=service_manager permissive=0
08-01 18:03:14.973   596   596 I auditd  : avc:  denied  { find } for pid=2802 uid=1000 name=tethering scontext=u:r:color_system_service_app:s0 tcontext=u:object_r:tethering_service:s0 tclass=service_manager permissive=0
08-01 18:03:14.977  4486  7788 I liblog  : 80
08-01 18:03:15.174   596   596 I auditd  : avc:  denied  { find } for pid=2802 uid=1000 name=tethering scontext=u:r:color_system_service_app:s0 tcontext=u:object_r:tethering_service:s0 tclass=service_manager permissive=0
08-01 18:03:15.225  1662  2562 I commit_sys_config_file: [settings-0-0,22]
08-01 18:03:15.375   596   596 I auditd  : avc:  denied  { find } for pid=2802 uid=1000 name=tethering scontext=u:r:color_system_service_app:s0 tcontext=u:object_r:tethering_service:s0 tclass=service_manager permissive=0
08-01 18:03:15.778   596   596 I chatty  : uid=1000(system) /system/bin/servicemanager identical 2 lines
08-01 18:03:15.981   596   596 I auditd  : avc:  denied  { find } for pid=2802 uid=1000 name=tethering scontext=u:r:color_system_service_app:s0 tcontext=u:object_r:tethering_service:s0 tclass=service_manager permissive=0
08-01 18:03:16.017  1662  1910 I am_pss  : [3344,10106,com.oppo.launcher,134559744,123715584,0,287686656,0,2,12]
08-01 18:03:16.183   596   596 I auditd  : avc:  denied  { find } for pid=2802 uid=1000 name=tethering scontext=u:r:color_system_service_app:s0 tcontext=u:object_r:tethering_service:s0 tclass=service_manager permissive=0
08-01 18:03:16.584   596   596 I chatty  : uid=1000(system) /system/bin/servicemanager identical 2 lines
08-01 18:03:16.786   596   596 I auditd  : avc:  denied  { find } for pid=2802 uid=1000 name=tethering scontext=u:r:color_system_service_app:s0 tcontext=u:object_r:tethering_service:s0 tclass=service_manager permissive=0
08-01 18:03:16.840  1662  3504 I am_kill : [0,3859,com.oppo.tzupdate,995,empty #31]
08-01 18:03:16.863  1662  2621 I am_proc_died: [0,3859,com.oppo.tzupdate,995,19]
08-01 18:03:16.864  1662  2621 I am_uid_stopped: 10127
08-01 18:03:16.987   596   596 I auditd  : avc:  denied  { find } for pid=2802 uid=1000 name=tethering scontext=u:r:color_system_service_app:s0 tcontext=u:object_r:tethering_service:s0 tclass=service_manager permissive=0
08-01 18:03:17.188   596   596 I auditd  : avc:  denied  { find } for pid=2802 uid=1000 name=tethering scontext=u:r:color_system_service_app:s0 tcontext=u:object_r:tethering_service:s0 tclass=service_manager permissive=0
08-01 18:03:17.298  1662  1910 I sysui_multi_action: [757,1717,758,1,759,0]
08-01 18:03:17.298  1662  1910 I sysui_multi_action: [757,1717,758,2,759,0]
08-01 18:03:17.298  1662  1910 I sysui_multi_action: [757,1717,758,3,759,0]
08-01 18:03:17.389   596   596 I auditd  : avc:  denied  { find } for pid=2802 uid=1000 name=tethering scontext=u:r:color_system_service_app:s0 tcontext=u:object_r:tethering_service:s0 tclass=service_manager permissive=0
08-01 18:03:17.591   596   596 I auditd  : avc:  denied  { find } for pid=2802 uid=1000 name=tethering scontext=u:r:color_system_service_app:s0 tcontext=u:object_r:tethering_service:s0 tclass=service_manager permissive=0
08-01 18:03:17.691  1662  3666 I battery_status: [2,2,1,0,Li-ion]
08-01 18:03:17.727  1662  1662 I sysui_multi_action: [757,128,758,5,759,8,793,18342,794,0,795,18342,796,10005,806,com.android.systemui,857,GEN,858,1,946,ranker_group,947,0,1500,15775,1688,1]
08-01 18:03:17.727  1662  1662 I notification_canceled: [0|com.android.systemui|10005|null|10174,8,18342,18342,0,-1,-1,NULL]
08-01 18:03:17.728  1662  1662 I sysui_multi_action: [757,128,758,5,759,8,793,18284,794,0,795,18284,796,10004,806,com.android.systemui,857,GEN,858,1,946,ranker_group,947,0,1500,15721,1688,1]
08-01 18:03:17.728  1662  1662 I notification_canceled: [0|com.android.systemui|10004|null|10174,8,18284,18284,0,-1,-1,NULL]
08-01 18:03:17.731  1662  1662 I sysui_multi_action: [757,128,758,5,759,16,793,15578,794,0,795,15578,796,2147483647,797,ranker_group,806,com.android.systemui,857,GEN,858,1,946,ranker_group,947,1,1500,15578,1688,1]
08-01 18:03:17.731  1662  1662 I notification_canceled: [0|com.android.systemui|2147483647|ranker_group|10174|ranker_group,16,15578,15578,0,-1,-1,NULL]
08-01 18:03:17.776  1662  1928 I am_wtf  : [0,1662,system_server,-1,BatteryStatsImpl,All kernel wakelocks were set stale. new version=20]
08-01 18:03:17.792   596   596 I auditd  : avc:  denied  { find } for pid=2802 uid=1000 name=tethering scontext=u:r:color_system_service_app:s0 tcontext=u:object_r:tethering_service:s0 tclass=service_manager permissive=0
08-01 18:03:17.824  1662  1928 I am_wtf  : [0,1662,system_server,-1,OppoBatteryStatsImpl,All kernel wakelocks were set stale. new version=21]
08-01 18:03:17.885  1662  1662 I notification_cancel_all: [1000,3439,com.oppo.oppopowermonitor,0,0,64,9,NULL]
08-01 18:03:17.993   596   596 I auditd  : avc:  denied  { find } for pid=2802 uid=1000 name=tethering scontext=u:r:color_system_service_app:s0 tcontext=u:object_r:tethering_service:s0 tclass=service_manager permissive=0
08-01 18:03:18.194   596   596 I auditd  : avc:  denied  { find } for pid=2802 uid=1000 name=tethering scontext=u:r:color_system_service_app:s0 tcontext=u:object_r:tethering_service:s0 tclass=service_manager permissive=0
08-01 18:03:18.313  6656  6747 I google_http_request: [5,-1,Android-Finsky/14.5.32-all%20%5B2%5D%20%5BPR%5D%20245316635 (api=3,versionCode=81453202,sdk=30,device=OP4AF7,hardware=qcom,product=PDNM00,platformVersionRelease=11,model=PDNM00,buildId=RKQ1.200612.001,isWideScreen=0,supportedAbis=arm64-v8a;armeabi-v7a;armeabi),0]
08-01 18:03:18.354  6656  8235 I google_http_request: [1,-1,Android-Finsky/14.5.32-all%20%5B2%5D%20%5BPR%5D%20245316635 (api=3,versionCode=81453202,sdk=30,device=OP4AF7,hardware=qcom,product=PDNM00,platformVersionRelease=11,model=PDNM00,buildId=RKQ1.200612.001,isWideScreen=0,supportedAbis=arm64-v8a;armeabi-v7a;armeabi),0]
08-01 18:03:18.395   596   596 I auditd  : avc:  denied  { find } for pid=2802 uid=1000 name=tethering scontext=u:r:color_system_service_app:s0 tcontext=u:object_r:tethering_service:s0 tclass=service_manager permissive=0
08-01 18:03:18.529  1662  3498 I am_kill : [0,6427,com.android.dynsystem,995,empty #31]
08-01 18:03:18.558  1662  3498 I am_proc_died: [0,6427,com.android.dynsystem,995,19]
08-01 18:03:18.596   596   596 I auditd  : avc:  denied  { find } for pid=2802 uid=1000 name=tethering scontext=u:r:color_system_service_app:s0 tcontext=u:object_r:tethering_service:s0 tclass=service_manager permissive=0
08-01 18:03:18.796   596   596 I auditd  : avc:  denied  { find } for pid=2802 uid=1000 name=tethering scontext=u:r:color_system_service_app:s0 tcontext=u:object_r:tethering_service:s0 tclass=service_manager permissive=0
08-01 18:03:18.838   596   596 I auditd  : avc:  denied  { find } for pid=4826 uid=10112 name=hypnus scontext=u:r:untrusted_app:s0:c112,c256,c512,c768 tcontext=u:object_r:default_android_service:s0 tclass=service_manager permissive=0
08-01 18:03:18.997   596   596 I auditd  : avc:  denied  { find } for pid=2802 uid=1000 name=tethering scontext=u:r:color_system_service_app:s0 tcontext=u:object_r:tethering_service:s0 tclass=service_manager permissive=0
08-01 18:03:19.198   596   596 I auditd  : avc:  denied  { find } for pid=2802 uid=1000 name=tethering scontext=u:r:color_system_service_app:s0 tcontext=u:object_r:tethering_service:s0 tclass=service_manager permissive=0
08-01 18:03:19.236  1662  2060 I commit_sys_config_file: [package-user-0,12]
08-01 18:03:19.285  1662  3678 I am_uid_running: 10083
08-01 18:03:19.309  1662  1935 I am_proc_start: [0,8270,10083,com.coloros.sceneservice,content provider,{com.coloros.sceneservice/com.coloros.dataengine.database.provider.ScenesProvider}]
08-01 18:03:19.322  1662  2621 I am_uid_active: 10261
08-01 18:03:19.332  1662  1725 I wm_task_created: [219,-1]
08-01 18:03:19.332  1662  1725 I wm_stack_created: 219
08-01 18:03:19.335  1662  3498 I am_proc_bound: [0,8270,com.coloros.sceneservice]
08-01 18:03:19.338  1662  1725 I wm_create_task: [0,219]
08-01 18:03:19.338  1662  1725 I wm_create_activity: [0,81339806,219,com.coloros.assistantscreen/.view.StatementDialogActivity,com.coloros.assistant.statement.dialog.activity,NULL,NULL,343932928]
08-01 18:03:19.339  3344  3344 I wm_on_top_resumed_lost_called: [210442508,com.oppo.launcher.Launcher,topStateChangedWhenResumed]
08-01 18:03:19.341  1662  1725 I wm_pause_activity: [0,210442508,com.oppo.launcher/.Launcher,userLeaving=true]
08-01 18:03:19.348  3344  3344 I wm_on_paused_called: [210442508,com.oppo.launcher.Launcher,performPause]
08-01 18:03:19.361  1662  2622 I wm_restart_activity: [0,81339806,219,com.coloros.assistantscreen/.view.StatementDialogActivity]
08-01 18:03:19.374  1662  2622 I wm_set_resumed_activity: [0,com.coloros.assistantscreen/.view.StatementDialogActivity,minimalResumeActivityLocked]
08-01 18:03:19.387  1662  3498 I am_uid_active: 10083
08-01 18:03:19.396  1662  1864 I sysui_multi_action: [757,803,799,window_time_0,802,22]
08-01 18:03:19.399   596   596 I auditd  : avc:  denied  { find } for pid=2802 uid=1000 name=tethering scontext=u:r:color_system_service_app:s0 tcontext=u:object_r:tethering_service:s0 tclass=service_manager permissive=0
08-01 18:03:19.420  4826  4826 I wm_on_create_called: [81339806,com.coloros.assistantscreen.view.StatementDialogActivity,performCreate]
08-01 18:03:19.431  4826  4826 I wm_on_start_called: [81339806,com.coloros.assistantscreen.view.StatementDialogActivity,handleStartActivity]
08-01 18:03:19.437  4826  4826 I wm_on_resume_called: [81339806,com.coloros.assistantscreen.view.StatementDialogActivity,RESUME_ACTIVITY]
08-01 18:03:19.441  4826  4826 I wm_on_top_resumed_gained_called: [81339806,com.coloros.assistantscreen.view.StatementDialogActivity,topStateChangedWhenResumed]
08-01 18:03:19.531  1662  1910 I sysui_multi_action: [319,200,322,199,325,60,757,761,758,8,759,2,806,com.coloros.assistantscreen,871,com.coloros.assistantscreen.view.StatementDialogActivity,904,com.coloros.assistantscreen,905,0,1320,8,1321,5]
08-01 18:03:19.533  1662  1910 I wm_activity_launch_time: [0,81339806,com.coloros.assistantscreen/.view.StatementDialogActivity,199]
08-01 18:03:19.599   596   596 I auditd  : avc:  denied  { find } for pid=2802 uid=1000 name=tethering scontext=u:r:color_system_service_app:s0 tcontext=u:object_r:tethering_service:s0 tclass=service_manager permissive=0
08-01 18:03:19.602  1662  2562 I commit_sys_config_file: [settings-2-0,4]
08-01 18:03:19.717  1662  3678 I am_uid_running: 10237
08-01 18:03:19.763  1662  1935 I am_proc_start: [0,8320,10237,com.coloros.gamespaceui,service,{com.coloros.gamespaceui/com.coloros.gamespaceui.service.PackageChangedService}]
08-01 18:03:19.801   596   596 I auditd  : avc:  denied  { find } for pid=2802 uid=1000 name=tethering scontext=u:r:color_system_service_app:s0 tcontext=u:object_r:tethering_service:s0 tclass=service_manager permissive=0
08-01 18:03:19.808  1662  3498 I am_proc_bound: [0,8320,com.coloros.gamespaceui]
08-01 18:03:19.831  4021  8348 I gtalk_connection: 16778239
08-01 18:03:19.917  1662  1861 I am_uid_active: 10221
08-01 18:03:20.002   596   596 I auditd  : avc:  denied  { find } for pid=2802 uid=1000 name=tethering scontext=u:r:color_system_service_app:s0 tcontext=u:object_r:tethering_service:s0 tclass=service_manager permissive=0
08-01 18:03:20.037  1662  1910 I service_manager_stats: [100,68,6200]
08-01 18:03:20.173  1662  3504 I am_uid_active: 10237
08-01 18:03:20.203   596   596 I auditd  : avc:  denied  { find } for pid=2802 uid=1000 name=tethering scontext=u:r:color_system_service_app:s0 tcontext=u:object_r:tethering_service:s0 tclass=service_manager permissive=0
08-01 18:03:20.605   596   596 I chatty  : uid=1000(system) /system/bin/servicemanager identical 2 lines
08-01 18:03:20.806   596   596 I auditd  : avc:  denied  { find } for pid=2802 uid=1000 name=tethering scontext=u:r:color_system_service_app:s0 tcontext=u:object_r:tethering_service:s0 tclass=service_manager permissive=0
08-01 18:03:20.806  2802  5255 I service_manager_stats: [100,83,62056]
08-01 18:03:21.007   596   596 I auditd  : avc:  denied  { find } for pid=2802 uid=1000 name=tethering scontext=u:r:color_system_service_app:s0 tcontext=u:object_r:tethering_service:s0 tclass=service_manager permissive=0
08-01 18:03:21.208   596   596 I chatty  : uid=1000(system) /system/bin/servicemanager identical 1 line
08-01 18:03:21.408   596   596 I auditd  : avc:  denied  { find } for pid=2802 uid=1000 name=tethering scontext=u:r:color_system_service_app:s0 tcontext=u:object_r:tethering_service:s0 tclass=service_manager permissive=0
08-01 18:03:21.533  1662  3498 I wm_finish_activity: [0,81339806,219,com.coloros.assistantscreen/.view.StatementDialogActivity,app-request]
08-01 18:03:21.534  1662  3498 I wm_task_moved: [2,1,2147483647]
08-01 18:03:21.544  1662  3498 I wm_pause_activity: [0,81339806,com.coloros.assistantscreen/.view.StatementDialogActivity,userLeaving=false]
08-01 18:03:21.551  4826  4826 I wm_on_top_resumed_lost_called: [81339806,com.coloros.assistantscreen.view.StatementDialogActivity,topStateChangedWhenResumed]
08-01 18:03:21.553  4826  4826 I wm_on_paused_called: [81339806,com.coloros.assistantscreen.view.StatementDialogActivity,performPause]
08-01 18:03:21.561  1662  3504 I wm_resume_activity: [0,210442508,2,com.oppo.launcher/.Launcher]
08-01 18:03:21.563  1662  3504 I wm_destroy_activity: [0,81339806,219,com.coloros.assistantscreen/.view.StatementDialogActivity,finish-imm:completePausedLocked]
08-01 18:03:21.564  1662  3504 I wm_task_moved: [2,1,2147483647]
08-01 18:03:21.565  3344  3344 I wm_on_resume_called: [210442508,com.oppo.launcher.Launcher,RESUME_ACTIVITY]
08-01 18:03:21.571  1662  3504 I wm_set_resumed_activity: [0,com.oppo.launcher/.Launcher,noMoreActivities]
08-01 18:03:21.573  1662  3504 I wm_task_moved: [2,1,2147483647]
08-01 18:03:21.573  1662  3504 I wm_set_resumed_activity: [0,com.oppo.launcher/.Launcher,noMoreActivities]
08-01 18:03:21.583  4826  4826 I wm_on_stop_called: [81339806,com.coloros.assistantscreen.view.StatementDialogActivity,LIFECYCLER_STOP_ACTIVITY]
08-01 18:03:21.584  4826  4826 I wm_on_destroy_called: [81339806,com.coloros.assistantscreen.view.StatementDialogActivity,performDestroy]
08-01 18:03:21.592  1662  2621 I wm_task_moved: [2,1,2147483647]
08-01 18:03:21.592  1662  2621 I wm_set_resumed_activity: [0,com.oppo.launcher/.Launcher,noMoreActivities]
08-01 18:03:21.609   596   596 I auditd  : avc:  denied  { find } for pid=2802 uid=1000 name=tethering scontext=u:r:color_system_service_app:s0 tcontext=u:object_r:tethering_service:s0 tclass=service_manager permissive=0
08-01 18:03:21.640  1662  1864 I sysui_multi_action: [757,803,799,window_time_0,802,2]
08-01 18:03:21.810   596   596 I auditd  : avc:  denied  { find } for pid=2802 uid=1000 name=tethering scontext=u:r:color_system_service_app:s0 tcontext=u:object_r:tethering_service:s0 tclass=service_manager permissive=0
08-01 18:03:21.822  1662  1865 I wm_task_removed: [219,removeChild: last r=ActivityRecord{4d9259e u0 com.coloros.assistantscreen/.view.StatementDialogActivity t-1 f}} in t=Task{b89904c #219 visible=true type=standard mode=fullscreen translucent=true A=10112:com.coloros.assistantscreen U=0 StackId=219 sz=0}]
08-01 18:03:21.822  1662  1865 I wm_task_removed: [219,removeTask]
08-01 18:03:21.822  1662  1865 I wm_task_removed: [219,removeTask]
08-01 18:03:21.822  1662  1865 I wm_stack_removed: 219
08-01 18:03:22.011   596   596 I auditd  : avc:  denied  { find } for pid=2802 uid=1000 name=tethering scontext=u:r:color_system_service_app:s0 tcontext=u:object_r:tethering_service:s0 tclass=service_manager permissive=0
08-01 18:03:22.098  1662  3498 I am_proc_died: [0,7619,com.finshell.wallet:temp,0,5]
08-01 18:03:22.098  1662  3498 I am_uid_stopped: 10115
08-01 18:03:22.212   596   596 I auditd  : avc:  denied  { find } for pid=2802 uid=1000 name=tethering scontext=u:r:color_system_service_app:s0 tcontext=u:object_r:tethering_service:s0 tclass=service_manager permissive=0
08-01 18:03:24.221   596   596 I chatty  : uid=1000(system) /system/bin/servicemanager identical 10 lines
08-01 18:03:24.422   596   596 I auditd  : avc:  denied  { find } for pid=2802 uid=1000 name=tethering scontext=u:r:color_system_service_app:s0 tcontext=u:object_r:tethering_service:s0 tclass=service_manager permissive=0
08-01 18:03:24.506  1662  1910 I am_pss  : [7945,1000,com.coloros.logkit.corservice.LogCoreService,21382144,19271680,0,141213696,0,4,13]
08-01 18:03:24.624   596   596 I auditd  : avc:  denied  { find } for pid=2802 uid=1000 name=tethering scontext=u:r:color_system_service_app:s0 tcontext=u:object_r:tethering_service:s0 tclass=service_manager permissive=0
08-01 18:03:24.825   596   596 I auditd  : avc:  denied  { find } for pid=2802 uid=1000 name=tethering scontext=u:r:color_system_service_app:s0 tcontext=u:object_r:tethering_service:s0 tclass=service_manager permissive=0
08-01 18:03:24.863  1662  1947 I am_uid_running: 10092
08-01 18:03:24.886  1662  1935 I am_proc_start: [0,8418,10092,android.process.contacts,broadcast,{com.android.contacts/com.android.contacts.calllog.CallLogReceiver}]
08-01 18:03:24.915  1662  2622 I am_proc_bound: [0,8418,android.process.contacts]
08-01 18:03:25.025   596   596 I auditd  : avc:  denied  { find } for pid=2802 uid=1000 name=tethering scontext=u:r:color_system_service_app:s0 tcontext=u:object_r:tethering_service:s0 tclass=service_manager permissive=0
08-01 18:03:25.171  1662  1662 I notification_cancel_all: [10080,6334,com.android.providers.downloads,0,0,64,9,NULL]
08-01 18:03:25.227   596   596 I auditd  : avc:  denied  { find } for pid=2802 uid=1000 name=tethering scontext=u:r:color_system_service_app:s0 tcontext=u:object_r:tethering_service:s0 tclass=service_manager permissive=0
08-01 18:03:25.321  1662  1935 I am_proc_start: [0,8471,1000,com.coloros.backuprestore.remoteservice,broadcast,{com.coloros.backuprestore.remoteservice/com.coloros.backuprestore.remoteservice.OppoBootRecevier}]
08-01 18:03:25.349  1662  2622 I am_proc_bound: [0,8471,com.coloros.backuprestore.remoteservice]
08-01 18:03:25.429   596   596 I auditd  : avc:  denied  { find } for pid=2802 uid=1000 name=tethering scontext=u:r:color_system_service_app:s0 tcontext=u:object_r:tethering_service:s0 tclass=service_manager permissive=0
08-01 18:03:25.470  1662  3666 I am_proc_died: [0,7712,com.coloros.findmyphone,905,19]
08-01 18:03:25.471  1662  3666 I am_uid_stopped: 10062
08-01 18:03:25.507   596   596 I auditd  : avc:  denied  { find } for pid=3439 uid=1000 name=hypnus scontext=u:r:system_app:s0 tcontext=u:object_r:default_android_service:s0 tclass=service_manager permissive=0
08-01 18:03:25.514   596   596 I auditd  : avc:  denied  { find } for pid=3439 uid=1000 name=hypnus scontext=u:r:system_app:s0 tcontext=u:object_r:default_android_service:s0 tclass=service_manager permissive=0
08-01 18:03:25.578  1662  3504 I am_uid_running: 10130
08-01 18:03:25.607  1662  1935 I am_proc_start: [0,8510,10130,com.coloros.phonemanager:qhsp.query,broadcast,{com.coloros.phonemanager/com.coloros.phonemanager.aidetect.qhsp.ApkInstallReceiver}]
08-01 18:03:25.630   596   596 I auditd  : avc:  denied  { find } for pid=2802 uid=1000 name=tethering scontext=u:r:color_system_service_app:s0 tcontext=u:object_r:tethering_service:s0 tclass=service_manager permissive=0
08-01 18:03:25.637  1662  3504 I am_proc_bound: [0,8510,com.coloros.phonemanager:qhsp.query]
08-01 18:03:25.828  1662  1910 I am_pss  : [4773,10201,com.google.android.gms,52987904,36687872,0,212918272,0,5,8]
08-01 18:03:25.831   596   596 I auditd  : avc:  denied  { find } for pid=2802 uid=1000 name=tethering scontext=u:r:color_system_service_app:s0 tcontext=u:object_r:tethering_service:s0 tclass=service_manager permissive=0
08-01 18:03:25.838  1662  1910 I am_pss  : [6115,1000,com.qualcomm.qti.qdma,9443328,7786496,0,125874176,0,10,5]
08-01 18:03:25.845  1662  1910 I am_pss  : [6195,10155,com.qualcomm.qti.smq,4926464,3760128,20480,108367872,0,19,5]
08-01 18:03:25.897  1662  3498 I am_uid_running: 10193
08-01 18:03:25.908  1662  2562 I commit_sys_config_file: [settings-2-0,11]
08-01 18:03:25.921  1662  1935 I am_proc_start: [0,8563,10193,com.oppo.ota,broadcast,{com.oppo.ota/com.oppo.ota.strategy.StrategyReceiver}]
08-01 18:03:25.938  3439  3439 I service_manager_stats: [100,170,67187]
08-01 18:03:25.950  1662  2621 I am_proc_bound: [0,8563,com.oppo.ota]
08-01 18:03:26.031   596   596 I auditd  : avc:  denied  { find } for pid=2802 uid=1000 name=tethering scontext=u:r:color_system_service_app:s0 tcontext=u:object_r:tethering_service:s0 tclass=service_manager permissive=0
08-01 18:03:26.060  1662  1910 I am_pss  : [3439,1000,com.coloros.persist.system,94307328,82456576,0,235499520,0,3,9]
08-01 18:03:26.068  1662  1910 I am_pss  : [3551,1000,com.coloros.notificationmanager,23670784,21696512,0,145227776,0,3,5]
08-01 18:03:26.075  1662  1910 I am_pss  : [5107,10150,com.coloros.weather.service,14070784,10321920,0,114634752,0,3,5]
08-01 18:03:26.082  1662  1910 I am_pss  : [4117,1000,com.coloros.deepthinker,21663744,19288064,0,143237120,0,3,6]
08-01 18:03:26.089  1662  1910 I am_pss  : [4705,1000,com.coloros.safecenter:clear_filter,14715904,7196672,0,140869632,0,3,5]
08-01 18:03:26.096  1662  1910 I am_pss  : [4155,10183,com.coloros.gesture,9326592,7557120,0,119013376,0,6,5]
08-01 18:03:26.105  1662  1910 I am_pss  : [4021,10201,com.google.android.gms.persistent,53610496,37720064,0,210944000,0,5,8]
08-01 18:03:26.112  1662  1910 I am_pss  : [3506,10222,com.google.android.ext.services,10616832,6762496,0,131530752,0,5,6]
08-01 18:03:26.119  1662  1910 I am_pss  : [4580,1000,com.coloros.gamespace,16711680,14610432,0,141025280,0,6,6]
08-01 18:03:26.126  1662  1910 I am_pss  : [5195,1000,com.heytap.openid,11483136,9908224,0,130793472,0,3,6]
08-01 18:03:26.144  1662  1910 I am_pss  : [3717,1001,com.qualcomm.qcrilmsgtunnel,5695488,4435968,0,112799744,0,6,5]
08-01 18:03:26.152  1662  1910 I am_pss  : [3393,10209,com.nearme.statistics.rom,12839936,10539008,907264,121208832,0,10,5]
08-01 18:03:26.159  1662  1910 I am_pss  : [4676,10139,com.oppo.instant.local.service,5316608,4079616,0,112758784,0,6,6]
08-01 18:03:26.194  1662  1910 I am_pss  : [5937,10182,com.coloros.eyeprotect,14156800,5967872,6865920,93184000,0,19,5]
08-01 18:03:26.222  1662  1910 I am_pss  : [5964,1000,com.qualcomm.qti.poweroffalarm,11481088,3485696,6906880,97918976,0,19,5]
08-01 18:03:26.233   596   596 I auditd  : avc:  denied  { find } for pid=2802 uid=1000 name=tethering scontext=u:r:color_system_service_app:s0 tcontext=u:object_r:tethering_service:s0 tclass=service_manager permissive=0
08-01 18:03:26.238  1662  1910 I am_pss  : [5573,10185,com.android.smspush,4943872,3719168,0,110690304,0,6,6]
08-01 18:03:26.247  1662  1910 I am_pss  : [4568,10137,com.heytap.pictorial,87624704,79548416,0,198537216,0,6,8]
08-01 18:03:26.255  1662  1910 I am_pss  : [5379,10069,com.heytap.cloud,24616960,17776640,5552128,121475072,0,19,6]
08-01 18:03:26.263  1662  1910 I am_pss  : [5165,10219,com.sohu.inputmethod.sogouoem,49978368,43679744,0,163758080,0,7,6]
08-01 18:03:26.270  1662  1910 I am_pss  : [4619,10210,com.heytap.accessory,16520192,14876672,0,132136960,0,6,6]
08-01 18:03:26.277  1662  1910 I am_pss  : [5136,10217,com.coloros.securitykeyboard,8830976,7008256,0,119971840,0,7,6]
08-01 18:03:26.283  1662  1910 I am_pss  : [4947,10109,com.coloros.exserviceui:ZoomAppControlService,6036480,4096000,0,113582080,0,6,5]
08-01 18:03:26.289  1662  1910 I am_pss  : [4864,10218,com.amap.android.location,9393152,7790592,0,128208896,0,8,5]
08-01 18:03:26.297  1662  1910 I am_pss  : [4541,1000,com.coloros.smartsidebar:edgepanel,16751616,13684736,0,146972672,0,6,6]
08-01 18:03:26.303  1662  1910 I am_pss  : [3926,10109,com.coloros.exserviceui,8334336,5550080,0,130719744,0,6,5]
08-01 18:03:26.310  1662  1910 I am_pss  : [3869,10152,.qtidataservices,6558720,5197824,0,116203520,0,6,5]
08-01 18:03:26.434   596   596 I auditd  : avc:  denied  { find } for pid=2802 uid=1000 name=tethering scontext=u:r:color_system_service_app:s0 tcontext=u:object_r:tethering_service:s0 tclass=service_manager permissive=0
08-01 18:03:26.463  1662  2621 I am_proc_died: [0,8471,com.coloros.backuprestore.remoteservice,500,10]
08-01 18:03:26.635   596   596 I auditd  : avc:  denied  { find } for pid=2802 uid=1000 name=tethering scontext=u:r:color_system_service_app:s0 tcontext=u:object_r:tethering_service:s0 tclass=service_manager permissive=0
08-01 18:03:26.835   596   596 I auditd  : avc:  denied  { find } for pid=2802 uid=1000 name=tethering scontext=u:r:color_system_service_app:s0 tcontext=u:object_r:tethering_service:s0 tclass=service_manager permissive=0
08-01 18:03:26.860  1662  1910 I am_pss  : [6453,10074,com.android.managedprovisioning,8428544,7262208,0,112672768,0,19,5]
08-01 18:03:27.037   596   596 I auditd  : avc:  denied  { find } for pid=2802 uid=1000 name=tethering scontext=u:r:color_system_service_app:s0 tcontext=u:object_r:tethering_service:s0 tclass=service_manager permissive=0
08-01 18:03:27.044  1662  1910 I am_pss  : [6476,10080,android.process.media,8423424,7135232,0,116318208,0,19,8]
08-01 18:03:27.104  1662  1910 I am_pss  : [6497,10211,com.android.packageinstaller,9713664,7770112,0,122421248,0,19,5]
08-01 18:03:27.238   596   596 I auditd  : avc:  denied  { find } for pid=2802 uid=1000 name=tethering scontext=u:r:color_system_service_app:s0 tcontext=u:object_r:tethering_service:s0 tclass=service_manager permissive=0
08-01 18:03:27.439   596   596 I auditd  : avc:  denied  { find } for pid=2802 uid=1000 name=tethering scontext=u:r:color_system_service_app:s0 tcontext=u:object_r:tethering_service:s0 tclass=service_manager permissive=0
08-01 18:03:27.457  1662  1910 I am_pss  : [6552,10089,com.android.providers.calendar,7611392,6139904,0,123277312,0,19,5]
08-01 18:03:27.640   596   596 I auditd  : avc:  denied  { find } for pid=2802 uid=1000 name=tethering scontext=u:r:color_system_service_app:s0 tcontext=u:object_r:tethering_service:s0 tclass=service_manager permissive=0
08-01 18:03:27.648  1662  1910 I am_pss  : [5065,10188,com.android.printspooler,7287808,5529600,0,122232832,0,19,6]
08-01 18:03:27.840   596   596 I auditd  : avc:  denied  { find } for pid=2802 uid=1000 name=tethering scontext=u:r:color_system_service_app:s0 tcontext=u:object_r:tethering_service:s0 tclass=service_manager permissive=0
08-01 18:03:27.856  1662  1863 I commit_sys_config_file: [jobs,10]
08-01 18:03:28.041   596   596 I auditd  : avc:  denied  { find } for pid=2802 uid=1000 name=tethering scontext=u:r:color_system_service_app:s0 tcontext=u:object_r:tethering_service:s0 tclass=service_manager permissive=0
08-01 18:03:28.232  1662  1910 I sysui_multi_action: [757,1717,758,1,759,0]
08-01 18:03:28.233  1662  1910 I sysui_multi_action: [757,1717,758,2,759,0]
08-01 18:03:28.233  1662  1910 I sysui_multi_action: [757,1717,758,3,759,0]
08-01 18:03:28.242   596   596 I auditd  : avc:  denied  { find } for pid=2802 uid=1000 name=tethering scontext=u:r:color_system_service_app:s0 tcontext=u:object_r:tethering_service:s0 tclass=service_manager permissive=0
08-01 18:03:29.045   596   596 I chatty  : uid=1000(system) /system/bin/servicemanager identical 4 lines
08-01 18:03:29.246   596   596 I auditd  : avc:  denied  { find } for pid=2802 uid=1000 name=tethering scontext=u:r:color_system_service_app:s0 tcontext=u:object_r:tethering_service:s0 tclass=service_manager permissive=0
08-01 18:03:29.355  1662  2621 I wm_task_created: [220,-1]
08-01 18:03:29.355  1662  2621 I wm_stack_created: 220
08-01 18:03:29.363  1662  2621 I wm_create_task: [0,220]
08-01 18:03:29.363  1662  2621 I wm_create_activity: [0,5909315,220,com.testDeepSleep/.MainActivity,android.intent.action.MAIN,NULL,NULL,270532608]
08-01 18:03:29.369  1662  2621 I wm_pause_activity: [0,210442508,com.oppo.launcher/.Launcher,userLeaving=true]
08-01 18:03:29.376  3344  3344 I wm_on_paused_called: [210442508,com.oppo.launcher.Launcher,performPause]
08-01 18:03:29.388  1662  3504 I wm_add_to_stopping: [0,210442508,com.oppo.launcher/.Launcher,makeInvisible]
08-01 18:03:29.395  1662  1864 I sysui_multi_action: [757,803,799,window_time_0,802,8]
08-01 18:03:29.409  1662  1910 I am_pss  : [6848,10198,com.google.android.onetimeinitializer,4925440,3764224,0,108900352,0,19,6]
08-01 18:03:29.417  1662  1910 I am_pss  : [6791,10200,com.google.android.configupdater,8204288,7016448,0,113655808,0,19,5]
08-01 18:03:29.419  1662  1935 I am_proc_start: [0,8637,1000,com.testDeepSleep,pre-top-activity,{com.testDeepSleep/com.testDeepSleep.MainActivity}]
08-01 18:03:29.424  1662  1910 I am_pss  : [6759,1000,com.coloros.activation,9198592,5701632,0,105611264,0,19,6]
08-01 18:03:29.424  1662  3678 I am_proc_bound: [0,8637,com.testDeepSleep]
08-01 18:03:29.433  1662  3678 I wm_restart_activity: [0,5909315,220,com.testDeepSleep/.MainActivity]
08-01 18:03:29.436  1662  3678 I wm_set_resumed_activity: [0,com.testDeepSleep/.MainActivity,minimalResumeActivityLocked]
08-01 18:03:29.438  1662  1910 I am_pss  : [6719,10187,com.android.wallpaper.livepicker,8253440,6737920,0,112504832,0,19,6]
08-01 18:03:29.452   596   596 I auditd  : avc:  denied  { find } for pid=2802 uid=1000 name=tethering scontext=u:r:color_system_service_app:s0 tcontext=u:object_r:tethering_service:s0 tclass=service_manager permissive=0
08-01 18:03:29.460  1662  1910 I am_pss  : [6631,10105,com.android.traceur,8166400,6950912,0,114065408,0,19,6]
08-01 18:03:29.473  1662  1910 I am_pss  : [6609,1000,com.android.settings:background,22441984,18657280,0,139264000,0,19,6]
08-01 18:03:29.480  1662  1910 I am_pss  : [6587,2000,com.android.shell,5300224,4149248,0,109277184,0,19,5]
08-01 18:03:29.504  8637  8637 I wm_on_create_called: [5909315,com.testDeepSleep.MainActivity,performCreate]
08-01 18:03:29.505  8637  8637 I wm_on_start_called: [5909315,com.testDeepSleep.MainActivity,handleStartActivity]
08-01 18:03:29.505  8637  8637 I wm_on_resume_called: [5909315,com.testDeepSleep.MainActivity,RESUME_ACTIVITY]
08-01 18:03:29.505   596   596 I auditd  : avc:  denied  { find } for pid=8637 uid=1000 name=hypnus scontext=u:r:system_app:s0 tcontext=u:object_r:default_android_service:s0 tclass=service_manager permissive=0
08-01 18:03:29.514  8637  8637 I wm_on_top_resumed_gained_called: [5909315,com.testDeepSleep.MainActivity,topStateChangedWhenResumed]
08-01 18:03:29.574  1662  1910 I sysui_multi_action: [319,113,321,104,322,226,325,70,757,761,758,7,759,1,806,com.testDeepSleep,871,com.testDeepSleep.MainActivity,904,com.oppo.launcher,905,0,945,89,1320,8,1321,4]
08-01 18:03:29.575  1662  1910 I wm_activity_launch_time: [0,5909315,com.testDeepSleep/.MainActivity,226]
08-01 18:03:29.589  1662  1864 I am_kill : [0,5379,com.heytap.cloud,999,empty #31]
08-01 18:03:29.619  1662  2621 I am_proc_died: [0,5379,com.heytap.cloud,999,19]
08-01 18:03:29.622  1662  2621 I am_uid_stopped: 10069
08-01 18:03:29.654   596   596 I auditd  : avc:  denied  { find } for pid=2802 uid=1000 name=tethering scontext=u:r:color_system_service_app:s0 tcontext=u:object_r:tethering_service:s0 tclass=service_manager permissive=0
08-01 18:03:29.855   596   596 I auditd  : avc:  denied  { find } for pid=2802 uid=1000 name=tethering scontext=u:r:color_system_service_app:s0 tcontext=u:object_r:tethering_service:s0 tclass=service_manager permissive=0
08-01 18:03:29.918  1662  1910 I am_pss  : [7001,1000,com.heytap.habit.analysis,10612736,6852608,0,111153152,0,19,5]
08-01 18:03:29.925  1662  1910 I am_pss  : [6020,10114,com.coloros.calendar,20375552,15794176,0,123056128,0,19,5]
08-01 18:03:29.932  1662  1910 I am_pss  : [7022,99000,com.google.android.webview:sandboxed_process0:org.chromium.content.app.SandboxedProcessService0:0,8316928,3047424,0,104841216,0,6,4]
08-01 18:03:29.949  1662  1864 I wm_stop_activity: [0,210442508,com.oppo.launcher/.Launcher]
08-01 18:03:29.952  3344  3344 I force_gc: mem
08-01 18:03:29.952  3344  3344 I wm_on_stop_called: [210442508,com.oppo.launcher.Launcher,STOP_ACTIVITY_ITEM]
08-01 18:03:30.021  1662  3504 I am_kill : [0,6453,com.android.managedprovisioning,999,empty #31]
08-01 18:03:30.041  1662  2622 I am_proc_died: [0,6453,com.android.managedprovisioning,999,19]
08-01 18:03:30.041  1662  2622 I am_uid_stopped: 10074
08-01 18:03:30.055   596   596 I auditd  : avc:  denied  { find } for pid=2802 uid=1000 name=tethering scontext=u:r:color_system_service_app:s0 tcontext=u:object_r:tethering_service:s0 tclass=service_manager permissive=0
08-01 18:03:30.256   596   596 I chatty  : uid=1000(system) /system/bin/servicemanager identical 1 line
08-01 18:03:30.456   596   596 I auditd  : avc:  denied  { find } for pid=2802 uid=1000 name=tethering scontext=u:r:color_system_service_app:s0 tcontext=u:object_r:tethering_service:s0 tclass=service_manager permissive=0
