08-01 18:05:21.742   596   596 I auditd  : avc:  denied  { find } for pid=2802 uid=1000 name=tethering scontext=u:r:color_system_service_app:s0 tcontext=u:object_r:tethering_service:s0 tclass=service_manager permissive=0
08-01 18:05:21.742  2802  5255 I service_manager_stats: [100,81,20190]
08-01 18:05:21.944   596   596 I auditd  : avc:  denied  { find } for pid=2802 uid=1000 name=tethering scontext=u:r:color_system_service_app:s0 tcontext=u:object_r:tethering_service:s0 tclass=service_manager permissive=0
08-01 18:05:41.675   596   596 I chatty  : uid=1000(system) /system/bin/servicemanager identical 98 lines
08-01 18:05:41.876   596   596 I auditd  : avc:  denied  { find } for pid=2802 uid=1000 name=tethering scontext=u:r:color_system_service_app:s0 tcontext=u:object_r:tethering_service:s0 tclass=service_manager permissive=0
08-01 18:05:41.876  2802  5255 I service_manager_stats: [100,76,20134]
08-01 18:05:42.077   596   596 I auditd  : avc:  denied  { find } for pid=2802 uid=1000 name=tethering scontext=u:r:color_system_service_app:s0 tcontext=u:object_r:tethering_service:s0 tclass=service_manager permissive=0
08-01 18:05:47.108   596   596 I chatty  : uid=1000(system) /system/bin/servicemanager identical 25 lines
08-01 18:05:47.309   596   596 I auditd  : avc:  denied  { find } for pid=2802 uid=1000 name=tethering scontext=u:r:color_system_service_app:s0 tcontext=u:object_r:tethering_service:s0 tclass=service_manager permissive=0
08-01 18:05:47.420  1662  4939 I am_kill : [0,7369,com.nearme.instant.platform:provider,985,stop com.nearme.instant.platform due to from pid 3439]
08-01 18:05:47.423  1662  4939 I am_uid_stopped: 10107
08-01 18:05:47.425  1662  4939 I am_kill : [0,7174,com.nearme.instant.platform,905,stop com.nearme.instant.platform due to from pid 3439]
08-01 18:05:47.445  1662  1662 I notification_cancel_all: [1000,1662,com.nearme.instant.platform,0,0,0,10020,NULL]
08-01 18:05:47.458  1662  5516 I am_uid_stopped: 10066
08-01 18:05:47.459  1662  5516 I am_kill : [0,9178,com.heytap.market,500,stop com.heytap.market due to from pid 3439]
08-01 18:05:47.468  1662  1662 I notification_cancel_all: [1000,1662,com.heytap.market,0,0,0,10020,NULL]
08-01 18:05:47.475  1662  1910 I am_pss  : [3344,10106,com.oppo.launcher,124787712,115646464,0,280887296,0,5,8]
08-01 18:05:47.479  1662  5516 I am_uid_stopped: 10078
08-01 18:05:47.480  1662  5516 I am_kill : [0,9127,com.heytap.browser,905,stop com.heytap.browser due to from pid 3439]
08-01 18:05:47.487  1662  1662 I notification_cancel_all: [1000,1662,com.heytap.browser,0,0,0,10020,NULL]
08-01 18:05:47.497  1662  3755 I am_kill : [0,4233,com.google.process.gservices,905,stop com.google.android.gsf due to from pid 3439]
08-01 18:05:47.501  1662  3755 I am_kill : [0,5975,com.google.process.gapps,965,stop com.google.android.gsf due to from pid 3439]
08-01 18:05:47.511   596   596 I auditd  : avc:  denied  { find } for pid=2802 uid=1000 name=tethering scontext=u:r:color_system_service_app:s0 tcontext=u:object_r:tethering_service:s0 tclass=service_manager permissive=0
08-01 18:05:47.514  1662  1662 I notification_cancel_all: [1000,1662,com.google.android.gsf,0,0,0,10020,NULL]
08-01 18:05:47.517  1662  1910 I am_pss  : [8833,10135,com.oppo.ctautoregist,7068672,5754880,0,112578560,0,19,5]
08-01 18:05:47.528  1662  2562 I commit_sys_config_file: [settings-1-0,6]
08-01 18:05:47.528  1662  3249 I am_uid_stopped: 10128
08-01 18:05:47.529  1662  3249 I am_kill : [0,8808,com.coloros.regservice,500,stop com.coloros.regservice due to from pid 3439]
08-01 18:05:47.539  1662  1662 I notification_cancel_all: [1000,1662,com.coloros.regservice,0,0,0,10020,NULL]
08-01 18:05:47.549  1662  5516 I am_uid_stopped: 10104
08-01 18:05:47.550  1662  5516 I am_kill : [0,8785,com.coloros.providers.fileinfo,915,stop com.coloros.providers.fileinfo due to from pid 3439]
08-01 18:05:47.562  1662  1662 I notification_cancel_all: [1000,1662,com.coloros.providers.fileinfo,0,0,0,10020,NULL]
08-01 18:05:47.567  1662  1910 I am_pss  : [2782,10213,com.nearme.romupdate,7782400,6111232,0,120422400,0,19,4]
08-01 18:05:47.570  1662  5516 I am_uid_stopped: 10079
08-01 18:05:47.571  1662  5516 I am_kill : [0,7733,com.android.mms,500,stop com.android.mms due to from pid 3439]
08-01 18:05:47.578  1662  1662 I notification_cancel_all: [1000,1662,com.android.mms,0,0,0,10020,NULL]
08-01 18:05:47.580  1662  1910 I am_pss  : [7526,10160,com.qti.ltebc,8084480,6369280,0,123248640,0,19,6]
08-01 18:05:47.588  1662  3249 I am_kill : [0,6522,com.android.permissioncontroller,1000,o-kill: 33]
08-01 18:05:47.594  1662  1910 I am_pss  : [2836,10174,com.android.systemui,173923328,157581312,0,308690944,0,5,10]
08-01 18:05:47.595  1662  5516 I am_uid_stopped: 10130
08-01 18:05:47.596  1662  5516 I am_kill : [0,8510,com.coloros.phonemanager:qhsp.query,915,stop com.coloros.phonemanager due to from pid 3439]
08-01 18:05:47.602  1662  1662 I notification_cancel_all: [1000,1662,com.coloros.phonemanager,0,0,0,10020,NULL]
08-01 18:05:47.617  1662  3666 I am_uid_stopped: 10160
08-01 18:05:47.618  1662  3666 I am_kill : [0,7526,com.qti.ltebc,925,stop com.qti.ltebc due to from pid 3439]
08-01 18:05:47.628  1662  1662 I notification_cancel_all: [1000,1662,com.qti.ltebc,0,0,0,10020,NULL]
08-01 18:05:47.631  1662  5516 I am_proc_died: [0,6522,com.android.permissioncontroller,915,19]
08-01 18:05:47.632  1662  5516 I am_uid_stopped: 10221
08-01 18:05:47.641  1662  3678 I am_uid_stopped: 10237
08-01 18:05:47.643  1662  3678 I am_kill : [0,8320,com.coloros.gamespaceui,925,stop com.coloros.gamespaceui due to from pid 3439]
08-01 18:05:47.657  1662  1662 I notification_cancel_all: [1000,1662,com.coloros.gamespaceui,0,0,0,10020,NULL]
08-01 18:05:47.664  1662  5516 I am_uid_stopped: 10202
08-01 18:05:47.666  1662  5516 I am_kill : [0,6656,com.android.vending,935,stop com.android.vending due to from pid 3439]
08-01 18:05:47.686  1662  1662 I notification_cancel_all: [1000,1662,com.android.vending,0,0,0,10020,NULL]
08-01 18:05:47.687  3439  9575 I service_manager_stats: [100,60,92258]
08-01 18:05:47.692  1662  5516 I am_kill : [0,7556,com.qualcomm.qti.modemtestmode,800,stop com.qualcomm.qti.modemtestmode due to from pid 3439]
08-01 18:05:47.704  1662  1662 I notification_cancel_all: [1000,1662,com.qualcomm.qti.modemtestmode,0,0,0,10020,NULL]
08-01 18:05:47.711   596   596 I auditd  : avc:  denied  { find } for pid=2802 uid=1000 name=tethering scontext=u:r:color_system_service_app:s0 tcontext=u:object_r:tethering_service:s0 tclass=service_manager permissive=0
08-01 18:05:47.713  1662  3678 I am_uid_stopped: 10063
08-01 18:05:47.714  1662  3678 I am_kill : [0,7757,com.android.externalstorage,935,stop com.android.externalstorage due to from pid 3439]
08-01 18:05:47.723  1662  1662 I notification_cancel_all: [1000,1662,com.android.externalstorage,0,0,0,10020,NULL]
08-01 18:05:47.730  1662  1725 I am_uid_stopped: 10199
08-01 18:05:47.731  1662  1725 I am_kill : [0,6884,com.google.android.partnersetup,935,stop com.google.android.partnersetup due to from pid 3439]
08-01 18:05:47.740  1662  1662 I notification_cancel_all: [1000,1662,com.google.android.partnersetup,0,0,0,10020,NULL]
08-01 18:05:47.748  1662  3666 I am_uid_stopped: 10155
08-01 18:05:47.749  1662  3666 I am_kill : [0,6195,com.qualcomm.qti.smq,945,stop com.qualcomm.qti.smq due to from pid 3439]
08-01 18:05:47.764  1662  2621 I am_kill : [0,6115,com.qualcomm.qti.qdma,1000,o-kill: 33]
08-01 18:05:47.766  1662  1662 I notification_cancel_all: [1000,1662,com.qualcomm.qti.smq,0,0,0,10020,NULL]
08-01 18:05:47.771  1662  3755 I am_uid_stopped: 10190
08-01 18:05:47.772  1662  3755 I am_kill : [0,6064,com.qualcomm.qti.qccauthmgr,945,stop com.qualcomm.qti.qccauthmgr due to from pid 3439]
08-01 18:05:47.773  4296  4296 I liblog  : 5
08-01 18:05:47.786  1662  3755 I service_manager_stats: [100,67,132571]
08-01 18:05:47.789  1662  1662 I notification_cancel_all: [1000,1662,com.qualcomm.qti.qccauthmgr,0,0,0,10020,NULL]
08-01 18:05:47.794  1662  5516 I am_proc_died: [0,6115,com.qualcomm.qti.qdma,800,10]
08-01 18:05:47.794  1662  5516 I am_schedule_service_restart: [0,com.qualcomm.qti.qdma/.job.QDMAJobService,1000]
08-01 18:05:47.795  1662  5516 I am_schedule_service_restart: [0,com.qualcomm.qti.qdma/.app.QccNasService,11000]
08-01 18:05:47.795  1662  5516 I am_schedule_service_restart: [0,com.qualcomm.qti.qdma/.uploader.UploaderService,21000]
08-01 18:05:47.795  1662  5516 I am_schedule_service_restart: [0,com.qualcomm.qti.qdma/.app.ActiveCareService,31000]
08-01 18:05:47.800  1662  3755 I am_kill : [0,7494,com.qualcomm.qti.lpa,965,stop com.qualcomm.qti.lpa due to from pid 3439]
08-01 18:05:47.808  1662  1662 I notification_cancel_all: [1000,1662,com.qualcomm.qti.lpa,0,0,0,10020,NULL]
08-01 18:05:47.814  1662  5516 I am_uid_stopped: 10205
08-01 18:05:47.816  1662  5516 I am_kill : [0,6918,com.google.android.syncadapters.contacts,965,stop com.google.android.syncadapters.contacts due to from pid 3439]
08-01 18:05:47.824  1662  1662 I notification_cancel_all: [1000,1662,com.google.android.syncadapters.contacts,0,0,0,10020,NULL]
08-01 18:05:47.832  1662  5516 I am_uid_stopped: 10114
08-01 18:05:47.832  1662  5516 I am_kill : [0,6020,com.coloros.calendar,965,stop com.coloros.calendar due to from pid 3439]
08-01 18:05:47.838  1662  1662 I notification_cancel_all: [1000,1662,com.coloros.calendar,0,0,0,10020,NULL]
08-01 18:05:47.847  1662  2621 I am_uid_stopped: 10198
08-01 18:05:47.848  1662  2621 I am_kill : [0,6848,com.google.android.onetimeinitializer,965,stop com.google.android.onetimeinitializer due to from pid 3439]
08-01 18:05:47.863  1662  1662 I notification_cancel_all: [1000,1662,com.google.android.onetimeinitializer,0,0,0,10020,NULL]
08-01 18:05:47.869  1662  3666 I am_uid_stopped: 10200
08-01 18:05:47.870  1662  3666 I am_kill : [0,6791,com.google.android.configupdater,965,stop com.google.android.configupdater due to from pid 3439]
08-01 18:05:47.879  1662  1662 I notification_cancel_all: [1000,1662,com.google.android.configupdater,0,0,0,10020,NULL]
08-01 18:05:47.887  1662  2622 I am_uid_stopped: 10089
08-01 18:05:47.888  1662  2622 I am_kill : [0,6552,com.android.providers.calendar,975,stop com.android.providers.calendar due to from pid 3439]
08-01 18:05:47.895  1662  1662 I notification_cancel_all: [1000,1662,com.android.providers.calendar,0,0,0,10020,NULL]
08-01 18:05:47.909  1662  3666 I am_uid_stopped: 10152
08-01 18:05:47.910  1662  3666 I am_kill : [0,3869,.qtidataservices,100,stop vendor.qti.iwlan due to from pid 3439]
08-01 18:05:47.912   596   596 I auditd  : avc:  denied  { find } for pid=2802 uid=1000 name=tethering scontext=u:r:color_system_service_app:s0 tcontext=u:object_r:tethering_service:s0 tclass=service_manager permissive=0
08-01 18:05:47.921  1662  1662 I notification_cancel_all: [1000,1662,vendor.qti.iwlan,0,0,0,10020,NULL]
08-01 18:05:48.030  4296  4296 I liblog  : 142
08-01 18:05:48.114   596   596 I auditd  : avc:  denied  { find } for pid=2802 uid=1000 name=tethering scontext=u:r:color_system_service_app:s0 tcontext=u:object_r:tethering_service:s0 tclass=service_manager permissive=0
08-01 18:05:48.519   596   596 I chatty  : uid=1000(system) /system/bin/servicemanager identical 2 lines
08-01 18:05:48.722   596   596 I auditd  : avc:  denied  { find } for pid=2802 uid=1000 name=tethering scontext=u:r:color_system_service_app:s0 tcontext=u:object_r:tethering_service:s0 tclass=service_manager permissive=0
08-01 18:05:48.835  1662  1935 I am_proc_start: [0,9605,1000,com.qualcomm.qti.qdma,service,{com.qualcomm.qti.qdma/com.qualcomm.qti.qdma.job.QDMAJobService}]
08-01 18:05:48.863  1662  5112 I am_proc_bound: [0,9605,com.qualcomm.qti.qdma]
08-01 18:05:48.912   597   597 I auditd  : avc:  denied  { find } for interface=vendor.qti.hardware.perf::IPerf sid=u:r:vendor_qcc_app:s0 pid=9605 scontext=u:r:vendor_qcc_app:s0 tcontext=u:object_r:vendor_hal_perf_hwservice:s0 tclass=hwservice_manager permissive=0
08-01 18:05:48.913   597   597 I auditd  : avc:  denied  { find } for interface=vendor.qti.hardware.perf::IPerf sid=u:r:vendor_qcc_app:s0 pid=9605 scontext=u:r:vendor_qcc_app:s0 tcontext=u:object_r:vendor_hal_perf_hwservice:s0 tclass=hwservice_manager permissive=0
08-01 18:05:48.922   596   596 I auditd  : avc:  denied  { find } for pid=2802 uid=1000 name=tethering scontext=u:r:color_system_service_app:s0 tcontext=u:object_r:tethering_service:s0 tclass=service_manager permissive=0
08-01 18:05:48.948  1662  5112 I am_uid_running: 10190
08-01 18:05:48.970  1662  1935 I am_proc_start: [0,9630,10190,com.qualcomm.qti.qccauthmgr,content provider,{com.qualcomm.qti.qccauthmgr/com.qualcomm.qti.qccauthmgr.providers.SMQContentProvider}]
08-01 18:05:48.997  1662  2616 I am_proc_bound: [0,9630,com.qualcomm.qti.qccauthmgr]
08-01 18:05:49.123   596   596 I auditd  : avc:  denied  { find } for pid=2802 uid=1000 name=tethering scontext=u:r:color_system_service_app:s0 tcontext=u:object_r:tethering_service:s0 tclass=service_manager permissive=0
08-01 18:05:54.986   596   596 I chatty  : uid=1000(system) /system/bin/servicemanager identical 29 lines
08-01 18:05:55.189   596   596 I auditd  : avc:  denied  { find } for pid=2802 uid=1000 name=tethering scontext=u:r:color_system_service_app:s0 tcontext=u:object_r:tethering_service:s0 tclass=service_manager permissive=0
08-01 18:05:55.327  1662  5112 I sysui_multi_action: [757,803,799,fingerprintd_openhal_error,802,1]
08-01 18:05:55.391   596   596 I auditd  : avc:  denied  { find } for pid=2802 uid=1000 name=tethering scontext=u:r:color_system_service_app:s0 tcontext=u:object_r:tethering_service:s0 tclass=service_manager permissive=0
08-01 18:05:57.208   596   596 I chatty  : uid=1000(system) /system/bin/servicemanager identical 9 lines
08-01 18:05:57.411   596   596 I auditd  : avc:  denied  { find } for pid=2802 uid=1000 name=tethering scontext=u:r:color_system_service_app:s0 tcontext=u:object_r:tethering_service:s0 tclass=service_manager permissive=0
08-01 18:05:57.456  1662  2060 I commit_sys_config_file: [package-user-0,11]
08-01 18:05:57.612   596   596 I auditd  : avc:  denied  { find } for pid=2802 uid=1000 name=tethering scontext=u:r:color_system_service_app:s0 tcontext=u:object_r:tethering_service:s0 tclass=service_manager permissive=0
08-01 18:06:01.840   596   596 I chatty  : uid=1000(system) /system/bin/servicemanager identical 21 lines
08-01 18:06:02.041   596   596 I auditd  : avc:  denied  { find } for pid=2802 uid=1000 name=tethering scontext=u:r:color_system_service_app:s0 tcontext=u:object_r:tethering_service:s0 tclass=service_manager permissive=0
08-01 18:06:02.042  2802  5255 I service_manager_stats: [100,80,20165]
08-01 18:06:02.243   596   596 I auditd  : avc:  denied  { find } for pid=2802 uid=1000 name=tethering scontext=u:r:color_system_service_app:s0 tcontext=u:object_r:tethering_service:s0 tclass=service_manager permissive=0
08-01 18:06:02.315  1662  2616 I sysui_multi_action: [757,803,799,fingerprintd_openhal_error,802,1]
08-01 18:06:02.445   596   596 I auditd  : avc:  denied  { find } for pid=2802 uid=1000 name=tethering scontext=u:r:color_system_service_app:s0 tcontext=u:object_r:tethering_service:s0 tclass=service_manager permissive=0
08-01 18:06:06.491   596   596 I chatty  : uid=1000(system) /system/bin/servicemanager identical 20 lines
08-01 18:06:06.692   596   596 I auditd  : avc:  denied  { find } for pid=2802 uid=1000 name=tethering scontext=u:r:color_system_service_app:s0 tcontext=u:object_r:tethering_service:s0 tclass=service_manager permissive=0
08-01 18:06:06.772   596   596 I auditd  : avc:  denied  { find } for pid=4155 uid=10183 name=hypnus scontext=u:r:platform_app:s0:c512,c768 tcontext=u:object_r:default_android_service:s0 tclass=service_manager permissive=0
08-01 18:06:06.893   596   596 I auditd  : avc:  denied  { find } for pid=2802 uid=1000 name=tethering scontext=u:r:color_system_service_app:s0 tcontext=u:object_r:tethering_service:s0 tclass=service_manager permissive=0
08-01 18:06:07.096   596   596 I chatty  : uid=1000(system) /system/bin/servicemanager identical 1 line
08-01 18:06:07.297   596   596 I auditd  : avc:  denied  { find } for pid=2802 uid=1000 name=tethering scontext=u:r:color_system_service_app:s0 tcontext=u:object_r:tethering_service:s0 tclass=service_manager permissive=0
08-01 18:06:07.353  1662  2586 I intercept_power: [ACTION_DOWN,1,0]
08-01 18:06:07.368  1662  1662 I screen_toggled: 1
08-01 18:06:07.368  1662  1662 I power_screen_broadcast_send: 1
08-01 18:06:07.377  1662  2621 I sysui_multi_action: [757,127,758,1]
08-01 18:06:07.377  1662  2621 I sysui_multi_action: [757,804,799,note_load,801,1,802,1]
08-01 18:06:07.377  1662  2621 I notification_panel_revealed: 1
08-01 18:06:07.391  1662  2024 I sysui_multi_action: [757,1696,758,6,759,3]
08-01 18:06:07.403  1662  1928 I am_wtf  : [0,1662,system_server,-1,BatteryStatsImpl,All kernel wakelocks were set stale. new version=36]
08-01 18:06:07.419  1662  3666 I sysui_multi_action: [757,803,799,fingerprintd_openhal_error,802,1]
08-01 18:06:07.472  1662  1910 I am_pss  : [7945,1000,com.coloros.logkit.corservice.LogCoreService,21903360,19288064,0,141230080,0,4,6]
08-01 18:06:07.499   596   596 I auditd  : avc:  denied  { find } for pid=2802 uid=1000 name=tethering scontext=u:r:color_system_service_app:s0 tcontext=u:object_r:tethering_service:s0 tclass=service_manager permissive=0
08-01 18:06:07.506  1662  1662 I battery_saving_stats: [0,0,0,107743,0,0,107743,0,0]
08-01 18:06:07.514  1662  2586 I intercept_power: [ACTION_UP,1,0]
08-01 18:06:07.527  3300  3300 I gsm_service_state_change: [1,1,1,1]
08-01 18:06:07.548  1662  2616 I sysui_multi_action: [757,803,799,fingerprintd_openhal_error,802,1]
08-01 18:06:07.548  3300  3300 I gsm_service_state_change: [1,1,1,1]
08-01 18:06:07.669  1662  1662 I sysui_multi_action: [757,198,758,1,759,1,1359,316,1694,1]
08-01 18:06:07.670  1662  1662 I power_screen_state: [1,0,0,0,316]
08-01 18:06:07.679  1662  2760 I sysui_multi_action: [757,803,799,fingerprintd_openhal_error,802,1]
08-01 18:06:07.699   596   596 I auditd  : avc:  denied  { find } for pid=2802 uid=1000 name=tethering scontext=u:r:color_system_service_app:s0 tcontext=u:object_r:tethering_service:s0 tclass=service_manager permissive=0
08-01 18:06:07.771  1662  1935 I am_proc_start: [0,9769,10201,com.google.process.gservices,content provider,{com.google.android.gsf/com.google.android.gsf.gservices.GservicesProvider}]
08-01 18:06:07.795  1662  5516 I am_proc_bound: [0,9769,com.google.process.gservices]
08-01 18:06:07.891  1662  2562 I commit_sys_config_file: [settings-1-0,13]
08-01 18:06:07.900   596   596 I auditd  : avc:  denied  { find } for pid=2802 uid=1000 name=tethering scontext=u:r:color_system_service_app:s0 tcontext=u:object_r:tethering_service:s0 tclass=service_manager permissive=0
08-01 18:06:07.905  1662  1662 I power_screen_broadcast_done: [1,536,1]
08-01 18:06:08.048  2836  2836 I sysui_multi_action: [757,804,799,falsing_success_after_attempts,801,1,802,1]
08-01 18:06:08.048  2836  2836 I sysui_multi_action: [757,186,758,4,826,118,827,4388]
08-01 18:06:08.048  2836  2836 I sysui_lockscreen_gesture: [1,118,4388]
08-01 18:06:08.049  2836  2836 I sysui_multi_action: [757,804,799,falsing_success_after_attempts,801,1,802,1]
08-01 18:06:08.101   596   596 I auditd  : avc:  denied  { find } for pid=2802 uid=1000 name=tethering scontext=u:r:color_system_service_app:s0 tcontext=u:object_r:tethering_service:s0 tclass=service_manager permissive=0
08-01 18:06:08.127  1662  2562 I commit_sys_config_file: [settings-1-0,13]
08-01 18:06:08.164  1662  5112 I sysui_multi_action: [757,127,758,2]
08-01 18:06:08.164  1662  5112 I notification_panel_hidden: 
08-01 18:06:08.164  2836  2836 I sysui_multi_action: [757,197,758,5,759,0]
08-01 18:06:08.167  1662  3678 I wm_set_keyguard_shown: [1,0,1,keyguardGoingAway]
08-01 18:06:08.172  1662  3678 I wm_set_resumed_activity: [0,com.oppo.launcher/.Launcher,resumeTopActivityInnerLocked]
08-01 18:06:08.173  1662  3678 I wm_resume_activity: [0,210442508,2,com.oppo.launcher/.Launcher]
08-01 18:06:08.191  3344  3344 I wm_on_restart_called: [210442508,com.oppo.launcher.Launcher,performRestartActivity]
08-01 18:06:08.196  3344  3344 I wm_on_start_called: [210442508,com.oppo.launcher.Launcher,handleStartActivity]
08-01 18:06:08.197  3344  3344 I wm_on_resume_called: [210442508,com.oppo.launcher.Launcher,RESUME_ACTIVITY]
08-01 18:06:08.197  3344  3344 I wm_on_top_resumed_gained_called: [210442508,com.oppo.launcher.Launcher,topWhenResuming]
08-01 18:06:08.237  2836  2836 I sysui_multi_action: [757,111,758,2]
08-01 18:06:08.242  2836  2836 I sysui_multi_action: [757,196,758,2,759,0]
08-01 18:06:08.242  2836  2836 I sysui_status_bar_state: [0,0,0,0,0,1]
08-01 18:06:08.290  1662  5112 I wm_set_keyguard_shown: [0,0,1,setKeyguardShown]
08-01 18:06:08.291  1662  1864 I user_activity_timeout_override: -1
08-01 18:06:08.301   596   596 I auditd  : avc:  denied  { find } for pid=2802 uid=1000 name=tethering scontext=u:r:color_system_service_app:s0 tcontext=u:object_r:tethering_service:s0 tclass=service_manager permissive=0
08-01 18:06:08.318  1662  1864 I device_idle: [0,unlocked]
08-01 18:06:08.319  1662  1864 I device_idle_light: [0,unlocked]
08-01 18:06:08.320  1662  1910 I device_idle_off_start: unlocked
08-01 18:06:08.320  1662  1910 I device_idle_off_complete: 
08-01 18:06:08.503   596   596 I auditd  : avc:  denied  { find } for pid=2802 uid=1000 name=tethering scontext=u:r:color_system_service_app:s0 tcontext=u:object_r:tethering_service:s0 tclass=service_manager permissive=0
08-01 18:06:10.309   596   596 I chatty  : uid=1000(system) /system/bin/servicemanager identical 9 lines
08-01 18:06:10.509   596   596 I auditd  : avc:  denied  { find } for pid=2802 uid=1000 name=tethering scontext=u:r:color_system_service_app:s0 tcontext=u:object_r:tethering_service:s0 tclass=service_manager permissive=0
08-01 18:06:10.706  1662  2618 I wm_task_created: [221,-1]
08-01 18:06:10.707  1662  2618 I wm_stack_created: 221
08-01 18:06:10.710   596   596 I auditd  : avc:  denied  { find } for pid=2802 uid=1000 name=tethering scontext=u:r:color_system_service_app:s0 tcontext=u:object_r:tethering_service:s0 tclass=service_manager permissive=0
08-01 18:06:10.716  1662  2618 I wm_create_task: [0,221]
08-01 18:06:10.716  1662  2618 I wm_create_activity: [0,94609213,221,com.test.demo/.MainActivity,android.intent.action.MAIN,NULL,NULL,270532608]
08-01 18:06:10.719  1662  2618 I wm_pause_activity: [0,210442508,com.oppo.launcher/.Launcher,userLeaving=true]
08-01 18:06:10.724  3344  3344 I wm_on_top_resumed_lost_called: [210442508,com.oppo.launcher.Launcher,topStateChangedWhenResumed]
08-01 18:06:10.726  3344  3344 I wm_on_paused_called: [210442508,com.oppo.launcher.Launcher,performPause]
08-01 18:06:10.739  1662  3498 I wm_add_to_stopping: [0,210442508,com.oppo.launcher/.Launcher,makeInvisible]
08-01 18:06:10.746  1662  1864 I am_uid_running: 10287
08-01 18:06:10.753  1662  1864 I sysui_multi_action: [757,803,799,window_time_0,802,112]
08-01 18:06:10.777  1662  1935 I am_proc_start: [0,9848,10287,com.test.demo,pre-top-activity,{com.test.demo/com.test.demo.MainActivity}]
08-01 18:06:10.790  1662  5112 I am_proc_bound: [0,9848,com.test.demo]
08-01 18:06:10.796  1662  5112 I wm_restart_activity: [0,94609213,221,com.test.demo/.MainActivity]
08-01 18:06:10.806  1662  5112 I wm_set_resumed_activity: [0,com.test.demo/.MainActivity,minimalResumeActivityLocked]
08-01 18:06:10.837  1662  1864 I am_uid_active: 10287
08-01 18:06:10.895  9848  9848 I wm_on_create_called: [94609213,com.test.demo.MainActivity,performCreate]
08-01 18:06:10.896  9848  9848 I wm_on_start_called: [94609213,com.test.demo.MainActivity,handleStartActivity]
08-01 18:06:10.897  9848  9848 I wm_on_resume_called: [94609213,com.test.demo.MainActivity,RESUME_ACTIVITY]
08-01 18:06:10.898   596   596 I auditd  : avc:  denied  { find } for pid=9848 uid=10287 name=hypnus scontext=u:r:platform_app:s0:c512,c768 tcontext=u:object_r:default_android_service:s0 tclass=service_manager permissive=0
08-01 18:06:10.907  9848  9848 I wm_on_top_resumed_gained_called: [94609213,com.test.demo.MainActivity,topStateChangedWhenResumed]
08-01 18:06:10.911   596   596 I auditd  : avc:  denied  { find } for pid=2802 uid=1000 name=tethering scontext=u:r:color_system_service_app:s0 tcontext=u:object_r:tethering_service:s0 tclass=service_manager permissive=0
08-01 18:06:10.970  1662  1910 I sysui_multi_action: [319,131,321,89,322,270,325,231,757,761,758,7,759,1,806,com.test.demo,871,com.test.demo.MainActivity,904,com.oppo.launcher,905,0,945,101,1320,8,1321,4]
08-01 18:06:10.978  1662  1910 I wm_activity_launch_time: [0,94609213,com.test.demo/.MainActivity,270]
08-01 18:06:11.112   596   596 I auditd  : avc:  denied  { find } for pid=2802 uid=1000 name=tethering scontext=u:r:color_system_service_app:s0 tcontext=u:object_r:tethering_service:s0 tclass=service_manager permissive=0
08-01 18:06:11.304  1662  1864 I wm_stop_activity: [0,210442508,com.oppo.launcher/.Launcher]
08-01 18:06:11.310  3344  3344 I force_gc: mem
08-01 18:06:11.310  3344  3344 I wm_on_stop_called: [210442508,com.oppo.launcher.Launcher,STOP_ACTIVITY_ITEM]
08-01 18:06:11.313   596   596 I auditd  : avc:  denied  { find } for pid=2802 uid=1000 name=tethering scontext=u:r:color_system_service_app:s0 tcontext=u:object_r:tethering_service:s0 tclass=service_manager permissive=0
08-01 18:06:13.723   596   596 I chatty  : uid=1000(system) /system/bin/servicemanager identical 12 lines
08-01 18:06:13.924   596   596 I auditd  : avc:  denied  { find } for pid=2802 uid=1000 name=tethering scontext=u:r:color_system_service_app:s0 tcontext=u:object_r:tethering_service:s0 tclass=service_manager permissive=0
08-01 18:06:14.102  1662  1662 I notification_enqueue: [1000,7945,com.coloros.logkit,1,NULL,0,Notification(channel=LOGKIT_CHANNEL shortcut=null contentView=null vibrate=null sound=null defaults=0x0 flags=0x22 color=0x00000000 vis=PRIVATE),1]
08-01 18:06:14.125   596   596 I auditd  : avc:  denied  { find } for pid=2802 uid=1000 name=tethering scontext=u:r:color_system_service_app:s0 tcontext=u:object_r:tethering_service:s0 tclass=service_manager permissive=0
08-01 18:06:17.144   596   596 I chatty  : uid=1000(system) /system/bin/servicemanager identical 15 lines
08-01 18:06:17.345   596   596 I auditd  : avc:  denied  { find } for pid=2802 uid=1000 name=tethering scontext=u:r:color_system_service_app:s0 tcontext=u:object_r:tethering_service:s0 tclass=service_manager permissive=0
08-01 18:06:17.528  2836  2836 I sysui_multi_action: [757,931,758,4,759,3,932,0,933,0]
08-01 18:06:17.546   596   596 I auditd  : avc:  denied  { find } for pid=2802 uid=1000 name=tethering scontext=u:r:color_system_service_app:s0 tcontext=u:object_r:tethering_service:s0 tclass=service_manager permissive=0
08-01 18:06:17.656  2836  2836 I sysui_multi_action: [757,931,758,4,759,3,932,0,933,1]
08-01 18:06:17.677  1662  2585 I wm_task_moved: [2,1,2147483647]
08-01 18:06:17.682  1662  2585 I wm_focused_stack: [0,0,1,221,bringingFoundTaskToFront]
08-01 18:06:17.683  1662  2585 I wm_task_moved: [2,1,2147483647]
08-01 18:06:17.683  9848  9848 I wm_on_top_resumed_lost_called: [94609213,com.test.demo.MainActivity,topStateChangedWhenResumed]
08-01 18:06:17.687  1662  2585 I wm_set_resumed_activity: [0,com.oppo.launcher/.Launcher,bringingFoundTaskToFront]
08-01 18:06:17.688  1662  2585 I wm_task_to_front: [0,2]
08-01 18:06:17.688  1662  2585 I wm_new_intent: [0,210442508,2,com.oppo.launcher/.Launcher,android.intent.action.MAIN,NULL,NULL,268435712]
08-01 18:06:17.692  1662  2585 I wm_pause_activity: [0,94609213,com.test.demo/.MainActivity,userLeaving=true]
08-01 18:06:17.694  1662  2585 I wm_add_to_stopping: [0,94609213,com.test.demo/.MainActivity,makeInvisible]
08-01 18:06:17.701  1662  2585 I wm_set_resumed_activity: [0,com.oppo.launcher/.Launcher,resumeTopActivityInnerLocked]
08-01 18:06:17.703  1662  2585 I wm_resume_activity: [0,210442508,2,com.oppo.launcher/.Launcher]
08-01 18:06:17.714  9848  9848 I wm_on_paused_called: [94609213,com.test.demo.MainActivity,performPause]
08-01 18:06:17.718  1662  1864 I sysui_multi_action: [757,803,799,window_time_0,802,6]
08-01 18:06:17.741  3344  3344 I wm_on_restart_called: [210442508,com.oppo.launcher.Launcher,performRestartActivity]
08-01 18:06:17.745  3344  3344 I wm_on_start_called: [210442508,com.oppo.launcher.Launcher,handleStartActivity]
08-01 18:06:17.746  3344  3344 I wm_on_resume_called: [210442508,com.oppo.launcher.Launcher,RESUME_ACTIVITY]
08-01 18:06:17.747  3344  3344 I wm_on_top_resumed_gained_called: [210442508,com.oppo.launcher.Launcher,topStateChangedWhenResumed]
08-01 18:06:17.748   596   596 I auditd  : avc:  denied  { find } for pid=2802 uid=1000 name=tethering scontext=u:r:color_system_service_app:s0 tcontext=u:object_r:tethering_service:s0 tclass=service_manager permissive=0
08-01 18:06:17.797  1662  1910 I sysui_multi_action: [319,121,322,112,325,238,757,761,758,9,759,2,806,com.oppo.launcher,871,com.oppo.launcher.Launcher,905,0,1320,9,1321,1]
08-01 18:06:17.809  1662  2060 I commit_sys_config_file: [package-user-0,10]
08-01 18:06:17.949   596   596 I auditd  : avc:  denied  { find } for pid=2802 uid=1000 name=tethering scontext=u:r:color_system_service_app:s0 tcontext=u:object_r:tethering_service:s0 tclass=service_manager permissive=0
08-01 18:06:18.150   596   596 I auditd  : avc:  denied  { find } for pid=2802 uid=1000 name=tethering scontext=u:r:color_system_service_app:s0 tcontext=u:object_r:tethering_service:s0 tclass=service_manager permissive=0
08-01 18:06:18.292  1662  1864 I wm_stop_activity: [0,94609213,com.test.demo/.MainActivity]
08-01 18:06:18.317  9848  9848 I wm_on_stop_called: [94609213,com.test.demo.MainActivity,STOP_ACTIVITY_ITEM]
08-01 18:06:18.351   596   596 I auditd  : avc:  denied  { find } for pid=2802 uid=1000 name=tethering scontext=u:r:color_system_service_app:s0 tcontext=u:object_r:tethering_service:s0 tclass=service_manager permissive=0
08-01 18:06:20.159   596   596 I chatty  : uid=1000(system) /system/bin/servicemanager identical 9 lines
08-01 18:06:20.360   596   596 I auditd  : avc:  denied  { find } for pid=2802 uid=1000 name=tethering scontext=u:r:color_system_service_app:s0 tcontext=u:object_r:tethering_service:s0 tclass=service_manager permissive=0
08-01 18:06:20.523  1662  2586 I intercept_power: [ACTION_DOWN,1,0]
08-01 18:06:20.561   596   596 I auditd  : avc:  denied  { find } for pid=2802 uid=1000 name=tethering scontext=u:r:color_system_service_app:s0 tcontext=u:object_r:tethering_service:s0 tclass=service_manager permissive=0
08-01 18:06:20.680  1662  2586 I intercept_power: [ACTION_UP,0,0]
08-01 18:06:20.684  1662  2586 I power_sleep_requested: 0
08-01 18:06:20.716  1662  1910 I am_pss  : [9605,1000,com.qualcomm.qti.qdma,9159680,7122944,0,124915712,0,10,6]
08-01 18:06:20.727  1662  2024 I sysui_multi_action: [757,1696,758,6,759,0]
08-01 18:06:20.762   596   596 I auditd  : avc:  denied  { find } for pid=2802 uid=1000 name=tethering scontext=u:r:color_system_service_app:s0 tcontext=u:object_r:tethering_service:s0 tclass=service_manager permissive=0
08-01 18:06:20.846  1662  2760 I sysui_multi_action: [757,803,799,fingerprintd_openhal_error,802,1]
08-01 18:06:20.930  1662  1928 I am_wtf  : [0,1662,system_server,-1,BatteryStatsImpl,All kernel wakelocks were set stale. new version=39]
08-01 18:06:20.956  1662  2024 I wm_pause_activity: [0,210442508,com.oppo.launcher/.Launcher,userLeaving=false]
08-01 18:06:20.956  3344  3344 I wm_on_top_resumed_lost_called: [210442508,com.oppo.launcher.Launcher,topStateChangedWhenResumed]
08-01 18:06:20.958  3344  3344 I wm_on_paused_called: [210442508,com.oppo.launcher.Launcher,performPause]
08-01 18:06:20.959  1662  5516 I wm_add_to_stopping: [0,210442508,com.oppo.launcher/.Launcher,completePauseLocked]
08-01 18:06:20.962   596   596 I auditd  : avc:  denied  { find } for pid=2802 uid=1000 name=tethering scontext=u:r:color_system_service_app:s0 tcontext=u:object_r:tethering_service:s0 tclass=service_manager permissive=0
08-01 18:06:20.983  1662  1864 I wm_stop_activity: [0,210442508,com.oppo.launcher/.Launcher]
08-01 18:06:20.986  3344  3344 I force_gc: mem
08-01 18:06:20.986  3344  3344 I wm_on_stop_called: [210442508,com.oppo.launcher.Launcher,STOP_ACTIVITY_ITEM]
08-01 18:06:20.994  1662  1864 I service_manager_stats: [100,71,33209]
08-01 18:06:21.009  1662  1864 I sysui_multi_action: [757,803,799,window_time_0,802,4]
08-01 18:06:21.163   596   596 I auditd  : avc:  denied  { find } for pid=2802 uid=1000 name=tethering scontext=u:r:color_system_service_app:s0 tcontext=u:object_r:tethering_service:s0 tclass=service_manager permissive=0
08-01 18:06:21.205  1662  1662 I sysui_multi_action: [757,198,758,2,759,2,1359,679,1695,4]
08-01 18:06:21.206  1662  1662 I power_screen_state: [0,2,0,0,679]
08-01 18:06:21.206  1662  1662 I screen_toggled: 0
08-01 18:06:21.206  1662  1662 I sysui_multi_action: [757,804,799,screen_timeout,801,86400,802,1]
08-01 18:06:21.206  1662  1662 I power_screen_broadcast_send: 1
08-01 18:06:21.218  1662  2618 I wm_set_keyguard_shown: [1,0,0,setKeyguardShown]
08-01 18:06:21.243  2836  2836 I sysui_multi_action: [757,111,758,1]
08-01 18:06:21.244  2836  2836 I sysui_multi_action: [757,126,758,1,759,126,927,0,928,0,1593,0]
08-01 18:06:21.244  2836  2836 I sysui_multi_action: [757,115,758,1,759,115,927,1,928,0,1593,0]
08-01 18:06:21.244  2836  2836 I sysui_multi_action: [757,119,758,1,759,119,927,2,928,0,1593,0]
08-01 18:06:21.244  2836  2836 I sysui_multi_action: [757,113,758,1,759,113,927,3,928,0,1593,0]
08-01 18:06:21.245  2836  2836 I sysui_multi_action: [757,119,758,1,759,119,927,4,928,0,1593,0]
08-01 18:06:21.245  2836  2836 I sysui_multi_action: [757,122,758,1,759,122,927,5,928,1,1593,0]
08-01 18:06:21.248  1662  4937 I sysui_multi_action: [757,127,758,1]
08-01 18:06:21.249  1662  4937 I sysui_multi_action: [757,804,799,note_load,801,1,802,1]
08-01 18:06:21.249  1662  4937 I notification_panel_revealed: 1
08-01 18:06:21.261  1662  5516 I sysui_multi_action: [757,803,799,fingerprintd_openhal_error,802,1]
08-01 18:06:21.272  1662  1662 I device_idle: [1,no activity]
08-01 18:06:21.273  1662  1662 I device_idle_light: [1,no activity]
08-01 18:06:21.275  2836  2836 I sysui_multi_action: [757,196,758,1,759,0]
08-01 18:06:21.275  2836  2836 I sysui_status_bar_state: [1,1,0,0,0,1]
08-01 18:06:21.279  1662  3504 I sysui_multi_action: [757,127,758,2]
08-01 18:06:21.279  1662  3504 I notification_panel_hidden: 
08-01 18:06:21.280  1662  1662 I battery_saving_stats: [0,1,0,13774,0,0,96464,6000,0]
08-01 18:06:21.317  1662  1864 I user_activity_timeout_override: 10000
08-01 18:06:21.364   596   596 I auditd  : avc:  denied  { find } for pid=2802 uid=1000 name=tethering scontext=u:r:color_system_service_app:s0 tcontext=u:object_r:tethering_service:s0 tclass=service_manager permissive=0
08-01 18:06:21.523  1662  1662 I notification_cancel_all: [10210,4619,com.heytap.accessory,0,0,64,9,NULL]
08-01 18:06:21.564   596   596 I auditd  : avc:  denied  { find } for pid=2802 uid=1000 name=tethering scontext=u:r:color_system_service_app:s0 tcontext=u:object_r:tethering_service:s0 tclass=service_manager permissive=0
08-01 18:06:21.615  1662  2563 I liblog  : 30
08-01 18:06:21.615  3439  9948 I liblog  : 5
08-01 18:06:21.616   986   986 I liblog  : 11
08-01 18:06:21.630  1662  1662 I power_screen_broadcast_done: [0,423,1]
08-01 18:06:21.698  1662  2562 I commit_sys_config_file: [settings-1-0,14]
08-01 18:06:21.765   596   596 I auditd  : avc:  denied  { find } for pid=2802 uid=1000 name=tethering scontext=u:r:color_system_service_app:s0 tcontext=u:object_r:tethering_service:s0 tclass=service_manager permissive=0
08-01 18:06:21.966   596   596 I chatty  : uid=1000(system) /system/bin/servicemanager identical 1 line
08-01 18:06:22.167   596   596 I auditd  : avc:  denied  { find } for pid=2802 uid=1000 name=tethering scontext=u:r:color_system_service_app:s0 tcontext=u:object_r:tethering_service:s0 tclass=service_manager permissive=0
08-01 18:06:22.168  2802  5255 I service_manager_stats: [100,66,20126]
08-01 18:06:22.368   596   596 I auditd  : avc:  denied  { find } for pid=2802 uid=1000 name=tethering scontext=u:r:color_system_service_app:s0 tcontext=u:object_r:tethering_service:s0 tclass=service_manager permissive=0
08-01 18:06:25.995   596   596 I chatty  : uid=1000(system) /system/bin/servicemanager identical 18 lines
08-01 18:06:26.197   596   596 I auditd  : avc:  denied  { find } for pid=2802 uid=1000 name=tethering scontext=u:r:color_system_service_app:s0 tcontext=u:object_r:tethering_service:s0 tclass=service_manager permissive=0
08-01 18:06:26.341  1662  4937 I am_proc_died: [0,8563,com.oppo.ota,500,10]
08-01 18:06:26.343  1662  4937 I am_uid_stopped: 10193
08-01 18:06:26.398   596   596 I auditd  : avc:  denied  { find } for pid=2802 uid=1000 name=tethering scontext=u:r:color_system_service_app:s0 tcontext=u:object_r:tethering_service:s0 tclass=service_manager permissive=0
08-01 18:06:42.127   596   596 I chatty  : uid=1000(system) /system/bin/servicemanager identical 78 lines
08-01 18:06:42.328   596   596 I auditd  : avc:  denied  { find } for pid=2802 uid=1000 name=tethering scontext=u:r:color_system_service_app:s0 tcontext=u:object_r:tethering_service:s0 tclass=service_manager permissive=0
08-01 18:06:42.329  2802  5255 I service_manager_stats: [100,77,20161]
08-01 18:06:42.530   596   596 I auditd  : avc:  denied  { find } for pid=2802 uid=1000 name=tethering scontext=u:r:color_system_service_app:s0 tcontext=u:object_r:tethering_service:s0 tclass=service_manager permissive=0
08-01 18:07:02.268   596   596 I chatty  : uid=1000(system) /system/bin/servicemanager identical 98 lines
08-01 18:07:02.469   596   596 I auditd  : avc:  denied  { find } for pid=2802 uid=1000 name=tethering scontext=u:r:color_system_service_app:s0 tcontext=u:object_r:tethering_service:s0 tclass=service_manager permissive=0
08-01 18:07:02.469  2802  5255 I service_manager_stats: [100,83,20141]
08-01 18:07:02.670   596   596 I auditd  : avc:  denied  { find } for pid=2802 uid=1000 name=tethering scontext=u:r:color_system_service_app:s0 tcontext=u:object_r:tethering_service:s0 tclass=service_manager permissive=0
08-01 18:07:13.780   596   596 I chatty  : uid=1000(system) /system/bin/servicemanager identical 55 lines
08-01 18:07:13.981   596   596 I auditd  : avc:  denied  { find } for pid=2802 uid=1000 name=tethering scontext=u:r:color_system_service_app:s0 tcontext=u:object_r:tethering_service:s0 tclass=service_manager permissive=0
08-01 18:07:14.109  1662  1662 I notification_enqueue: [1000,7945,com.coloros.logkit,1,NULL,0,Notification(channel=LOGKIT_CHANNEL shortcut=null contentView=null vibrate=null sound=null defaults=0x0 flags=0x22 color=0x00000000 vis=PRIVATE),1]
08-01 18:07:14.183   596   596 I auditd  : avc:  denied  { find } for pid=2802 uid=1000 name=tethering scontext=u:r:color_system_service_app:s0 tcontext=u:object_r:tethering_service:s0 tclass=service_manager permissive=0
08-01 18:07:18.017   596   596 I chatty  : uid=1000(system) /system/bin/servicemanager identical 19 lines
08-01 18:07:18.218   596   596 I auditd  : avc:  denied  { find } for pid=2802 uid=1000 name=tethering scontext=u:r:color_system_service_app:s0 tcontext=u:object_r:tethering_service:s0 tclass=service_manager permissive=0
08-01 18:07:18.383  1662  1928 I am_uid_idle: 10287
08-01 18:07:18.421   596   596 I auditd  : avc:  denied  { find } for pid=2802 uid=1000 name=tethering scontext=u:r:color_system_service_app:s0 tcontext=u:object_r:tethering_service:s0 tclass=service_manager permissive=0
08-01 18:07:22.462   596   596 I chatty  : uid=1000(system) /system/bin/servicemanager identical 20 lines
08-01 18:07:22.663   596   596 I auditd  : avc:  denied  { find } for pid=2802 uid=1000 name=tethering scontext=u:r:color_system_service_app:s0 tcontext=u:object_r:tethering_service:s0 tclass=service_manager permissive=0
08-01 18:07:22.663  2802  5255 I service_manager_stats: [100,81,20194]
08-01 18:07:22.866   596   596 I auditd  : avc:  denied  { find } for pid=2802 uid=1000 name=tethering scontext=u:r:color_system_service_app:s0 tcontext=u:object_r:tethering_service:s0 tclass=service_manager permissive=0
08-01 18:07:42.628   596   596 I chatty  : uid=1000(system) /system/bin/servicemanager identical 98 lines
08-01 18:07:42.829   596   596 I auditd  : avc:  denied  { find } for pid=2802 uid=1000 name=tethering scontext=u:r:color_system_service_app:s0 tcontext=u:object_r:tethering_service:s0 tclass=service_manager permissive=0
08-01 18:07:42.829  2802  5255 I service_manager_stats: [100,81,20166]
08-01 18:07:43.031   596   596 I auditd  : avc:  denied  { find } for pid=2802 uid=1000 name=tethering scontext=u:r:color_system_service_app:s0 tcontext=u:object_r:tethering_service:s0 tclass=service_manager permissive=0
08-01 18:08:02.773   596   596 I chatty  : uid=1000(system) /system/bin/servicemanager identical 98 lines
08-01 18:08:02.976   596   596 I auditd  : avc:  denied  { find } for pid=2802 uid=1000 name=tethering scontext=u:r:color_system_service_app:s0 tcontext=u:object_r:tethering_service:s0 tclass=service_manager permissive=0
08-01 18:08:02.976  2802  5255 I service_manager_stats: [100,81,20147]
08-01 18:08:03.179   596   596 I auditd  : avc:  denied  { find } for pid=2802 uid=1000 name=tethering scontext=u:r:color_system_service_app:s0 tcontext=u:object_r:tethering_service:s0 tclass=service_manager permissive=0
08-01 18:08:13.882   596   596 I chatty  : uid=1000(system) /system/bin/servicemanager identical 53 lines
08-01 18:08:14.084   596   596 I auditd  : avc:  denied  { find } for pid=2802 uid=1000 name=tethering scontext=u:r:color_system_service_app:s0 tcontext=u:object_r:tethering_service:s0 tclass=service_manager permissive=0
08-01 18:08:14.118  1662  1662 I notification_enqueue: [1000,7945,com.coloros.logkit,1,NULL,0,Notification(channel=LOGKIT_CHANNEL shortcut=null contentView=null vibrate=null sound=null defaults=0x0 flags=0x22 color=0x00000000 vis=PRIVATE),1]
08-01 18:08:14.285   596   596 I auditd  : avc:  denied  { find } for pid=2802 uid=1000 name=tethering scontext=u:r:color_system_service_app:s0 tcontext=u:object_r:tethering_service:s0 tclass=service_manager permissive=0
08-01 18:08:15.089   596   596 I chatty  : uid=1000(system) /system/bin/servicemanager identical 4 lines
08-01 18:08:15.291   596   596 I auditd  : avc:  denied  { find } for pid=2802 uid=1000 name=tethering scontext=u:r:color_system_service_app:s0 tcontext=u:object_r:tethering_service:s0 tclass=service_manager permissive=0
08-01 18:08:15.396  1662  2562 I commit_sys_config_file: [settings-0-0,9]
08-01 18:08:15.492   596   596 I auditd  : avc:  denied  { find } for pid=2802 uid=1000 name=tethering scontext=u:r:color_system_service_app:s0 tcontext=u:object_r:tethering_service:s0 tclass=service_manager permissive=0
08-01 18:08:22.971   596   596 I chatty  : uid=1000(system) /system/bin/servicemanager identical 37 lines
08-01 18:08:23.172   596   596 I auditd  : avc:  denied  { find } for pid=2802 uid=1000 name=tethering scontext=u:r:color_system_service_app:s0 tcontext=u:object_r:tethering_service:s0 tclass=service_manager permissive=0
08-01 18:08:23.172  2802  5255 I service_manager_stats: [100,81,20196]
08-01 18:08:23.373   596   596 I auditd  : avc:  denied  { find } for pid=2802 uid=1000 name=tethering scontext=u:r:color_system_service_app:s0 tcontext=u:object_r:tethering_service:s0 tclass=service_manager permissive=0
08-01 18:08:30.415   596   596 I chatty  : uid=1000(system) /system/bin/servicemanager identical 35 lines
08-01 18:08:30.616   596   596 I auditd  : avc:  denied  { find } for pid=2802 uid=1000 name=tethering scontext=u:r:color_system_service_app:s0 tcontext=u:object_r:tethering_service:s0 tclass=service_manager permissive=0
08-01 18:08:30.766  1662  1910 I am_pss  : [3393,10209,com.nearme.statistics.rom,17370112,13099008,2326528,124182528,0,10,5]
08-01 18:08:30.817   596   596 I auditd  : avc:  denied  { find } for pid=2802 uid=1000 name=tethering scontext=u:r:color_system_service_app:s0 tcontext=u:object_r:tethering_service:s0 tclass=service_manager permissive=0
08-01 18:08:30.977  1662  2562 I commit_sys_config_file: [settings-1-0,20]
08-01 18:08:31.018   596   596 I auditd  : avc:  denied  { find } for pid=2802 uid=1000 name=tethering scontext=u:r:color_system_service_app:s0 tcontext=u:object_r:tethering_service:s0 tclass=service_manager permissive=0
08-01 18:08:40.486   596   596 I chatty  : uid=1000(system) /system/bin/servicemanager identical 47 lines
08-01 18:08:40.689   596   596 I auditd  : avc:  denied  { find } for pid=2802 uid=1000 name=tethering scontext=u:r:color_system_service_app:s0 tcontext=u:object_r:tethering_service:s0 tclass=service_manager permissive=0
08-01 18:08:40.759  2735  2775 I service_manager_stats: [100,83,200619]
08-01 18:08:40.891   596   596 I auditd  : avc:  denied  { find } for pid=2802 uid=1000 name=tethering scontext=u:r:color_system_service_app:s0 tcontext=u:object_r:tethering_service:s0 tclass=service_manager permissive=0
08-01 18:08:43.108   596   596 I chatty  : uid=1000(system) /system/bin/servicemanager identical 11 lines
08-01 18:08:43.309   596   596 I auditd  : avc:  denied  { find } for pid=2802 uid=1000 name=tethering scontext=u:r:color_system_service_app:s0 tcontext=u:object_r:tethering_service:s0 tclass=service_manager permissive=0
08-01 18:08:43.310  2802  5255 I service_manager_stats: [100,79,20137]
08-01 18:08:43.512   596   596 I auditd  : avc:  denied  { find } for pid=2802 uid=1000 name=tethering scontext=u:r:color_system_service_app:s0 tcontext=u:object_r:tethering_service:s0 tclass=service_manager permissive=0
08-01 18:08:54.578   596   596 I chatty  : uid=1000(system) /system/bin/servicemanager identical 55 lines
08-01 18:08:54.779   596   596 I auditd  : avc:  denied  { find } for pid=2802 uid=1000 name=tethering scontext=u:r:color_system_service_app:s0 tcontext=u:object_r:tethering_service:s0 tclass=service_manager permissive=0
08-01 18:08:54.913  1662  4937 I sysui_multi_action: [757,803,799,fingerprintd_openhal_error,802,1]
08-01 18:08:54.919  1662  1910 I am_pss  : [7164,1000,com.coloros.sau,11373568,9093120,0,131264512,0,10,9]
08-01 18:08:54.980   596   596 I auditd  : avc:  denied  { find } for pid=2802 uid=1000 name=tethering scontext=u:r:color_system_service_app:s0 tcontext=u:object_r:tethering_service:s0 tclass=service_manager permissive=0
08-01 18:09:03.264   596   596 I chatty  : uid=1000(system) /system/bin/servicemanager identical 41 lines
08-01 18:09:03.467   596   596 I auditd  : avc:  denied  { find } for pid=2802 uid=1000 name=tethering scontext=u:r:color_system_service_app:s0 tcontext=u:object_r:tethering_service:s0 tclass=service_manager permissive=0
08-01 18:09:03.467  2802  5255 I service_manager_stats: [100,83,20158]
08-01 18:09:03.668   596   596 I auditd  : avc:  denied  { find } for pid=2802 uid=1000 name=tethering scontext=u:r:color_system_service_app:s0 tcontext=u:object_r:tethering_service:s0 tclass=service_manager permissive=0
08-01 18:09:13.762   596   596 I chatty  : uid=1000(system) /system/bin/servicemanager identical 50 lines
08-01 18:09:13.965   596   596 I auditd  : avc:  denied  { find } for pid=2802 uid=1000 name=tethering scontext=u:r:color_system_service_app:s0 tcontext=u:object_r:tethering_service:s0 tclass=service_manager permissive=0
08-01 18:09:14.128  1662  1662 I notification_enqueue: [1000,7945,com.coloros.logkit,1,NULL,0,Notification(channel=LOGKIT_CHANNEL shortcut=null contentView=null vibrate=null sound=null defaults=0x0 flags=0x22 color=0x00000000 vis=PRIVATE),1]
08-01 18:09:14.166   596   596 I auditd  : avc:  denied  { find } for pid=2802 uid=1000 name=tethering scontext=u:r:color_system_service_app:s0 tcontext=u:object_r:tethering_service:s0 tclass=service_manager permissive=0
08-01 18:09:21.016   596   596 I chatty  : uid=1000(system) /system/bin/servicemanager identical 34 lines
08-01 18:09:21.219   596   596 I auditd  : avc:  denied  { find } for pid=2802 uid=1000 name=tethering scontext=u:r:color_system_service_app:s0 tcontext=u:object_r:tethering_service:s0 tclass=service_manager permissive=0
08-01 18:09:21.277  1662  1910 I device_idle_light_step: 
08-01 18:09:21.280  1662  1910 I device_idle_light: [4,s:alarm]
08-01 18:09:21.282  1662  1910 I device_idle_on_start: 
08-01 18:09:21.309  1662  4937 I sysui_multi_action: [757,803,799,fingerprintd_openhal_error,802,1]
08-01 18:09:21.341  1662  1910 I device_idle_on_phase: net
08-01 18:09:21.344  1662  1910 I device_idle_on_complete: 
08-01 18:09:21.346  1662  1662 I battery_saving_stats: [0,0,0,180066,0,0,287809,0,0]
08-01 18:09:21.421   596   596 I auditd  : avc:  denied  { find } for pid=2802 uid=1000 name=tethering scontext=u:r:color_system_service_app:s0 tcontext=u:object_r:tethering_service:s0 tclass=service_manager permissive=0
08-01 18:09:23.443   596   596 I chatty  : uid=1000(system) /system/bin/servicemanager identical 10 lines
08-01 18:09:23.646   596   596 I auditd  : avc:  denied  { find } for pid=2802 uid=1000 name=tethering scontext=u:r:color_system_service_app:s0 tcontext=u:object_r:tethering_service:s0 tclass=service_manager permissive=0
08-01 18:09:23.646  2802  5255 I service_manager_stats: [100,81,20179]
08-01 18:09:23.849   596   596 I auditd  : avc:  denied  { find } for pid=2802 uid=1000 name=tethering scontext=u:r:color_system_service_app:s0 tcontext=u:object_r:tethering_service:s0 tclass=service_manager permissive=0
08-01 18:09:43.602   596   596 I chatty  : uid=1000(system) /system/bin/servicemanager identical 98 lines
08-01 18:09:43.804   596   596 I auditd  : avc:  denied  { find } for pid=2802 uid=1000 name=tethering scontext=u:r:color_system_service_app:s0 tcontext=u:object_r:tethering_service:s0 tclass=service_manager permissive=0
08-01 18:09:43.804  2802  5255 I service_manager_stats: [100,78,20158]
