--------- beginning of events
01-06 12:02:49.101   594   594 I auditd  : type=2000 audit(0.0:1): state=initialized audit_enabled=0 res=1
01-06 12:02:50.799   594   594 I auditd  : type=1403 audit(0.0:2): auid=4294967295 ses=4294967295 lsm=selinux res=1
01-06 12:02:50.867     1     1 I auditd  : type=1107 audit(0.0:3): uid=0 auid=4294967295 ses=4294967295 subj=u:r:init:s0 msg='avc: denied { read } for property=persist.debug.trace pid=0 uid=0 gid=0 scontext=u:r:vendor_init:s0 tcontext=u:object_r:persist_debug_prop:s0 tclass=file permissive=0'
01-06 12:02:50.867     1     1 I auditd  : type=1107 audit(0.0:4): uid=0 auid=4294967295 ses=4294967295 subj=u:r:init:s0 msg='avc: denied { read } for property=init.svc.wpa_supplicant pid=0 uid=0 gid=0 scontext=u:r:vendor_init:s0 tcontext=u:object_r:default_prop:s0 tclass=file permissive=0'
01-06 12:02:50.867     1     1 I auditd  : type=1107 audit(0.0:5): uid=0 auid=4294967295 ses=4294967295 subj=u:r:init:s0 msg='avc: denied { read } for property=persist.env.fastdorm.enabled pid=0 uid=0 gid=0 scontext=u:r:vendor_init:s0 tcontext=u:object_r:default_prop:s0 tclass=file permissive=0'
01-06 12:02:50.867     1     1 I auditd  : type=1107 audit(0.0:6): uid=0 auid=4294967295 ses=4294967295 subj=u:r:init:s0 msg='avc: denied { read } for property=ro.data.large_tcp_window_size pid=0 uid=0 gid=0 scontext=u:r:vendor_init:s0 tcontext=u:object_r:default_prop:s0 tclass=file permissive=0'
01-06 12:02:50.867     1     1 I auditd  : type=1107 audit(0.0:7): uid=0 auid=4294967295 ses=4294967295 subj=u:r:init:s0 msg='avc: denied { read } for property=drmdiag.load pid=0 uid=0 gid=0 scontext=u:r:vendor_init:s0 tcontext=u:object_r:default_prop:s0 tclass=file permissive=0'
01-06 12:02:50.867     1     1 I auditd  : type=1107 audit(0.0:8): uid=0 auid=4294967295 ses=4294967295 subj=u:r:init:s0 msg='avc: denied { read } for property=drmdiag.load pid=0 uid=0 gid=0 scontext=u:r:vendor_init:s0 tcontext=u:object_r:default_prop:s0 tclass=file permissive=0'
01-06 12:02:50.867     1     1 I auditd  : type=1107 audit(0.0:9): uid=0 auid=4294967295 ses=4294967295 subj=u:r:init:s0 msg='avc: denied { read } for property=persist.ims.regmanager.mode pid=0 uid=0 gid=0 scontext=u:r:vendor_init:s0 tcontext=u:object_r:default_prop:s0 tclass=file permissive=0'
01-06 12:02:50.867     1     1 I auditd  : type=1107 audit(0.0:10): uid=0 auid=4294967295 ses=4294967295 subj=u:r:init:s0 msg='avc: denied { read } for property=ro.data.large_tcp_window_size pid=0 uid=0 gid=0 scontext=u:r:vendor_init:s0 tcontext=u:object_r:default_prop:s0 tclass=file permissive=0'
01-06 12:02:52.088   598   598 I snet_event_log: [121035042,-1,]
01-06 12:02:52.088   596   596 I snet_event_log: [121035042,-1,]
01-06 12:02:52.092   596   596 I auditd  : SELinux: Loaded service_contexts from:
01-06 12:02:52.092   596   596 I auditd  :     /system/etc/selinux/plat_service_contexts
01-06 12:02:52.092   596   596 I auditd  :     /system_ext/etc/selinux/system_ext_service_contexts
01-06 12:02:52.092   596   596 I auditd  :     /product/etc/selinux/product_service_contexts
08-01 18:02:43.886   770   770 I boot_progress_start: 25136
08-01 18:02:44.225     1     1 I auditd  : type=1107 audit(0.0:15): uid=0 auid=4294967295 ses=4294967295 subj=u:r:init:s0 msg='avc: denied { set } for property=ro.product.device pid=990 uid=0 gid=0 scontext=u:r:self_init:s0 tcontext=u:object_r:exported2_default_prop:s0 tclass=property_service permissive=0'
08-01 18:02:44.245     1     1 I auditd  : type=1107 audit(0.0:16): uid=0 auid=4294967295 ses=4294967295 subj=u:r:init:s0 msg='avc: denied { set } for property=ro.product.name pid=990 uid=0 gid=0 scontext=u:r:self_init:s0 tcontext=u:object_r:exported2_default_prop:s0 tclass=property_service permissive=0'
08-01 18:02:44.269     1     1 I auditd  : type=1107 audit(0.0:17): uid=0 auid=4294967295 ses=4294967295 subj=u:r:init:s0 msg='avc: denied { set } for property=ro.build.version.incremental pid=990 uid=0 gid=0 scontext=u:r:self_init:s0 tcontext=u:object_r:exported2_default_prop:s0 tclass=property_service permissive=0'
08-01 18:02:44.273     1     1 I auditd  : type=1107 audit(0.0:18): uid=0 auid=4294967295 ses=4294967295 subj=u:r:init:s0 msg='avc: denied { set } for property=ro.odm.build.version.incremental pid=990 uid=0 gid=0 scontext=u:r:self_init:s0 tcontext=u:object_r:exported_default_prop:s0 tclass=property_service permissive=0'
08-01 18:02:44.277     1     1 I auditd  : type=1107 audit(0.0:19): uid=0 auid=4294967295 ses=4294967295 subj=u:r:init:s0 msg='avc: denied { set } for property=ro.system.build.fingerprint pid=990 uid=0 gid=0 scontext=u:r:self_init:s0 tcontext=u:object_r:exported_default_prop:s0 tclass=property_service permissive=0'
08-01 18:02:44.281     1     1 I auditd  : type=1107 audit(0.0:20): uid=0 auid=4294967295 ses=4294967295 subj=u:r:init:s0 msg='avc: denied { set } for property=ro.system.build.version.incremental pid=990 uid=0 gid=0 scontext=u:r:self_init:s0 tcontext=u:object_r:default_prop:s0 tclass=property_service permissive=0'
08-01 18:02:44.281     1     1 I auditd  : type=1107 audit(0.0:21): uid=0 auid=4294967295 ses=4294967295 subj=u:r:init:s0 msg='avc: denied { set } for property=ro.bootimage.build.version.incremental pid=990 uid=0 gid=0 scontext=u:r:self_init:s0 tcontext=u:object_r:default_prop:s0 tclass=property_service permissive=0'
08-01 18:02:44.281     1     1 I auditd  : type=1107 audit(0.0:22): uid=0 auid=4294967295 ses=4294967295 subj=u:r:init:s0 msg='avc: denied { set } for property=ro.vendor.bootimage.build.fingerprint.oppo pid=990 uid=0 gid=0 scontext=u:r:self_init:s0 tcontext=u:object_r:vendor_default_prop:s0 tclass=property_service permissive=0'
08-01 18:02:44.285     1     1 I auditd  : type=1107 audit(0.0:23): uid=0 auid=4294967295 ses=4294967295 subj=u:r:init:s0 msg='avc: denied { set } for property=ro.vendor.build.version.incremental pid=990 uid=0 gid=0 scontext=u:r:self_init:s0 tcontext=u:object_r:exported_default_prop:s0 tclass=property_service permissive=0'
08-01 18:02:44.285     1     1 I auditd  : type=1107 audit(0.0:24): uid=0 auid=4294967295 ses=4294967295 subj=u:r:init:s0 msg='avc: denied { set } for property=ro.bootimage.build.fingerprint pid=990 uid=0 gid=0 scontext=u:r:self_init:s0 tcontext=u:object_r:exported_default_prop:s0 tclass=property_service permissive=0'
08-01 18:02:44.289     1     1 I auditd  : type=1107 audit(0.0:25): uid=0 auid=4294967295 ses=4294967295 subj=u:r:init:s0 msg='avc: denied { set } for property=ro.build.fingerprint pid=990 uid=0 gid=0 scontext=u:r:self_init:s0 tcontext=u:object_r:exported_fingerprint_prop:s0 tclass=property_service permissive=0'
08-01 18:02:44.293     1     1 I auditd  : type=1107 audit(0.0:26): uid=0 auid=4294967295 ses=4294967295 subj=u:r:init:s0 msg='avc: denied { set } for property=ro.build.version.base_os pid=990 uid=0 gid=0 scontext=u:r:self_init:s0 tcontext=u:object_r:exported2_default_prop:s0 tclass=property_service permissive=0'
08-01 18:02:44.709   770   770 I boot_progress_preload_start: 25959
08-01 18:02:45.469     1     1 I auditd  : type=1107 audit(0.0:27): uid=0 auid=4294967295 ses=4294967295 subj=u:r:init:s0 msg='avc: denied { set } for property=ro.product.system.name pid=551 uid=0 gid=0 scontext=u:r:vendor_init:s0 tcontext=u:object_r:oppo_vendor_prop:s0 tclass=property_service permissive=0'
08-01 18:02:45.793     1     1 I auditd  : type=1107 audit(0.0:28): uid=0 auid=4294967295 ses=4294967295 subj=u:r:init:s0 msg='avc: denied { set } for property=ctl.stop$ril-daemon pid=1303 uid=0 gid=0 scontext=u:r:vendor_qti_init_shell:s0 tcontext=u:object_r:ctl_stop_prop:s0 tclass=property_service permissive=0'
08-01 18:02:45.799   597   597 I auditd  : avc:  denied  { find } for interface=vendor.qti.hardware.wifi.keystore::IKeystoreExt sid=u:r:keystore:s0 pid=1285 scontext=u:r:keystore:s0 tcontext=u:object_r:default_android_hwservice:s0 tclass=hwservice_manager permissive=0
08-01 18:02:45.809     1     1 I auditd  : type=1107 audit(0.0:29): uid=0 auid=4294967295 ses=4294967295 subj=u:r:init:s0 msg='avc: denied { set } for property=ctl.stop$vendor.ril-daemon pid=1316 uid=0 gid=0 scontext=u:r:vendor_qti_init_shell:s0 tcontext=u:object_r:ctl_stop_prop:s0 tclass=property_service permissive=0'
08-01 18:02:46.629     1     1 I auditd  : type=1107 audit(0.0:30): uid=0 auid=4294967295 ses=4294967295 subj=u:r:init:s0 msg='avc: denied { set } for property=oppo.optical.goodix.fp pid=1543 uid=1000 gid=1000 scontext=u:r:hal_fingerprint_oppo:s0 tcontext=u:object_r:exported_system_prop:s0 tclass=property_service permissive=0'
08-01 18:02:46.706   770   770 I boot_progress_preload_end: 27956
08-01 18:02:47.243  1662  1662 I system_server_start: [1,28487,28487]
08-01 18:02:47.243  1662  1662 I boot_progress_system_run: 28493
08-01 18:02:48.275  1662  1965 I am_wtf  : [0,1662,system_server,-1,BatteryStatsImpl,All kernel wakelocks were set stale. new version=1]
08-01 18:02:48.296  1662  1910 I commit_sys_config_file: [batterystats,6]
08-01 18:02:48.307  1662  1910 I commit_sys_config_file: [batterystats,10]
08-01 18:02:48.317  1662  1910 I commit_sys_config_file: [oppobatterystats,9]
08-01 18:02:48.318  1662  1910 I commit_sys_config_file: [oppobatterystats,1]
08-01 18:02:48.361  1662  1662 I service_manager_stats: [100,20,29611]
08-01 18:02:48.669  1662  1662 I rescue_note: [0,1,29919]
08-01 18:02:48.717  1662  1662 I boot_progress_pms_start: 29967
08-01 18:02:49.321  1662  1662 I pm_critical_info: Unknown element under <package>: uses-static-lib
08-01 18:02:49.699  1662  1662 I boot_progress_pms_system_scan_start: 30949
08-01 18:02:50.442  1662  2238 I service_manager_slow: [11,activity]
08-01 18:02:50.506  1662  2236 I service_manager_slow: [12,activity]
08-01 18:02:50.726  1662  2235 I service_manager_slow: [18,activity]
08-01 18:02:50.994  1662  1662 I boot_progress_pms_data_scan_start: 32244
08-01 18:02:51.472  1662  2237 I pm_critical_info: Relax SCAN_REQUIRE_KNOWN requirement for package com.finshell.wallet
08-01 18:02:51.551  1662  2235 I pm_critical_info: Relax SCAN_REQUIRE_KNOWN requirement for package com.nearme.atlas
08-01 18:02:51.680  1662  2238 I pm_critical_info: Relax SCAN_REQUIRE_KNOWN requirement for package com.coloros.oppoguardelf
08-01 18:02:51.715  1662  1662 I am_wtf  : [0,1662,system_server,-1,PackageManager,Shared lib without setting: SharedLibraryInfo{name:com.google.android.trichromelibrary, type:static, version:410410683}]
08-01 18:02:51.722  1662  1662 I boot_progress_pms_scan_end: 32972
08-01 18:02:51.883  1662  1662 I commit_sys_config_file: [package-user-0,3]
08-01 18:02:51.883  1662  1662 I commit_sys_config_file: [package,101]
08-01 18:02:51.883  1662  1662 I boot_progress_pms_ready: 33133
08-01 18:02:52.040  1662  1662 I am_uid_running: 1000
08-01 18:02:52.042  1662  1662 I am_uid_active: 1000
08-01 18:02:52.194  1662  2513 I liblog  : 387
08-01 18:02:52.195  1662  1863 I commit_sys_config_file: [overlays,2]
08-01 18:02:52.369  1662  1662 I liblog  : 679
08-01 18:02:52.416  1662  1928 I am_wtf  : [0,1662,system_server,-1,SystemServiceRegistry,Manager wrapper not available: alarm]
08-01 18:02:52.426  1662  1928 I am_wtf  : [0,1662,system_server,-1,ActivityManager,Attempt to launch receivers of broadcast intent Intent { act=com.color.systemservice.START } before boot completion]
08-01 18:02:52.791  1662  2058 I battery_status: [2,2,1,2,Li-ion]
08-01 18:02:52.791  1662  2058 I battery_level: [88,4224,315]
08-01 18:02:52.813  1662  1928 I am_wtf  : [0,1662,system_server,-1,BatteryStatsImpl,All kernel wakelocks were set stale. new version=3]
08-01 18:02:52.865  1662  1662 I wm_task_created: [1,-1]
08-01 18:02:52.865  1662  1662 I wm_stack_created: 1
08-01 18:02:52.919  1662  1928 I am_wtf  : [0,1662,system_server,-1,OppoBatteryStatsImpl,All kernel wakelocks were set stale. new version=4]
08-01 18:02:52.926  1662  1928 I am_wtf  : [0,1662,system_server,-1,BatteryStatsImpl,All kernel wakelocks were set stale. new version=5]
08-01 18:02:52.931  1662  1928 I am_wtf  : [0,1662,system_server,-1,DropBoxManagerService,Invalid filename: /data/system/dropbox/powermonitor]
08-01 18:02:52.948  1662  1928 I am_wtf  : [0,1662,system_server,-1,IorapForwardingService,No service published for: iorapd]
08-01 18:02:52.987  1662  1662 I configuration_changed: 536894968
08-01 18:02:52.989  1662  1662 I sysui_multi_action: [757,1659,758,4,759,1,1660,0]
08-01 18:02:52.997  1662  1662 I configuration_changed: 8
08-01 18:02:53.362  1662  1662 I service_manager_stats: [3390,903,5001]
08-01 18:02:53.363  1662  1928 I am_wtf  : [0,1662,system_server,-1,SystemServiceRegistry,Manager wrapper not available: connectivity]
08-01 18:02:53.422  1662  1928 I am_wtf  : [0,1662,system_server,-1,SystemServiceRegistry,Manager wrapper not available: connectivity]
08-01 18:02:53.477  1662  1928 I am_wtf  : [0,1662,system_server,-1,SystemServer,Attempt to invoke virtual method 'java.lang.Object android.util.SparseArray.valueAt(int)' on a null object reference]
08-01 18:02:53.518  1662  1863 I commit_sys_config_file: [notification-policy,5]
08-01 18:02:53.534  1662  1863 I commit_sys_config_file: [notification-policy,15]
08-01 18:02:53.583   597   597 I liblog  : 334
08-01 18:02:53.593  1662  1662 I stream_devices_changed: [0,0,1]
08-01 18:02:53.593  1662  1662 I stream_devices_changed: [2,0,2]
08-01 18:02:53.594  1662  1662 I stream_devices_changed: [3,0,2]
08-01 18:02:53.594  1662  1662 I stream_devices_changed: [4,0,2]
08-01 18:02:53.595  1662  1662 I stream_devices_changed: [5,0,2]
08-01 18:02:53.595  1662  1662 I stream_devices_changed: [6,0,1]
08-01 18:02:53.657   596   596 I auditd  : avc:  denied  { add } for pid=1662 uid=1000 name=hypnus scontext=u:r:system_server:s0 tcontext=u:object_r:default_android_service:s0 tclass=service_manager permissive=0
08-01 18:02:53.658  1662  1928 I am_wtf  : [0,1662,system_server,-1,SystemServer,BOOT FAILURE starting Hypnus Service]
08-01 18:02:53.659  1662  1928 I am_wtf  : [0,1662,system_server,-1,SystemServer,Attempt to invoke virtual method 'com.android.server.oppo.orms.platform.IOppoResourceManagerPlatform com.android.server.oppo.orms.platform.OppoResourceManagerPlatformFactory.getImplBase()' on a null object reference]
08-01 18:02:53.675   596   596 I auditd  : avc:  denied  { find } for pid=1662 uid=1000 name=hypnus scontext=u:r:system_server:s0 tcontext=u:object_r:default_android_service:s0 tclass=service_manager permissive=0
08-01 18:02:53.720  1662  2698 I sysui_multi_action: [757,804,799,faced_enum_start_error,801,1,802,1]
08-01 18:02:53.752  1662  2584 I sysui_multi_action: [757,803,799,fingerprintd_openhal_error,802,1]
08-01 18:02:53.764  1662  2705 I sysui_multi_action: [757,803,799,fingerprintd_openhal_error,802,1]
08-01 18:02:53.834   596   596 I auditd  : avc:  denied  { find } for pid=1662 uid=1000 name=hypnus scontext=u:r:system_server:s0 tcontext=u:object_r:default_android_service:s0 tclass=service_manager permissive=0
08-01 18:02:53.878  1662  1662 I configuration_changed: 512
08-01 18:02:53.927   596   596 I auditd  : avc:  denied  { find } for pid=1662 uid=1000 name=hypnus scontext=u:r:system_server:s0 tcontext=u:object_r:default_android_service:s0 tclass=service_manager permissive=0
08-01 18:02:53.930  1662  1935 I am_proc_start: [0,2735,1000,com.oplus.customize.coreapp,service,{com.oplus.customize.coreapp/com.oplus.customize.coreapp.service.InitService}]
08-01 18:02:53.949  1662  1928 I am_wtf  : [0,1662,system_server,-1,IorapForwardingService,No service published for: iorapd]
08-01 18:02:53.968  1662  1723 I am_proc_bound: [0,2735,com.oplus.customize.coreapp]
08-01 18:02:53.990  1662  1928 I am_wtf  : [0,1662,system_server,-1,OppoBatteryStatsImpl,All kernel wakelocks were set stale. new version=9]
08-01 18:02:53.990  1662  1662 I commit_sys_config_file: [package-user-0,11]
08-01 18:02:54.066  1662  1662 I commit_sys_config_file: [package-session,2]
08-01 18:02:54.069  1662  1928 I am_wtf  : [0,1662,system_server,-1,ColorPermSupportedFunctionManager,Signature|privileged permissions not in privapp-permissions whitelist: {com.heytap.market (/system/priv-app/KeKeMarket): android.permission.INTERACT_ACROSS_USERS, com.heytap.speechassist (/system/priv-app/HeyTapSpeechAssist): android.permission.OVERRIDE_WIFI_CONFIG, com.heytap.appplatform (/system/priv-app/ColorAppPlatform): android.permission.CHANGE_COMPONENT_ENABLED_STATE, com.android.systemui (/system_ext/priv-app/SystemUI): android.permission.PACKAGE_USAGE_STATS, com.oplus.customize.coreapp (/system/priv-app/CustCoreApp): android.permission.REBOOT, com.heytap.appplatform (/system/priv-app/ColorAppPlatform): android.permission.LOCAL_MAC_ADDRESS, com.android.phone (/system_ext/priv-app/TeleService): android.permission.OBSERVE_GRANT_REVOKE_PERMISSIONS, com.heytap.appplatform (/system/priv-app/ColorAppPlatform): android.permission.REAL_GET_TASKS, com.android.systemui (/system_ext/priv-app/SystemUI): android.permission.MODIFY_AUDIO_ROUTING, com.heyta^
08-01 18:02:54.081  1662  1928 I am_wtf  : [0,1662,system_server,-1,OppoBatteryStatsImpl,All kernel wakelocks were set stale. new version=12]
08-01 18:02:54.089  1662  1928 I am_wtf  : [0,1662,system_server,-1,BatteryStatsImpl,All kernel wakelocks were set stale. new version=13]
08-01 18:02:54.097  1662  1928 I am_wtf  : [0,1662,system_server,-1,OppoBatteryStatsImpl,All kernel wakelocks were set stale. new version=14]
08-01 18:02:54.160  1662  2562 I commit_sys_config_file: [settings-0-0,3]
08-01 18:02:54.177  1662  1662 I boot_progress_ams_ready: 35427
08-01 18:02:54.179  1662  2564 I am_uid_running: 10213
08-01 18:02:54.195  1662  1662 I configuration_changed: -1392508672
08-01 18:02:54.198  1662  1935 I am_proc_start: [0,2782,10213,com.nearme.romupdate,content provider,{com.nearme.romupdate/com.coloros.romupdate.provider.RomUpdateContentProvider}]
08-01 18:02:54.223  1662  1723 I am_proc_bound: [0,2782,com.nearme.romupdate]
08-01 18:02:54.226  1662  1723 I am_uid_active: 10213
08-01 18:02:54.235  1662  1935 I am_proc_start: [0,2802,1000,com.coloros.exsystemservice,service,{com.coloros.exsystemservice/com.coloros.exsystemservice.ColorIsolatedSystemService}]
08-01 18:02:54.267  1662  1723 I am_proc_bound: [0,2802,com.coloros.exsystemservice]
08-01 18:02:54.285   596   596 I auditd  : avc:  denied  { find } for pid=2802 uid=1000 name=opluscoreappservice scontext=u:r:color_system_service_app:s0 tcontext=u:object_r:coreapp_service:s0 tclass=service_manager permissive=0
08-01 18:02:54.314   596   596 I auditd  : avc:  denied  { find } for pid=2802 uid=1000 name=opposcreenmode scontext=u:r:color_system_service_app:s0 tcontext=u:object_r:opposcreenmode_service:s0 tclass=service_manager permissive=0
08-01 18:02:54.317   596   596 I auditd  : avc:  denied  { find } for pid=2802 uid=1000 name=vendor.perfservice scontext=u:r:color_system_service_app:s0 tcontext=u:object_r:vendor_perf_service:s0 tclass=service_manager permissive=0
08-01 18:02:54.318   597   597 I auditd  : avc:  denied  { find } for interface=vendor.qti.hardware.perf::IPerf sid=u:r:color_system_service_app:s0 pid=2802 scontext=u:r:color_system_service_app:s0 tcontext=u:object_r:vendor_hal_perf_hwservice:s0 tclass=hwservice_manager permissive=0
08-01 18:02:54.319   597   597 I auditd  : avc:  denied  { find } for interface=vendor.qti.hardware.perf::IPerf sid=u:r:color_system_service_app:s0 pid=2802 scontext=u:r:color_system_service_app:s0 tcontext=u:object_r:vendor_hal_perf_hwservice:s0 tclass=hwservice_manager permissive=0
08-01 18:02:54.325   596   596 I auditd  : avc:  denied  { find } for pid=2802 uid=1000 name=activity_task scontext=u:r:color_system_service_app:s0 tcontext=u:object_r:activity_task_service:s0 tclass=service_manager permissive=0
08-01 18:02:54.469  1662  1662 I snet_event_log: [35028827,-1,account:Account {name=拼多多, type=com.xunmeng.pinduoduo.account_type} provider:${applicationId}.lifecycle user:0]
08-01 18:02:54.469  1662  1662 I snet_event_log: [26513719,-1,Malformed authority]
08-01 18:02:54.533  1662  1662 I am_uid_running: 10174
08-01 18:02:54.671  1662  1935 I am_proc_start: [0,2836,10174,com.android.systemui,service,{com.android.systemui/com.android.systemui.ImageWallpaper}]
08-01 18:02:54.672  1662  1723 I am_proc_bound: [0,2836,com.android.systemui]
08-01 18:02:54.677  1662  1723 I am_uid_active: 10174
08-01 18:02:54.754  1662  1869 I am_uid_running: 1037
08-01 18:02:54.770  1662  2614 I commit_sys_config_file: [net-policy,1]
08-01 18:02:54.771  1662  1928 I am_wtf  : [0,1662,system_server,-1,OppoBatteryStatsImpl,All kernel wakelocks were set stale. new version=16]
08-01 18:02:54.793  1662  1935 I am_proc_start: [0,2869,1037,WebViewLoader-armeabi-v7a,NULL,]
08-01 18:02:54.795  1662  1723 I am_proc_bound: [0,2869,WebViewLoader-armeabi-v7a]
08-01 18:02:54.797  1662  1723 I am_uid_active: 1037
08-01 18:02:54.810   596   596 I auditd  : avc:  denied  { find } for pid=2869 uid=1037 name=opluscoreappservice scontext=u:r:shared_relro:s0 tcontext=u:object_r:coreapp_service:s0 tclass=service_manager permissive=0
08-01 18:02:54.813  1662  1935 I am_proc_start: [0,2892,1037,WebViewLoader-arm64-v8a,NULL,]
08-01 18:02:54.828  1662  1723 I am_proc_bound: [0,2892,WebViewLoader-arm64-v8a]
08-01 18:02:54.841   596   596 I auditd  : avc:  denied  { find } for pid=2892 uid=1037 name=opluscoreappservice scontext=u:r:shared_relro:s0 tcontext=u:object_r:coreapp_service:s0 tclass=service_manager permissive=0
08-01 18:02:54.903  1662  1723 I am_proc_died: [0,2869,WebViewLoader-armeabi-v7a,-700,0]
08-01 18:02:54.905  1662  1723 I am_low_memory: 6
08-01 18:02:54.914  1662  1928 I am_wtf  : [0,1662,system_server,-1,BatteryStatsImpl,All kernel wakelocks were set stale. new version=18]
08-01 18:02:54.949  1662  1723 I am_proc_died: [0,2892,WebViewLoader-arm64-v8a,-700,0]
08-01 18:02:54.950  1662  1723 I am_uid_stopped: 1037
08-01 18:02:54.950  1662  1723 I am_low_memory: 5
08-01 18:02:54.965  1662  1910 I netstats_mobile_sample: [0,0,0,0,0,0,0,0,0,0,0,0,1596276174965]
08-01 18:02:54.965  1662  1910 I netstats_wifi_sample: [0,0,0,0,0,0,0,0,0,0,0,0,1596276174965]
08-01 18:02:54.981  1662  1910 I netstats_mobile_sample: [0,0,0,0,0,0,0,0,0,0,0,0,1596276174981]
08-01 18:02:54.981  1662  1910 I netstats_wifi_sample: [0,0,0,0,0,0,0,0,0,0,0,0,1596276174981]
08-01 18:02:54.984  1662  1662 I am_uid_running: 1073
08-01 18:02:54.988  1662  1910 I netstats_mobile_sample: [0,0,0,0,0,0,0,0,0,0,0,0,1596276174988]
08-01 18:02:54.988  1662  1910 I netstats_wifi_sample: [0,0,0,0,0,0,0,0,0,0,0,0,1596276174988]
08-01 18:02:55.007  1662  1935 I am_proc_start: [0,2987,1073,com.android.networkstack.process,service,{com.google.android.networkstack/com.android.server.NetworkStackService}]
08-01 18:02:55.015  1662  1910 I netstats_mobile_sample: [0,0,0,0,0,0,0,0,0,0,0,0,1596276175015]
08-01 18:02:55.015  1662  1910 I netstats_wifi_sample: [0,0,0,0,0,0,0,0,0,0,0,0,1596276175015]
08-01 18:02:55.029  1662  1910 I netstats_mobile_sample: [0,0,0,0,0,0,0,0,0,0,0,0,1596276175029]
08-01 18:02:55.029  1662  1910 I netstats_wifi_sample: [0,0,0,0,0,0,0,0,0,0,0,0,1596276175029]
08-01 18:02:55.034  1662  2616 I am_proc_bound: [0,2987,com.android.networkstack.process]
08-01 18:02:55.038  1662  2616 I am_uid_active: 1073
08-01 18:02:55.041  1662  1662 I am_uid_running: 1001
08-01 18:02:55.042  1662  1662 I am_uid_running: 10154
08-01 18:02:55.044  1662  1662 I am_uid_running: 10171
08-01 18:02:55.044  1662  1662 I am_uid_running: 1068
08-01 18:02:55.045  1662  1662 I am_uid_running: 10153
08-01 18:02:55.047  1662  1662 I am_uid_running: 10157
08-01 18:02:55.065  1662  1910 I netstats_mobile_sample: [0,0,0,0,0,0,0,0,0,0,0,0,1596276175065]
08-01 18:02:55.065  1662  1910 I netstats_wifi_sample: [0,0,0,0,0,0,0,0,0,0,0,0,1596276175065]
08-01 18:02:55.074  1662  1662 I wm_task_created: [2,0]
08-01 18:02:55.074  1662  1662 I wm_stack_created: 2
08-01 18:02:55.076  1662  1662 I wm_task_moved: [2,1,2147483647]
08-01 18:02:55.077  1662  2562 I commit_sys_config_file: [settings-0-0,6]
08-01 18:02:55.077  1662  1662 I wm_create_task: [0,2]
08-01 18:02:55.077  1662  1662 I wm_create_activity: [0,210442508,2,com.oppo.launcher/.Launcher,android.intent.action.MAIN,NULL,NULL,268435712]
08-01 18:02:55.078  1662  1662 I wm_task_moved: [2,1,2147483647]
08-01 18:02:55.117   597   597 I auditd  : avc:  denied  { find } for interface=vendor.qti.hardware.perf::IPerf sid=u:r:network_stack:s0:c49,c260,c512,c768 pid=2987 scontext=u:r:network_stack:s0:c49,c260,c512,c768 tcontext=u:object_r:vendor_hal_perf_hwservice:s0 tclass=hwservice_manager permissive=0
08-01 18:02:55.117   597   597 I auditd  : avc:  denied  { find } for interface=vendor.qti.hardware.perf::IPerf sid=u:r:network_stack:s0:c49,c260,c512,c768 pid=2987 scontext=u:r:network_stack:s0:c49,c260,c512,c768 tcontext=u:object_r:vendor_hal_perf_hwservice:s0 tclass=hwservice_manager permissive=0
08-01 18:02:55.159  1662  1662 I uc_send_user_broadcast: [0,android.intent.action.USER_FOREGROUND]
08-01 18:02:55.159  1662  1662 I uc_send_user_broadcast: [0,android.intent.action.USER_SWITCHED]
08-01 18:02:55.166  1662  1935 I am_proc_start: [0,3018,1001,.dataservices,added application,.dataservices]
08-01 18:02:55.169  1662  1723 I am_proc_bound: [0,3018,.dataservices]
08-01 18:02:55.190  1662  1723 I am_uid_active: 1001
08-01 18:02:55.193  1662  1864 I am_uid_running: 10106
08-01 18:02:55.216   596   596 I auditd  : avc:  denied  { find } for pid=3064 uid=10154 name=anti_virus_manager scontext=u:r:vendor_qtidataservices_app:s0:c154,c256,c512,c768 tcontext=u:object_r:anti_virus_manager_service:s0 tclass=service_manager permissive=0
08-01 18:02:55.239  1662  2562 I commit_sys_config_file: [settings-2-0,8]
08-01 18:02:55.259  1662  1935 I am_proc_start: [0,3064,10154,.qtidataservices,added application,.qtidataservices]
08-01 18:02:55.264  1662  2618 I am_proc_bound: [0,3064,.qtidataservices]
08-01 18:02:55.272  1662  2618 I am_uid_active: 10154
08-01 18:02:55.281  1662  1935 I am_proc_start: [0,3103,1001,com.qualcomm.qti.telephonyservice,added application,com.qualcomm.qti.telephonyservice]
08-01 18:02:55.296  1662  2618 I am_uid_running: 10209
08-01 18:02:55.306  1662  1935 I am_proc_start: [0,3128,10171,org.codeaurora.ims,added application,org.codeaurora.ims]
08-01 18:02:55.317  1662  1725 I am_proc_bound: [0,3103,com.qualcomm.qti.telephonyservice]
08-01 18:02:55.337  1662  1935 I am_proc_start: [0,3160,1068,com.android.se,added application,com.android.se]
08-01 18:02:55.340  1662  2616 I am_proc_bound: [0,3128,org.codeaurora.ims]
08-01 18:02:55.345  1662  2616 I am_uid_active: 10171
08-01 18:02:55.378  1662  1935 I am_proc_start: [0,3184,1000,com.heytap.appplatform,added application,com.heytap.appplatform]
08-01 18:02:55.391  1662  2618 I am_proc_bound: [0,3160,com.android.se]
08-01 18:02:55.406  1662  2618 I am_uid_active: 1068
08-01 18:02:55.434  1662  1935 I am_proc_start: [0,3202,10153,com.qualcomm.qti.devicestatisticsservice,added application,com.qualcomm.qti.devicestatisticsservice]
08-01 18:02:55.456  3184  3184 I service_manager_slow: [18,activity]
08-01 18:02:55.457  1662  2616 I am_proc_bound: [0,3184,com.heytap.appplatform]
08-01 18:02:55.470  1662  1935 I am_proc_start: [0,3240,1001,com.oppo.nhs,added application,com.oppo.nhs]
08-01 18:02:55.472  1662  2622 I am_proc_bound: [0,3202,com.qualcomm.qti.devicestatisticsservice]
08-01 18:02:55.476  1662  2622 I am_uid_active: 10153
08-01 18:02:55.480  1662  2621 I am_proc_bound: [0,3240,com.oppo.nhs]
08-01 18:02:55.505  1662  1935 I am_proc_start: [0,3268,10157,.qtidataservices,added application,.qtidataservices]
08-01 18:02:55.523   596   596 I auditd  : avc:  denied  { find } for pid=3268 uid=10157 name=anti_virus_manager scontext=u:r:vendor_qtidataservices_app:s0:c157,c256,c512,c768 tcontext=u:object_r:anti_virus_manager_service:s0 tclass=service_manager permissive=0
08-01 18:02:55.528  1662  2616 I am_proc_bound: [0,3268,.qtidataservices]
08-01 18:02:55.545  1662  2616 I am_uid_active: 10157
08-01 18:02:55.548  1662  1935 I am_proc_start: [0,3300,1001,com.android.phone,added application,com.android.phone]
08-01 18:02:55.554  1662  1725 I am_proc_bound: [0,3300,com.android.phone]
08-01 18:02:55.606  1662  1935 I am_proc_start: [0,3344,10106,com.oppo.launcher,top-activity,{com.oppo.launcher/com.oppo.launcher.Launcher}]
08-01 18:02:55.659  1662  1863 I commit_sys_config_file: [notification-policy,16]
08-01 18:02:55.683  1662  3267 I am_proc_bound: [0,3344,com.oppo.launcher]
08-01 18:02:55.690  1662  3267 I configuration_changed: 16640
08-01 18:02:55.712  1662  3267 I wm_restart_activity: [0,210442508,2,com.oppo.launcher/.Launcher]
08-01 18:02:55.727  1662  3267 I wm_set_resumed_activity: [0,com.oppo.launcher/.Launcher,minimalResumeActivityLocked]
08-01 18:02:55.737  1662  1864 I am_uid_active: 10106
08-01 18:02:55.748  1662  1935 I am_proc_start: [0,3393,10209,com.nearme.statistics.rom,service,{com.nearme.statistics.rom/com.nearme.statistics.rom.service.ReceiverService}]
08-01 18:02:55.759  1662  3249 I am_proc_bound: [0,3393,com.nearme.statistics.rom]
08-01 18:02:55.812  1662  1935 I am_proc_start: [0,3439,1000,com.coloros.persist.system,service,{com.coloros.securitypermission/com.coloros.securitypermission.permission.dialog.PermissionDialogService}]
08-01 18:02:55.828  1662  3267 I am_proc_bound: [0,3439,com.coloros.persist.system]
08-01 18:02:55.879   597   597 I auditd  : avc:  denied  { find } for interface=android.hardware.memtrack::IMemtrack sid=u:r:radio:s0 pid=3240 scontext=u:r:radio:s0 tcontext=u:object_r:hal_memtrack_hwservice:s0 tclass=hwservice_manager permissive=0
08-01 18:02:55.917  1662  1662 I notification_cancel_all: [1000,1662,android,0,0,0,17,NULL]
08-01 18:02:55.919  1662  1662 I am_uid_running: 10222
08-01 18:02:55.942  1662  3504 I am_wtf  : [0,3439,com.coloros.persist.system,818429445,ContextImpl,Data directory doesn't exist for package com.coloros.securitypermission]
08-01 18:02:55.954  1662  1935 I am_proc_start: [0,3506,10222,com.google.android.ext.services,service,{com.google.android.ext.services/android.ext.services.autofill.InlineSuggestionRenderServiceImpl}]
08-01 18:02:55.983  1662  3504 I am_proc_bound: [0,3506,com.google.android.ext.services]
08-01 18:02:55.986  1662  3504 I am_uid_active: 10222
08-01 18:02:56.032  2836  3514 I sysui_multi_action: [757,213,758,4,759,-1]
08-01 18:02:56.062  1662  1935 I am_proc_start: [0,3551,1000,com.coloros.notificationmanager,service,{com.coloros.notificationmanager/com.coloros.notification.NotificationCenterService}]
08-01 18:02:56.096  3439  3439 I service_manager_slow: [28,activity_task]
08-01 18:02:56.101  1662  3267 I am_proc_bound: [0,3551,com.coloros.notificationmanager]
08-01 18:02:56.395   596   596 I auditd  : avc:  denied  { find } for pid=3344 uid=10106 name=hypnus scontext=u:r:priv_app:s0:c512,c768 tcontext=u:object_r:default_android_service:s0 tclass=service_manager permissive=0
08-01 18:02:56.560  1662  1935 I am_proc_start: [0,3717,1001,com.qualcomm.qcrilmsgtunnel,service,{com.qualcomm.qcrilmsgtunnel/com.qualcomm.qcrilmsgtunnel.QcrilMsgTunnelService}]
08-01 18:02:56.568  1662  1928 I am_wtf  : [0,1662,system_server,-1,TrustManagerService,EXTRA_USER_HANDLE missing or invalid, value=0]
08-01 18:02:56.574  1662  1723 I am_proc_bound: [0,3717,com.qualcomm.qcrilmsgtunnel]
08-01 18:02:56.590  3344  3344 I wm_on_create_called: [210442508,com.oppo.launcher.Launcher,performCreate]
08-01 18:02:56.594  3344  3344 I wm_on_start_called: [210442508,com.oppo.launcher.Launcher,handleStartActivity]
08-01 18:02:56.602  3344  3344 I wm_on_resume_called: [210442508,com.oppo.launcher.Launcher,RESUME_ACTIVITY]
08-01 18:02:56.610  3344  3344 I wm_on_top_resumed_gained_called: [210442508,com.oppo.launcher.Launcher,topStateChangedWhenResumed]
08-01 18:02:56.625   596   596 I auditd  : avc:  denied  { find } for pid=2836 uid=10174 name=hypnus scontext=u:r:platform_app:s0:c512,c768 tcontext=u:object_r:default_android_service:s0 tclass=service_manager permissive=0
08-01 18:02:56.778  1662  1864 I boot_progress_enable_screen: 38027
08-01 18:02:56.778  1662  1864 I screen_toggled: 1
08-01 18:02:57.049  1662  1662 I am_uid_running: 10069
08-01 18:02:57.067  1662  1662 I notification_cancel_all: [1000,1662,com.android.systemui,0,0,0,17,NULL]
08-01 18:02:57.073  1662  2622 I wm_set_keyguard_shown: [1,0,0,setKeyguardShown]
08-01 18:02:57.074  1662  2622 I wm_pause_activity: [0,210442508,com.oppo.launcher/.Launcher,userLeaving=false]
08-01 18:02:57.078  1662  2622 I wm_add_to_stopping: [0,210442508,com.oppo.launcher/.Launcher,makeInvisible]
08-01 18:02:57.080  1662  1935 I am_proc_start: [0,3796,10069,com.heytap.cloud,broadcast,{com.heytap.cloud/com.cloud.base.commonsdk.receiver.SyncDataChangedReceiver}]
08-01 18:02:57.093  3344  3344 I wm_on_top_resumed_lost_called: [210442508,com.oppo.launcher.Launcher,topStateChangedWhenResumed]
08-01 18:02:57.096  3344  3344 I wm_on_paused_called: [210442508,com.oppo.launcher.Launcher,performPause]
08-01 18:02:57.098  1662  1864 I sysui_multi_action: [757,1144,758,7,806,com.oppo.launcher,871,com.oppo.launcher.Launcher]
08-01 18:02:57.099  1662  1864 I wm_stop_activity: [0,210442508,com.oppo.launcher/.Launcher]
08-01 18:02:57.116  1662  3416 I am_proc_bound: [0,3796,com.heytap.cloud]
08-01 18:02:57.141  3344  3344 I force_gc: mem
08-01 18:02:57.142  3344  3344 I wm_on_stop_called: [210442508,com.oppo.launcher.Launcher,STOP_ACTIVITY_ITEM]
08-01 18:02:57.143  1662  1864 I sysui_multi_action: [757,803,799,window_time_0,802,9]
08-01 18:02:57.225  1662  2621 I sysui_multi_action: [757,803,799,fingerprintd_openhal_error,802,1]
08-01 18:02:57.233  1662  3678 I sysui_multi_action: [757,803,799,fingerprintd_openhal_error,802,1]
08-01 18:02:57.238  1662  2621 I wm_task_created: [3,-1]
08-01 18:02:57.238  1662  2621 I wm_stack_created: 3
08-01 18:02:57.255  1662  3416 I wm_task_created: [4,-1]
08-01 18:02:57.256  1662  3416 I wm_stack_created: 4
08-01 18:02:57.273   597   597 I auditd  : avc:  denied  { find } for interface=vendor.qti.hardware.perf::IPerf sid=u:r:oppo_backuprestore_app:s0 pid=3796 scontext=u:r:oppo_backuprestore_app:s0 tcontext=u:object_r:vendor_hal_perf_hwservice:s0 tclass=hwservice_manager permissive=0
08-01 18:02:57.275   597   597 I auditd  : avc:  denied  { find } for interface=vendor.qti.hardware.perf::IPerf sid=u:r:oppo_backuprestore_app:s0 pid=3796 scontext=u:r:oppo_backuprestore_app:s0 tcontext=u:object_r:vendor_hal_perf_hwservice:s0 tclass=hwservice_manager permissive=0
08-01 18:02:57.318  1662  2562 I commit_sys_config_file: [settings-0-0,16]
08-01 18:02:57.342  1662  2616 I am_proc_died: [0,3796,com.heytap.cloud,0,11]
08-01 18:02:57.343  1662  2616 I am_uid_stopped: 10069
08-01 18:02:57.343  1662  2616 I am_low_memory: 22
08-01 18:02:57.427  3300  3679 I service_manager_stats: [100,95,38676]
08-01 18:02:57.432  1662  1928 I am_wtf  : [0,0,system_server,-1,WindowManager,Requested window null does not exist]
08-01 18:02:57.609  1662  1947 I am_uid_running: 10127
08-01 18:02:57.630  1662  1935 I am_proc_start: [0,3859,10127,com.oppo.tzupdate,broadcast,{com.oppo.tzupdate/com.oppo.tzupdate.timezone.MccChangeReceiver}]
08-01 18:02:57.643  1662  2616 I am_uid_running: 10152
08-01 18:02:57.657  1662  1935 I am_proc_start: [0,3869,10152,.qtidataservices,service,{vendor.qti.iwlan/vendor.qti.iwlan.QualifiedNetworksServiceImpl}]
08-01 18:02:57.679  1662  2621 I am_proc_bound: [0,3859,com.oppo.tzupdate]
08-01 18:02:57.683   596   596 I auditd  : avc:  denied  { find } for pid=3869 uid=10152 name=anti_virus_manager scontext=u:r:vendor_qtidataservices_app:s0:c152,c256,c512,c768 tcontext=u:object_r:anti_virus_manager_service:s0 tclass=service_manager permissive=0
08-01 18:02:57.696  1662  3416 I am_proc_bound: [0,3869,.qtidataservices]
08-01 18:02:57.698  1662  3416 I am_uid_active: 10152
08-01 18:02:58.193  1662  3761 I am_uid_running: 10109
08-01 18:02:58.213  1662  1935 I am_proc_start: [0,3926,10109,com.coloros.exserviceui,service,{com.coloros.exserviceui/com.coloros.exserviceui.OppoDragWindowService}]
08-01 18:02:58.232  1662  2568 I am_proc_bound: [0,3926,com.coloros.exserviceui]
08-01 18:02:58.234  1662  2568 I am_uid_active: 10109
08-01 18:02:58.408   596   596 I auditd  : avc:  denied  { find } for pid=3926 uid=10109 name=hypnus scontext=u:r:platform_app:s0:c512,c768 tcontext=u:object_r:default_android_service:s0 tclass=service_manager permissive=0
08-01 18:02:58.553  2836  2836 I sysui_multi_action: [757,111,758,1]
08-01 18:02:58.554  2836  2836 I sysui_multi_action: [757,126,758,1,759,126,927,0,928,0,1593,0]
08-01 18:02:58.554  2836  2836 I sysui_multi_action: [757,115,758,1,759,115,927,1,928,0,1593,0]
08-01 18:02:58.554  2836  2836 I sysui_multi_action: [757,119,758,1,759,119,927,2,928,0,1593,0]
08-01 18:02:58.554  2836  2836 I sysui_multi_action: [757,113,758,1,759,113,927,3,928,0,1593,0]
08-01 18:02:58.554  2836  2836 I sysui_multi_action: [757,119,758,1,759,119,927,4,928,0,1593,0]
08-01 18:02:58.554  2836  2836 I sysui_multi_action: [757,122,758,1,759,122,927,5,928,0,1593,0]
08-01 18:02:58.608  1662  2616 I service_manager_stats: [503,303,5245]
08-01 18:02:58.618  1662  3504 I sysui_multi_action: [757,127,758,1]
08-01 18:02:58.618  1662  3504 I sysui_multi_action: [757,804,799,note_load,801,0,802,1]
08-01 18:02:58.618  1662  3504 I notification_panel_revealed: 0
08-01 18:02:58.621  2836  2836 I sysui_multi_action: [757,196,758,1,759,0]
08-01 18:02:58.621  2836  2836 I sysui_status_bar_state: [1,1,0,0,0,1]
08-01 18:02:58.625  1662  2616 I sysui_multi_action: [757,803,799,fingerprintd_openhal_error,802,1]
08-01 18:02:58.681  1662  1864 I user_activity_timeout_override: 10000
08-01 18:02:58.756   596   596 I auditd  : avc:  denied  { find } for pid=3300 uid=1001 name=hypnus scontext=u:r:radio:s0 tcontext=u:object_r:default_android_service:s0 tclass=service_manager permissive=0
08-01 18:02:58.774  1662  1947 I am_uid_running: 10062
08-01 18:02:58.792   596   596 I auditd  : avc:  denied  { find } for pid=3300 uid=1001 name=hypnus scontext=u:r:radio:s0 tcontext=u:object_r:default_android_service:s0 tclass=service_manager permissive=0
08-01 18:02:58.802  1662  1935 I am_proc_start: [0,3995,10062,com.coloros.findmyphone,broadcast,{com.coloros.findmyphone/com.coloros.findmyphone.receiver.FindPhoneCommonReceiver}]
08-01 18:02:58.845  1662  2622 I am_proc_bound: [0,3995,com.coloros.findmyphone]
08-01 18:02:58.875  1662  1947 I am_uid_running: 10201
08-01 18:02:58.904  1662  1935 I am_proc_start: [0,4021,10201,com.google.android.gms.persistent,broadcast,{com.google.android.gms/com.google.android.gms.chimera.GmsIntentOperationService$PersistentTrustedReceiver}]
08-01 18:02:58.938  1662  1723 I am_proc_bound: [0,4021,com.google.android.gms.persistent]
08-01 18:02:59.047   986  1721 I sf_stop_bootanim: 40297
08-01 18:02:59.068   597   597 I auditd  : avc:  denied  { find } for interface=vendor.qti.hardware.perf::IPerf sid=u:r:gmscore_app:s0:c512,c768 pid=4021 scontext=u:r:gmscore_app:s0:c512,c768 tcontext=u:object_r:vendor_hal_perf_hwservice:s0 tclass=hwservice_manager permissive=0
08-01 18:02:59.068   597   597 I auditd  : avc:  denied  { find } for interface=vendor.qti.hardware.perf::IPerf sid=u:r:gmscore_app:s0:c512,c768 pid=4021 scontext=u:r:gmscore_app:s0:c512,c768 tcontext=u:object_r:vendor_hal_perf_hwservice:s0 tclass=hwservice_manager permissive=0
08-01 18:02:59.100  1662  1864 I wm_boot_animation_done: 40350
08-01 18:02:59.129  1662  1947 I am_uid_running: 10220
08-01 18:02:59.132  3300  3844 I service_manager_slow: [10,phone]
08-01 18:02:59.139  1662  1662 I am_uid_running: 10077
08-01 18:02:59.159  1662  1935 I am_proc_start: [0,4072,10220,com.google.android.cellbroadcastreceiver,broadcast,{com.google.android.cellbroadcastreceiver/com.android.cellbroadcastreceiver.CellBroadcastReceiver}]
08-01 18:02:59.174  1662  1935 I am_proc_start: [0,4079,10077,android.process.acore,content provider,{com.android.providers.blockednumber/com.android.providers.blockednumber.BlockedNumberProvider}]
08-01 18:02:59.215  1662  1864 I uc_finish_user_boot: 0
08-01 18:02:59.215  1662  1864 I am_user_state_changed: [0,1]
08-01 18:02:59.217  1662  1864 I uc_send_user_broadcast: [0,android.intent.action.LOCKED_BOOT_COMPLETED]
08-01 18:02:59.275  1662  1864 I uc_finish_user_unlocking: 0
08-01 18:02:59.277  1662  1928 I am_wtf  : [0,1662,system_server,-1,UserspaceRebootLogger,Userspace reboot is not supported.]
08-01 18:02:59.279  1662  2622 I am_proc_bound: [0,4079,android.process.acore]
08-01 18:02:59.293  1662  2622 I am_uid_active: 10077
08-01 18:02:59.295  1662  1947 I am_uid_running: 10183
08-01 18:02:59.297  1662  1935 I am_proc_start: [0,4117,1000,com.coloros.deepthinker,on-hold,]
08-01 18:02:59.299  1662  3666 I am_proc_bound: [0,4072,com.google.android.cellbroadcastreceiver]
08-01 18:02:59.304  1662  1723 I am_proc_bound: [0,4117,com.coloros.deepthinker]
08-01 18:02:59.336  1662  1935 I am_proc_start: [0,4155,10183,com.coloros.gesture,broadcast,{com.coloros.gesture/com.coloros.gesture.receiver.OppoGestureReceiver}]
08-01 18:02:59.413  1662  2562 I commit_sys_config_file: [settings-1-0,43]
08-01 18:02:59.428  1662  1723 I am_proc_bound: [0,4155,com.coloros.gesture]
08-01 18:02:59.508  1662  1861 I am_user_state_changed: [0,2]
08-01 18:02:59.509  3300  3300 I service_manager_slow: [10,carrier_config]
08-01 18:02:59.617  1662  1928 I uc_finish_user_unlocked: 0
08-01 18:02:59.618  1662  1928 I am_user_state_changed: [0,3]
08-01 18:02:59.620  1662  1861 I wm_task_created: [175,-1]
08-01 18:02:59.620  1662  1861 I wm_stack_created: 175
08-01 18:02:59.621     1     1 I auditd  : type=1107 audit(0.0:31): uid=0 auid=4294967295 ses=4294967295 subj=u:r:init:s0 msg='avc: denied { set } for property=persist.oppo.fbe_0_src pid=4220 uid=0 gid=0 scontext=u:r:system_self_init:s0 tcontext=u:object_r:default_prop:s0 tclass=property_service permissive=0'
08-01 18:02:59.623  1662  1861 I wm_task_created: [169,-1]
08-01 18:02:59.623  1662  1861 I wm_stack_created: 169
08-01 18:02:59.624  1662  1861 I wm_task_created: [182,-1]
08-01 18:02:59.624  1662  1861 I wm_stack_created: 182
08-01 18:02:59.643  1662  1861 I wm_task_created: [160,-1]
08-01 18:02:59.643  1662  1861 I wm_stack_created: 160
08-01 18:02:59.644  1662  1861 I wm_task_created: [217,-1]
08-01 18:02:59.644  1662  1861 I wm_stack_created: 217
08-01 18:02:59.645  1662  1861 I wm_task_created: [163,-1]
08-01 18:02:59.645  1662  1861 I wm_stack_created: 163
08-01 18:02:59.646  1662  1861 I wm_task_created: [185,-1]
08-01 18:02:59.646  1662  1861 I wm_stack_created: 185
08-01 18:02:59.647  1662  1861 I wm_task_created: [192,-1]
08-01 18:02:59.647  1662  1861 I wm_stack_created: 192
08-01 18:02:59.647  1662  1861 I wm_task_created: [193,-1]
08-01 18:02:59.648  1662  1861 I wm_stack_created: 193
08-01 18:02:59.648  1662  1861 I wm_task_created: [210,-1]
08-01 18:02:59.648  1662  1861 I wm_stack_created: 210
08-01 18:02:59.653  1662  1861 I wm_task_created: [216,-1]
08-01 18:02:59.653  1662  1861 I wm_stack_created: 216
08-01 18:02:59.655  1662  1861 I wm_task_created: [178,-1]
08-01 18:02:59.655  1662  1861 I wm_stack_created: 178
08-01 18:02:59.656  1662  1861 I wm_task_created: [194,-1]
08-01 18:02:59.656  1662  1861 I wm_stack_created: 194
08-01 18:02:59.666  1662  1861 I wm_task_created: [202,-1]
08-01 18:02:59.666  1662  1861 I wm_stack_created: 202
08-01 18:02:59.690  1662  1861 I wm_task_created: [215,-1]
08-01 18:02:59.690  1662  1861 I wm_stack_created: 215
08-01 18:02:59.693  1662  1861 I wm_task_created: [189,-1]
08-01 18:02:59.693  1662  1861 I wm_stack_created: 189
08-01 18:02:59.699  1662  1861 I wm_task_created: [212,-1]
08-01 18:02:59.699  1662  1861 I wm_stack_created: 212
08-01 18:02:59.700  1662  1861 I wm_task_created: [218,-1]
08-01 18:02:59.700  1662  1861 I wm_stack_created: 218
08-01 18:02:59.714  1662  1928 I am_uid_running: 10159
08-01 18:02:59.717  1662  1928 I am_uid_running: 1027
08-01 18:02:59.724  1662  1928 I am_uid_running: 10197
08-01 18:02:59.726  1662  1928 I am_uid_running: 10164
08-01 18:02:59.730  1662  1935 I am_proc_start: [0,4233,10201,com.google.process.gservices,content provider,{com.google.android.gsf/com.google.android.gsf.gservices.GservicesProvider}]
08-01 18:02:59.734  1662  2600 I am_uid_running: 10227
08-01 18:02:59.739  1662  2621 I am_proc_bound: [0,4233,com.google.process.gservices]
08-01 18:02:59.774  1662  2605 I service_manager_slow: [20,android.security.keystore]
08-01 18:02:59.791  1662  1928 I uc_send_user_broadcast: [0,android.intent.action.USER_UNLOCKED]
08-01 18:02:59.802  1662  1935 I am_proc_start: [0,4266,10159,com.dolby.daxservice,added application,com.dolby.daxservice]
08-01 18:02:59.820  1662  1928 I uc_finish_user_unlocked_completed: 0
08-01 18:02:59.845  1662  1935 I am_proc_start: [0,4296,1027,com.android.nfc,added application,com.android.nfc]
08-01 18:02:59.857     1     1 I auditd  : type=1107 audit(0.0:32): uid=0 auid=4294967295 ses=4294967295 subj=u:r:init:s0 msg='avc: denied { set } for property=com.oppo.decrypt pid=4293 uid=0 gid=0 scontext=u:r:oppodebugtool:s0 tcontext=u:object_r:default_prop:s0 tclass=property_service permissive=0'
08-01 18:02:59.869  1662  2616 I am_proc_bound: [0,4266,com.dolby.daxservice]
08-01 18:02:59.873  1662  2616 I am_uid_active: 10159
08-01 18:02:59.877  4296  4296 I service_manager_slow: [13,activity]
08-01 18:02:59.883  1662  3755 I am_proc_bound: [0,4296,com.android.nfc]
08-01 18:02:59.889  1662  3755 I am_uid_active: 1027
08-01 18:02:59.985  1662  1935 I am_proc_start: [0,4331,1000,com.oppo.multimedia.dolby,added application,com.oppo.multimedia.dolby]
08-01 18:03:00.008  1662  2618 I am_proc_bound: [0,4331,com.oppo.multimedia.dolby]
08-01 18:03:00.016  3344  3344 I force_gc: mem
08-01 18:03:00.033   596   596 I auditd  : avc:  denied  { find } for pid=2802 uid=1000 name=anti_virus_manager scontext=u:r:color_system_service_app:s0 tcontext=u:object_r:anti_virus_manager_service:s0 tclass=service_manager permissive=0
08-01 18:03:00.056  1662  1935 I am_proc_start: [0,4365,1000,com.oppo.ovoicemanager,added application,com.oppo.ovoicemanager]
08-01 18:03:00.073  4021  4021 I binder_sample: [android.app.IActivityManager,23,546,com.google.android.gms.persistent,100]
08-01 18:03:00.096  4365  4365 I service_manager_slow: [16,activity]
08-01 18:03:00.097  1662  3666 I am_proc_bound: [0,4365,com.oppo.ovoicemanager]
08-01 18:03:00.143  1662  1935 I am_proc_start: [0,4393,10197,com.qualcomm.qti.workloadclassifier,added application,com.qualcomm.qti.workloadclassifier]
08-01 18:03:00.146  1662  2568 I am_uid_running: 10137
08-01 18:03:00.152  1662  1723 I am_proc_bound: [0,4393,com.qualcomm.qti.workloadclassifier]
08-01 18:03:00.158  1662  1723 I am_uid_active: 10197
08-01 18:03:00.192   596   596 I auditd  : avc:  denied  { find } for pid=4427 uid=10164 name=anti_virus_manager scontext=u:r:vendor_location_app:s0 tcontext=u:object_r:anti_virus_manager_service:s0 tclass=service_manager permissive=0
08-01 18:03:00.229  1662  1935 I am_proc_start: [0,4427,10164,com.qualcomm.location,added application,com.qualcomm.location]
08-01 18:03:00.237  1662  2616 I am_proc_bound: [0,4427,com.qualcomm.location]
08-01 18:03:00.239  1662  1863 I commit_sys_config_file: [jobs,6]
08-01 18:03:00.253  1662  2616 I am_uid_active: 10164
08-01 18:03:00.332  1662  1935 I am_proc_start: [0,4460,1000,com.coloros.persist.multimedia,added application,com.coloros.persist.multimedia]
08-01 18:03:00.346  1662  2616 I am_proc_bound: [0,4460,com.coloros.persist.multimedia]
08-01 18:03:00.415   596   596 I auditd  : avc:  denied  { find } for pid=4486 uid=10227 name=anti_virus_manager scontext=u:r:mediaprovider_app:s0:c227,c256,c512,c768 tcontext=u:object_r:anti_virus_manager_service:s0 tclass=service_manager permissive=0
08-01 18:03:00.465  1662  3416 I am_uid_active: 10183
08-01 18:03:00.470  1662  1935 I am_proc_start: [0,4486,10227,com.google.android.providers.media.module,service,{com.google.android.providers.media.module/com.android.providers.media.fuse.ExternalStorageServiceImpl}]
08-01 18:03:00.471  1662  1725 I am_proc_bound: [0,4486,com.google.android.providers.media.module]
08-01 18:03:00.480  1662  1725 I am_uid_active: 10227
08-01 18:03:00.510  1662  1935 I am_proc_start: [0,4515,1000,com.android.keychain,service,{com.android.keychain/com.android.keychain.KeyChainService}]
08-01 18:03:00.512  1662  2568 I am_uid_running: 10210
08-01 18:03:00.517  1662  1723 I am_uid_running: 10139
08-01 18:03:00.551  4460  4460 I service_manager_slow: [19,vendor.perfservice]
08-01 18:03:00.553   596   596 I auditd  : avc:  denied  { find } for pid=2802 uid=1000 name=activity_task scontext=u:r:color_system_service_app:s0 tcontext=u:object_r:activity_task_service:s0 tclass=service_manager permissive=0
08-01 18:03:00.558  1662  1935 I am_proc_start: [0,4541,1000,com.coloros.smartsidebar:edgepanel,service,{com.coloros.smartsidebar/com.coloros.edgepanel.service.EdgePanelService}]
08-01 18:03:00.581  4515  4515 I service_manager_slow: [44,activity]
08-01 18:03:00.590  1662  2616 I am_proc_bound: [0,4515,com.android.keychain]
08-01 18:03:00.595   597   597 I auditd  : avc:  denied  { find } for interface=vendor.qti.hardware.perf::IPerf sid=u:r:mediaprovider_app:s0:c227,c256,c512,c768 pid=4486 scontext=u:r:mediaprovider_app:s0:c227,c256,c512,c768 tcontext=u:object_r:vendor_hal_perf_hwservice:s0 tclass=hwservice_manager permissive=0
08-01 18:03:00.596   597   597 I auditd  : avc:  denied  { find } for interface=vendor.qti.hardware.perf::IPerf sid=u:r:mediaprovider_app:s0:c227,c256,c512,c768 pid=4486 scontext=u:r:mediaprovider_app:s0:c227,c256,c512,c768 tcontext=u:object_r:vendor_hal_perf_hwservice:s0 tclass=hwservice_manager permissive=0
08-01 18:03:00.603  1662  1935 I am_proc_start: [0,4568,10137,com.heytap.pictorial,service,{com.heytap.pictorial/com.heytap.pictorial.KeepAliveService}]
08-01 18:03:00.607  1662  3761 I am_proc_bound: [0,4541,com.coloros.smartsidebar:edgepanel]
08-01 18:03:00.626  4460  4460 I liblog  : 528
